Archive member included because of file (symbol)

.\CortexM0\ARM_GCC_493\Debug\rfid.a(cyfitter_cfg.o)
                              .\CortexM0\ARM_GCC_493\Debug\Cm0Start.o (cyfitter_cfg)
.\CortexM0\ARM_GCC_493\Debug\rfid.a(CyLib.o)
                              .\CortexM0\ARM_GCC_493\Debug\rfid.a(cyfitter_cfg.o) (CyIntEnable)
.\CortexM0\ARM_GCC_493\Debug\rfid.a(CyLFClk.o)
                              .\CortexM0\ARM_GCC_493\Debug\rfid.a(cyfitter_cfg.o) (CySysWdtIsr)
.\CortexM0\ARM_GCC_493\Debug\rfid.a(i2c.o)
                              .\CortexM0\ARM_GCC_493\Debug\main.o (i2c_Start)
.\CortexM0\ARM_GCC_493\Debug\rfid.a(i2c_I2C.o)
                              .\CortexM0\ARM_GCC_493\Debug\rfid.a(i2c.o) (i2c_I2CInit)
.\CortexM0\ARM_GCC_493\Debug\rfid.a(i2c_I2C_SLAVE.o)
                              .\CortexM0\ARM_GCC_493\Debug\rfid.a(i2c_I2C.o) (i2c_slStatus)
.\CortexM0\ARM_GCC_493\Debug\rfid.a(CyBootAsmGnu.o)
                              .\CortexM0\ARM_GCC_493\Debug\rfid.a(CyLib.o) (CyDelayCycles)
.\CortexM0\ARM_GCC_493\Debug\rfid.a(i2c_I2C_INT.o)
                              .\CortexM0\ARM_GCC_493\Debug\rfid.a(i2c_I2C.o) (i2c_I2C_ISR)
c:/program files (x86)/cypress/psoc creator/3.3/psoc creator/import/gnu/arm/4.9.3/bin/../lib/gcc/arm-none-eabi/4.9.3/armv6-m\libgcc.a(_udivsi3.o)
                              .\CortexM0\ARM_GCC_493\Debug\rfid.a(CyLib.o) (__aeabi_uidiv)
c:/program files (x86)/cypress/psoc creator/3.3/psoc creator/import/gnu/arm/4.9.3/bin/../lib/gcc/arm-none-eabi/4.9.3/armv6-m\libgcc.a(_dvmd_tls.o)
                              c:/program files (x86)/cypress/psoc creator/3.3/psoc creator/import/gnu/arm/4.9.3/bin/../lib/gcc/arm-none-eabi/4.9.3/armv6-m\libgcc.a(_udivsi3.o) (__aeabi_idiv0)
c:/program files (x86)/cypress/psoc creator/3.3/psoc creator/import/gnu/arm/4.9.3/bin/../lib/gcc/arm-none-eabi/4.9.3/../../../../arm-none-eabi/lib/armv6-m\libg_nano.a(lib_a-errno.o)
                              .\CortexM0\ARM_GCC_493\Debug\Cm0Start.o (__errno)
c:/program files (x86)/cypress/psoc creator/3.3/psoc creator/import/gnu/arm/4.9.3/bin/../lib/gcc/arm-none-eabi/4.9.3/../../../../arm-none-eabi/lib/armv6-m\libg_nano.a(lib_a-exit.o)
                              c:/program files (x86)/cypress/psoc creator/3.3/psoc creator/import/gnu/arm/4.9.3/bin/../lib/gcc/arm-none-eabi/4.9.3/../../../../arm-none-eabi/lib/armv6-m/crt0.o (exit)
c:/program files (x86)/cypress/psoc creator/3.3/psoc creator/import/gnu/arm/4.9.3/bin/../lib/gcc/arm-none-eabi/4.9.3/../../../../arm-none-eabi/lib/armv6-m\libg_nano.a(lib_a-impure.o)
                              c:/program files (x86)/cypress/psoc creator/3.3/psoc creator/import/gnu/arm/4.9.3/bin/../lib/gcc/arm-none-eabi/4.9.3/../../../../arm-none-eabi/lib/armv6-m\libg_nano.a(lib_a-exit.o) (_global_impure_ptr)
c:/program files (x86)/cypress/psoc creator/3.3/psoc creator/import/gnu/arm/4.9.3/bin/../lib/gcc/arm-none-eabi/4.9.3/../../../../arm-none-eabi/lib/armv6-m\libg_nano.a(lib_a-init.o)
                              c:/program files (x86)/cypress/psoc creator/3.3/psoc creator/import/gnu/arm/4.9.3/bin/../lib/gcc/arm-none-eabi/4.9.3/../../../../arm-none-eabi/lib/armv6-m/crt0.o (__libc_init_array)
c:/program files (x86)/cypress/psoc creator/3.3/psoc creator/import/gnu/arm/4.9.3/bin/../lib/gcc/arm-none-eabi/4.9.3/../../../../arm-none-eabi/lib/armv6-m\libg_nano.a(lib_a-memset.o)
                              c:/program files (x86)/cypress/psoc creator/3.3/psoc creator/import/gnu/arm/4.9.3/bin/../lib/gcc/arm-none-eabi/4.9.3/../../../../arm-none-eabi/lib/armv6-m/crt0.o (memset)

Allocating common symbols
Common symbol       size              file

i2c_slOverFlowCount
                    0x1               .\CortexM0\ARM_GCC_493\Debug\rfid.a(i2c_I2C_SLAVE.o)
i2c_slWrBufIndex    0x4               .\CortexM0\ARM_GCC_493\Debug\rfid.a(i2c_I2C_SLAVE.o)
i2c_state           0x1               .\CortexM0\ARM_GCC_493\Debug\rfid.a(i2c_I2C.o)
i2c_slRdBufSize     0x4               .\CortexM0\ARM_GCC_493\Debug\rfid.a(i2c_I2C_SLAVE.o)
i2c_slStatus        0x1               .\CortexM0\ARM_GCC_493\Debug\rfid.a(i2c_I2C_SLAVE.o)
i2c_slRdBufPtr      0x4               .\CortexM0\ARM_GCC_493\Debug\rfid.a(i2c_I2C_SLAVE.o)
i2c_slRdBufIndexTmp
                    0x4               .\CortexM0\ARM_GCC_493\Debug\rfid.a(i2c_I2C_SLAVE.o)
i2c_slWrBufSize     0x4               .\CortexM0\ARM_GCC_493\Debug\rfid.a(i2c_I2C_SLAVE.o)
i2c_slWrBufPtr      0x4               .\CortexM0\ARM_GCC_493\Debug\rfid.a(i2c_I2C_SLAVE.o)
i2c_slRdBufIndex    0x4               .\CortexM0\ARM_GCC_493\Debug\rfid.a(i2c_I2C_SLAVE.o)

Discarded input sections

 .text          0x00000000        0x0 c:/program files (x86)/cypress/psoc creator/3.3/psoc creator/import/gnu/arm/4.9.3/bin/../lib/gcc/arm-none-eabi/4.9.3/armv6-m/crti.o
 .data          0x00000000        0x0 c:/program files (x86)/cypress/psoc creator/3.3/psoc creator/import/gnu/arm/4.9.3/bin/../lib/gcc/arm-none-eabi/4.9.3/armv6-m/crti.o
 .bss           0x00000000        0x0 c:/program files (x86)/cypress/psoc creator/3.3/psoc creator/import/gnu/arm/4.9.3/bin/../lib/gcc/arm-none-eabi/4.9.3/armv6-m/crti.o
 .data          0x00000000        0x4 c:/program files (x86)/cypress/psoc creator/3.3/psoc creator/import/gnu/arm/4.9.3/bin/../lib/gcc/arm-none-eabi/4.9.3/armv6-m/crtbegin.o
 .text          0x00000000       0x78 c:/program files (x86)/cypress/psoc creator/3.3/psoc creator/import/gnu/arm/4.9.3/bin/../lib/gcc/arm-none-eabi/4.9.3/../../../../arm-none-eabi/lib/armv6-m/crt0.o
 .data          0x00000000        0x0 c:/program files (x86)/cypress/psoc creator/3.3/psoc creator/import/gnu/arm/4.9.3/bin/../lib/gcc/arm-none-eabi/4.9.3/../../../../arm-none-eabi/lib/armv6-m/crt0.o
 .bss           0x00000000        0x0 c:/program files (x86)/cypress/psoc creator/3.3/psoc creator/import/gnu/arm/4.9.3/bin/../lib/gcc/arm-none-eabi/4.9.3/../../../../arm-none-eabi/lib/armv6-m/crt0.o
 .ARM.extab     0x00000000        0x0 c:/program files (x86)/cypress/psoc creator/3.3/psoc creator/import/gnu/arm/4.9.3/bin/../lib/gcc/arm-none-eabi/4.9.3/../../../../arm-none-eabi/lib/armv6-m/crt0.o
 .ARM.exidx     0x00000000        0x8 c:/program files (x86)/cypress/psoc creator/3.3/psoc creator/import/gnu/arm/4.9.3/bin/../lib/gcc/arm-none-eabi/4.9.3/../../../../arm-none-eabi/lib/armv6-m/crt0.o
 .text          0x00000000        0x0 .\CortexM0\ARM_GCC_493\Debug\main.o
 .data          0x00000000        0x0 .\CortexM0\ARM_GCC_493\Debug\main.o
 .bss           0x00000000        0x0 .\CortexM0\ARM_GCC_493\Debug\main.o
 .text          0x00000000        0x0 .\CortexM0\ARM_GCC_493\Debug\cymetadata.o
 .data          0x00000000        0x0 .\CortexM0\ARM_GCC_493\Debug\cymetadata.o
 .bss           0x00000000        0x0 .\CortexM0\ARM_GCC_493\Debug\cymetadata.o
 .text          0x00000000        0x0 .\CortexM0\ARM_GCC_493\Debug\Cm0Start.o
 .data          0x00000000        0x4 .\CortexM0\ARM_GCC_493\Debug\Cm0Start.o
 .bss           0x00000000        0x0 .\CortexM0\ARM_GCC_493\Debug\Cm0Start.o
 .text._exit    0x00000000        0xc .\CortexM0\ARM_GCC_493\Debug\Cm0Start.o
 .text._sbrk    0x00000000       0x30 .\CortexM0\ARM_GCC_493\Debug\Cm0Start.o
 .text          0x00000000        0x0 .\CortexM0\ARM_GCC_493\Debug\rfid.a(cyfitter_cfg.o)
 .data          0x00000000        0x0 .\CortexM0\ARM_GCC_493\Debug\rfid.a(cyfitter_cfg.o)
 .bss           0x00000000        0x0 .\CortexM0\ARM_GCC_493\Debug\rfid.a(cyfitter_cfg.o)
 .text          0x00000000        0x0 .\CortexM0\ARM_GCC_493\Debug\rfid.a(CyLib.o)
 .bss           0x00000000       0x18 .\CortexM0\ARM_GCC_493\Debug\rfid.a(CyLib.o)
 .text.CySysClkImoStart
                0x00000000       0x14 .\CortexM0\ARM_GCC_493\Debug\rfid.a(CyLib.o)
 .text.CySysClkImoStop
                0x00000000       0x10 .\CortexM0\ARM_GCC_493\Debug\rfid.a(CyLib.o)
 .text.CySysClkWriteHfclkDirect
                0x00000000       0x20 .\CortexM0\ARM_GCC_493\Debug\rfid.a(CyLib.o)
 .text.CySysClkGetSysclkSource
                0x00000000       0x1c .\CortexM0\ARM_GCC_493\Debug\rfid.a(CyLib.o)
 .text.CySysClkWriteSysclkDiv
                0x00000000       0x28 .\CortexM0\ARM_GCC_493\Debug\rfid.a(CyLib.o)
 .text.CySysLvdDisable
                0x00000000       0x20 .\CortexM0\ARM_GCC_493\Debug\rfid.a(CyLib.o)
 .text.CySysLvdGetInterruptSource
                0x00000000       0x10 .\CortexM0\ARM_GCC_493\Debug\rfid.a(CyLib.o)
 .text.CySysLvdClearInterrupt
                0x00000000        0xc .\CortexM0\ARM_GCC_493\Debug\rfid.a(CyLib.o)
 .text.CySysGetResetReason
                0x00000000       0x14 .\CortexM0\ARM_GCC_493\Debug\rfid.a(CyLib.o)
 .text.CyDisableInts
                0x00000000       0x10 .\CortexM0\ARM_GCC_493\Debug\rfid.a(CyLib.o)
 .text.CyEnableInts
                0x00000000        0xc .\CortexM0\ARM_GCC_493\Debug\rfid.a(CyLib.o)
 .text.CyIntGetState
                0x00000000       0x18 .\CortexM0\ARM_GCC_493\Debug\rfid.a(CyLib.o)
 .text.CyIntSetPending
                0x00000000       0x14 .\CortexM0\ARM_GCC_493\Debug\rfid.a(CyLib.o)
 .text.CyIntClearPending
                0x00000000       0x14 .\CortexM0\ARM_GCC_493\Debug\rfid.a(CyLib.o)
 .text.CyIntSetSysVector
                0x00000000       0x20 .\CortexM0\ARM_GCC_493\Debug\rfid.a(CyLib.o)
 .text.CyIntGetSysVector
                0x00000000       0x1c .\CortexM0\ARM_GCC_493\Debug\rfid.a(CyLib.o)
 .text.CyIntGetVector
                0x00000000       0x20 .\CortexM0\ARM_GCC_493\Debug\rfid.a(CyLib.o)
 .text.CyIntGetPriority
                0x00000000       0x2c .\CortexM0\ARM_GCC_493\Debug\rfid.a(CyLib.o)
 .text.CySoftwareReset
                0x00000000       0x18 .\CortexM0\ARM_GCC_493\Debug\rfid.a(CyLib.o)
 .text.CyDelay  0x00000000       0x30 .\CortexM0\ARM_GCC_493\Debug\rfid.a(CyLib.o)
 .text.CySysLvdEnable
                0x00000000       0x44 .\CortexM0\ARM_GCC_493\Debug\rfid.a(CyLib.o)
 .text.CyDelayFreq
                0x00000000       0x4c .\CortexM0\ARM_GCC_493\Debug\rfid.a(CyLib.o)
 .text.CySysTickStop
                0x00000000       0x10 .\CortexM0\ARM_GCC_493\Debug\rfid.a(CyLib.o)
 .text.CySysTickEnableInterrupt
                0x00000000       0x10 .\CortexM0\ARM_GCC_493\Debug\rfid.a(CyLib.o)
 .text.CySysTickEnable
                0x00000000       0x18 .\CortexM0\ARM_GCC_493\Debug\rfid.a(CyLib.o)
 .text.CySysTickDisableInterrupt
                0x00000000       0x10 .\CortexM0\ARM_GCC_493\Debug\rfid.a(CyLib.o)
 .text.CySysTickSetReload
                0x00000000       0x10 .\CortexM0\ARM_GCC_493\Debug\rfid.a(CyLib.o)
 .text.CySysTickGetReload
                0x00000000       0x10 .\CortexM0\ARM_GCC_493\Debug\rfid.a(CyLib.o)
 .text.CySysTickGetValue
                0x00000000       0x10 .\CortexM0\ARM_GCC_493\Debug\rfid.a(CyLib.o)
 .text.CySysTickGetCountFlag
                0x00000000       0x10 .\CortexM0\ARM_GCC_493\Debug\rfid.a(CyLib.o)
 .text.CySysTickServiceCallbacks
                0x00000000       0x28 .\CortexM0\ARM_GCC_493\Debug\rfid.a(CyLib.o)
 .text.CySysTickClear
                0x00000000        0xc .\CortexM0\ARM_GCC_493\Debug\rfid.a(CyLib.o)
 .text.CySysTickInit
                0x00000000       0x44 .\CortexM0\ARM_GCC_493\Debug\rfid.a(CyLib.o)
 .text.CySysTickStart
                0x00000000       0x20 .\CortexM0\ARM_GCC_493\Debug\rfid.a(CyLib.o)
 .text.CySysTickSetCallback
                0x00000000       0x10 .\CortexM0\ARM_GCC_493\Debug\rfid.a(CyLib.o)
 .text.CySysTickGetCallback
                0x00000000        0xc .\CortexM0\ARM_GCC_493\Debug\rfid.a(CyLib.o)
 .text.CyGetUniqueId
                0x00000000       0x70 .\CortexM0\ARM_GCC_493\Debug\rfid.a(CyLib.o)
 .text          0x00000000        0x0 .\CortexM0\ARM_GCC_493\Debug\rfid.a(CyLFClk.o)
 .text.CySysClkIloEnabled
                0x00000000       0x14 .\CortexM0\ARM_GCC_493\Debug\rfid.a(CyLFClk.o)
 .text.CySysClkIloStart
                0x00000000       0x14 .\CortexM0\ARM_GCC_493\Debug\rfid.a(CyLFClk.o)
 .text.CySysWdtGetEnabledStatus
                0x00000000       0x24 .\CortexM0\ARM_GCC_493\Debug\rfid.a(CyLFClk.o)
 .text.CySysWdtSetMode
                0x00000000       0x38 .\CortexM0\ARM_GCC_493\Debug\rfid.a(CyLFClk.o)
 .text.CySysClkLfclkPosedgeRestore
                0x00000000       0x2c .\CortexM0\ARM_GCC_493\Debug\rfid.a(CyLFClk.o)
 .text.CySysWdtGetMode
                0x00000000       0x14 .\CortexM0\ARM_GCC_493\Debug\rfid.a(CyLFClk.o)
 .text.CySysWdtSetClearOnMatch
                0x00000000       0x38 .\CortexM0\ARM_GCC_493\Debug\rfid.a(CyLFClk.o)
 .text.CySysWdtGetClearOnMatch
                0x00000000       0x24 .\CortexM0\ARM_GCC_493\Debug\rfid.a(CyLFClk.o)
 .text.CySysWdtEnable
                0x00000000       0x40 .\CortexM0\ARM_GCC_493\Debug\rfid.a(CyLFClk.o)
 .text.CySysWdtDisable
                0x00000000       0x44 .\CortexM0\ARM_GCC_493\Debug\rfid.a(CyLFClk.o)
 .text.CySysWdtSetCascade
                0x00000000       0x34 .\CortexM0\ARM_GCC_493\Debug\rfid.a(CyLFClk.o)
 .text.CySysWdtGetCascade
                0x00000000       0x14 .\CortexM0\ARM_GCC_493\Debug\rfid.a(CyLFClk.o)
 .text.CySysWdtSetMatch
                0x00000000       0x3c .\CortexM0\ARM_GCC_493\Debug\rfid.a(CyLFClk.o)
 .text.CySysWdtSetToggleBit
                0x00000000       0x2c .\CortexM0\ARM_GCC_493\Debug\rfid.a(CyLFClk.o)
 .text.CySysWdtGetToggleBit
                0x00000000       0x10 .\CortexM0\ARM_GCC_493\Debug\rfid.a(CyLFClk.o)
 .text.CySysWdtGetMatch
                0x00000000       0x20 .\CortexM0\ARM_GCC_493\Debug\rfid.a(CyLFClk.o)
 .text.CySysWdtGetCount
                0x00000000       0x3c .\CortexM0\ARM_GCC_493\Debug\rfid.a(CyLFClk.o)
 .text.CySysClkLfclkPosedgeCatch
                0x00000000       0x74 .\CortexM0\ARM_GCC_493\Debug\rfid.a(CyLFClk.o)
 .text.CySysClkIloStop
                0x00000000       0x38 .\CortexM0\ARM_GCC_493\Debug\rfid.a(CyLFClk.o)
 .text.CySysWdtGetInterruptSource
                0x00000000       0x14 .\CortexM0\ARM_GCC_493\Debug\rfid.a(CyLFClk.o)
 .text.CySysWdtResetCounters
                0x00000000       0x20 .\CortexM0\ARM_GCC_493\Debug\rfid.a(CyLFClk.o)
 .text.CySysWdtSetInterruptCallback
                0x00000000       0x20 .\CortexM0\ARM_GCC_493\Debug\rfid.a(CyLFClk.o)
 .text.CySysWdtGetInterruptCallback
                0x00000000       0x20 .\CortexM0\ARM_GCC_493\Debug\rfid.a(CyLFClk.o)
 .text.CySysWdtEnableCounterIsr
                0x00000000       0x34 .\CortexM0\ARM_GCC_493\Debug\rfid.a(CyLFClk.o)
 .text.CySysWdtDisableCounterIsr
                0x00000000       0x28 .\CortexM0\ARM_GCC_493\Debug\rfid.a(CyLFClk.o)
 .text.CySysTimerDelayUntilMatch
                0x00000000       0x6c .\CortexM0\ARM_GCC_493\Debug\rfid.a(CyLFClk.o)
 .text.CySysTimerDelay
                0x00000000       0x3c .\CortexM0\ARM_GCC_493\Debug\rfid.a(CyLFClk.o)
 .text.CySysWatchdogFeed
                0x00000000       0x60 .\CortexM0\ARM_GCC_493\Debug\rfid.a(CyLFClk.o)
 .rodata        0x00000000        0xc .\CortexM0\ARM_GCC_493\Debug\rfid.a(CyLFClk.o)
 .text          0x00000000        0x0 .\CortexM0\ARM_GCC_493\Debug\rfid.a(i2c.o)
 .data          0x00000000        0x0 .\CortexM0\ARM_GCC_493\Debug\rfid.a(i2c.o)
 .text.i2c_ScbModeStop
                0x00000000        0x8 .\CortexM0\ARM_GCC_493\Debug\rfid.a(i2c.o)
 .text.i2c_Stop
                0x00000000       0x2c .\CortexM0\ARM_GCC_493\Debug\rfid.a(i2c.o)
 .text.i2c_SetRxFifoLevel
                0x00000000       0x14 .\CortexM0\ARM_GCC_493\Debug\rfid.a(i2c.o)
 .text.i2c_SetTxFifoLevel
                0x00000000       0x14 .\CortexM0\ARM_GCC_493\Debug\rfid.a(i2c.o)
 .text.i2c_SetCustomInterruptHandler
                0x00000000        0xc .\CortexM0\ARM_GCC_493\Debug\rfid.a(i2c.o)
 .text          0x00000000        0x0 .\CortexM0\ARM_GCC_493\Debug\rfid.a(i2c_I2C.o)
 .data          0x00000000        0x0 .\CortexM0\ARM_GCC_493\Debug\rfid.a(i2c_I2C.o)
 .bss           0x00000000        0x0 .\CortexM0\ARM_GCC_493\Debug\rfid.a(i2c_I2C.o)
 .text.i2c_I2CStop
                0x00000000        0xc .\CortexM0\ARM_GCC_493\Debug\rfid.a(i2c_I2C.o)
 .text          0x00000000        0x0 .\CortexM0\ARM_GCC_493\Debug\rfid.a(i2c_I2C_SLAVE.o)
 .data          0x00000000        0x0 .\CortexM0\ARM_GCC_493\Debug\rfid.a(i2c_I2C_SLAVE.o)
 .bss           0x00000000        0x0 .\CortexM0\ARM_GCC_493\Debug\rfid.a(i2c_I2C_SLAVE.o)
 .text.i2c_I2CSlaveStatus
                0x00000000        0xc .\CortexM0\ARM_GCC_493\Debug\rfid.a(i2c_I2C_SLAVE.o)
 .text.i2c_I2CSlaveClearReadStatus
                0x00000000       0x28 .\CortexM0\ARM_GCC_493\Debug\rfid.a(i2c_I2C_SLAVE.o)
 .text.i2c_I2CSlaveClearWriteStatus
                0x00000000       0x28 .\CortexM0\ARM_GCC_493\Debug\rfid.a(i2c_I2C_SLAVE.o)
 .text.i2c_I2CSlaveSetAddress
                0x00000000       0x18 .\CortexM0\ARM_GCC_493\Debug\rfid.a(i2c_I2C_SLAVE.o)
 .text.i2c_I2CSlaveSetAddressMask
                0x00000000       0x18 .\CortexM0\ARM_GCC_493\Debug\rfid.a(i2c_I2C_SLAVE.o)
 .text.i2c_I2CSlaveInitReadBuf
                0x00000000       0x3c .\CortexM0\ARM_GCC_493\Debug\rfid.a(i2c_I2C_SLAVE.o)
 .text.i2c_I2CSlaveInitWriteBuf
                0x00000000       0x34 .\CortexM0\ARM_GCC_493\Debug\rfid.a(i2c_I2C_SLAVE.o)
 .text.i2c_I2CSlaveGetReadBufSize
                0x00000000        0xc .\CortexM0\ARM_GCC_493\Debug\rfid.a(i2c_I2C_SLAVE.o)
 .text.i2c_I2CSlaveGetWriteBufSize
                0x00000000        0xc .\CortexM0\ARM_GCC_493\Debug\rfid.a(i2c_I2C_SLAVE.o)
 .text.i2c_I2CSlaveClearReadBuf
                0x00000000        0xc .\CortexM0\ARM_GCC_493\Debug\rfid.a(i2c_I2C_SLAVE.o)
 .text.i2c_I2CSlaveClearWriteBuf
                0x00000000        0xc .\CortexM0\ARM_GCC_493\Debug\rfid.a(i2c_I2C_SLAVE.o)
 .data          0x00000000        0x0 .\CortexM0\ARM_GCC_493\Debug\rfid.a(CyBootAsmGnu.o)
 .bss           0x00000000        0x0 .\CortexM0\ARM_GCC_493\Debug\rfid.a(CyBootAsmGnu.o)
 .text          0x00000000        0x0 .\CortexM0\ARM_GCC_493\Debug\rfid.a(i2c_I2C_INT.o)
 .data          0x00000000        0x0 .\CortexM0\ARM_GCC_493\Debug\rfid.a(i2c_I2C_INT.o)
 .bss           0x00000000        0x0 .\CortexM0\ARM_GCC_493\Debug\rfid.a(i2c_I2C_INT.o)
 .text          0x00000000      0x120 c:/program files (x86)/cypress/psoc creator/3.3/psoc creator/import/gnu/arm/4.9.3/bin/../lib/gcc/arm-none-eabi/4.9.3/armv6-m\libgcc.a(_udivsi3.o)
 .data          0x00000000        0x0 c:/program files (x86)/cypress/psoc creator/3.3/psoc creator/import/gnu/arm/4.9.3/bin/../lib/gcc/arm-none-eabi/4.9.3/armv6-m\libgcc.a(_udivsi3.o)
 .bss           0x00000000        0x0 c:/program files (x86)/cypress/psoc creator/3.3/psoc creator/import/gnu/arm/4.9.3/bin/../lib/gcc/arm-none-eabi/4.9.3/armv6-m\libgcc.a(_udivsi3.o)
 .text          0x00000000        0x4 c:/program files (x86)/cypress/psoc creator/3.3/psoc creator/import/gnu/arm/4.9.3/bin/../lib/gcc/arm-none-eabi/4.9.3/armv6-m\libgcc.a(_dvmd_tls.o)
 .data          0x00000000        0x0 c:/program files (x86)/cypress/psoc creator/3.3/psoc creator/import/gnu/arm/4.9.3/bin/../lib/gcc/arm-none-eabi/4.9.3/armv6-m\libgcc.a(_dvmd_tls.o)
 .bss           0x00000000        0x0 c:/program files (x86)/cypress/psoc creator/3.3/psoc creator/import/gnu/arm/4.9.3/bin/../lib/gcc/arm-none-eabi/4.9.3/armv6-m\libgcc.a(_dvmd_tls.o)
 .text          0x00000000        0x0 c:/program files (x86)/cypress/psoc creator/3.3/psoc creator/import/gnu/arm/4.9.3/bin/../lib/gcc/arm-none-eabi/4.9.3/../../../../arm-none-eabi/lib/armv6-m\libg_nano.a(lib_a-errno.o)
 .data          0x00000000        0x0 c:/program files (x86)/cypress/psoc creator/3.3/psoc creator/import/gnu/arm/4.9.3/bin/../lib/gcc/arm-none-eabi/4.9.3/../../../../arm-none-eabi/lib/armv6-m\libg_nano.a(lib_a-errno.o)
 .bss           0x00000000        0x0 c:/program files (x86)/cypress/psoc creator/3.3/psoc creator/import/gnu/arm/4.9.3/bin/../lib/gcc/arm-none-eabi/4.9.3/../../../../arm-none-eabi/lib/armv6-m\libg_nano.a(lib_a-errno.o)
 .text.__errno  0x00000000        0xc c:/program files (x86)/cypress/psoc creator/3.3/psoc creator/import/gnu/arm/4.9.3/bin/../lib/gcc/arm-none-eabi/4.9.3/../../../../arm-none-eabi/lib/armv6-m\libg_nano.a(lib_a-errno.o)
 .text          0x00000000        0x0 c:/program files (x86)/cypress/psoc creator/3.3/psoc creator/import/gnu/arm/4.9.3/bin/../lib/gcc/arm-none-eabi/4.9.3/../../../../arm-none-eabi/lib/armv6-m\libg_nano.a(lib_a-exit.o)
 .data          0x00000000        0x0 c:/program files (x86)/cypress/psoc creator/3.3/psoc creator/import/gnu/arm/4.9.3/bin/../lib/gcc/arm-none-eabi/4.9.3/../../../../arm-none-eabi/lib/armv6-m\libg_nano.a(lib_a-exit.o)
 .bss           0x00000000        0x0 c:/program files (x86)/cypress/psoc creator/3.3/psoc creator/import/gnu/arm/4.9.3/bin/../lib/gcc/arm-none-eabi/4.9.3/../../../../arm-none-eabi/lib/armv6-m\libg_nano.a(lib_a-exit.o)
 .text.exit     0x00000000       0x2c c:/program files (x86)/cypress/psoc creator/3.3/psoc creator/import/gnu/arm/4.9.3/bin/../lib/gcc/arm-none-eabi/4.9.3/../../../../arm-none-eabi/lib/armv6-m\libg_nano.a(lib_a-exit.o)
 .text          0x00000000        0x0 c:/program files (x86)/cypress/psoc creator/3.3/psoc creator/import/gnu/arm/4.9.3/bin/../lib/gcc/arm-none-eabi/4.9.3/../../../../arm-none-eabi/lib/armv6-m\libg_nano.a(lib_a-impure.o)
 .data          0x00000000        0x0 c:/program files (x86)/cypress/psoc creator/3.3/psoc creator/import/gnu/arm/4.9.3/bin/../lib/gcc/arm-none-eabi/4.9.3/../../../../arm-none-eabi/lib/armv6-m\libg_nano.a(lib_a-impure.o)
 .bss           0x00000000        0x0 c:/program files (x86)/cypress/psoc creator/3.3/psoc creator/import/gnu/arm/4.9.3/bin/../lib/gcc/arm-none-eabi/4.9.3/../../../../arm-none-eabi/lib/armv6-m\libg_nano.a(lib_a-impure.o)
 .data.impure_data
                0x00000000       0x60 c:/program files (x86)/cypress/psoc creator/3.3/psoc creator/import/gnu/arm/4.9.3/bin/../lib/gcc/arm-none-eabi/4.9.3/../../../../arm-none-eabi/lib/armv6-m\libg_nano.a(lib_a-impure.o)
 .data._impure_ptr
                0x00000000        0x4 c:/program files (x86)/cypress/psoc creator/3.3/psoc creator/import/gnu/arm/4.9.3/bin/../lib/gcc/arm-none-eabi/4.9.3/../../../../arm-none-eabi/lib/armv6-m\libg_nano.a(lib_a-impure.o)
 .rodata.str1.1
                0x00000000        0x2 c:/program files (x86)/cypress/psoc creator/3.3/psoc creator/import/gnu/arm/4.9.3/bin/../lib/gcc/arm-none-eabi/4.9.3/../../../../arm-none-eabi/lib/armv6-m\libg_nano.a(lib_a-impure.o)
 .rodata._global_impure_ptr
                0x00000000        0x4 c:/program files (x86)/cypress/psoc creator/3.3/psoc creator/import/gnu/arm/4.9.3/bin/../lib/gcc/arm-none-eabi/4.9.3/../../../../arm-none-eabi/lib/armv6-m\libg_nano.a(lib_a-impure.o)
 .text          0x00000000        0x0 c:/program files (x86)/cypress/psoc creator/3.3/psoc creator/import/gnu/arm/4.9.3/bin/../lib/gcc/arm-none-eabi/4.9.3/../../../../arm-none-eabi/lib/armv6-m\libg_nano.a(lib_a-init.o)
 .data          0x00000000        0x0 c:/program files (x86)/cypress/psoc creator/3.3/psoc creator/import/gnu/arm/4.9.3/bin/../lib/gcc/arm-none-eabi/4.9.3/../../../../arm-none-eabi/lib/armv6-m\libg_nano.a(lib_a-init.o)
 .bss           0x00000000        0x0 c:/program files (x86)/cypress/psoc creator/3.3/psoc creator/import/gnu/arm/4.9.3/bin/../lib/gcc/arm-none-eabi/4.9.3/../../../../arm-none-eabi/lib/armv6-m\libg_nano.a(lib_a-init.o)
 .text          0x00000000        0x0 c:/program files (x86)/cypress/psoc creator/3.3/psoc creator/import/gnu/arm/4.9.3/bin/../lib/gcc/arm-none-eabi/4.9.3/../../../../arm-none-eabi/lib/armv6-m\libg_nano.a(lib_a-memset.o)
 .data          0x00000000        0x0 c:/program files (x86)/cypress/psoc creator/3.3/psoc creator/import/gnu/arm/4.9.3/bin/../lib/gcc/arm-none-eabi/4.9.3/../../../../arm-none-eabi/lib/armv6-m\libg_nano.a(lib_a-memset.o)
 .bss           0x00000000        0x0 c:/program files (x86)/cypress/psoc creator/3.3/psoc creator/import/gnu/arm/4.9.3/bin/../lib/gcc/arm-none-eabi/4.9.3/../../../../arm-none-eabi/lib/armv6-m\libg_nano.a(lib_a-memset.o)
 .text          0x00000000        0x0 c:/program files (x86)/cypress/psoc creator/3.3/psoc creator/import/gnu/arm/4.9.3/bin/../lib/gcc/arm-none-eabi/4.9.3/armv6-m/crtend.o
 .data          0x00000000        0x0 c:/program files (x86)/cypress/psoc creator/3.3/psoc creator/import/gnu/arm/4.9.3/bin/../lib/gcc/arm-none-eabi/4.9.3/armv6-m/crtend.o
 .bss           0x00000000        0x0 c:/program files (x86)/cypress/psoc creator/3.3/psoc creator/import/gnu/arm/4.9.3/bin/../lib/gcc/arm-none-eabi/4.9.3/armv6-m/crtend.o
 .text          0x00000000        0x0 c:/program files (x86)/cypress/psoc creator/3.3/psoc creator/import/gnu/arm/4.9.3/bin/../lib/gcc/arm-none-eabi/4.9.3/armv6-m/crtn.o
 .data          0x00000000        0x0 c:/program files (x86)/cypress/psoc creator/3.3/psoc creator/import/gnu/arm/4.9.3/bin/../lib/gcc/arm-none-eabi/4.9.3/armv6-m/crtn.o
 .bss           0x00000000        0x0 c:/program files (x86)/cypress/psoc creator/3.3/psoc creator/import/gnu/arm/4.9.3/bin/../lib/gcc/arm-none-eabi/4.9.3/armv6-m/crtn.o

Memory Configuration

Name             Origin             Length             Attributes
rom              0x00000000         0x00008000         xr
ram              0x20000000         0x00001000         xrw
*default*        0x00000000         0xffffffff

Linker script and memory map

LOAD c:/program files (x86)/cypress/psoc creator/3.3/psoc creator/import/gnu/arm/4.9.3/bin/../lib/gcc/arm-none-eabi/4.9.3/armv6-m/crti.o
LOAD c:/program files (x86)/cypress/psoc creator/3.3/psoc creator/import/gnu/arm/4.9.3/bin/../lib/gcc/arm-none-eabi/4.9.3/armv6-m/crtbegin.o
LOAD c:/program files (x86)/cypress/psoc creator/3.3/psoc creator/import/gnu/arm/4.9.3/bin/../lib/gcc/arm-none-eabi/4.9.3/../../../../arm-none-eabi/lib/armv6-m/crt0.o
START GROUP
LOAD .\CortexM0\ARM_GCC_493\Debug\main.o
LOAD .\CortexM0\ARM_GCC_493\Debug\cymetadata.o
LOAD .\CortexM0\ARM_GCC_493\Debug\Cm0Start.o
LOAD .\CortexM0\ARM_GCC_493\Debug\rfid.a
LOAD C:\Program Files (x86)\Cypress\PSoC Creator\3.3\PSoC Creator\psoc\content\cycomponentlibrary\CyComponentLibrary.cylib\CortexM0\ARM_GCC_493\Debug\CyComponentLibrary.a
END GROUP
START GROUP
LOAD c:/program files (x86)/cypress/psoc creator/3.3/psoc creator/import/gnu/arm/4.9.3/bin/../lib/gcc/arm-none-eabi/4.9.3/armv6-m\libgcc.a
LOAD c:/program files (x86)/cypress/psoc creator/3.3/psoc creator/import/gnu/arm/4.9.3/bin/../lib/gcc/arm-none-eabi/4.9.3/../../../../arm-none-eabi/lib/armv6-m\libg_nano.a
LOAD c:/program files (x86)/cypress/psoc creator/3.3/psoc creator/import/gnu/arm/4.9.3/bin/../lib/gcc/arm-none-eabi/4.9.3/../../../../arm-none-eabi/lib/armv6-m\libc_nano.a
END GROUP
START GROUP
LOAD c:/program files (x86)/cypress/psoc creator/3.3/psoc creator/import/gnu/arm/4.9.3/bin/../lib/gcc/arm-none-eabi/4.9.3/armv6-m\libgcc.a
LOAD c:/program files (x86)/cypress/psoc creator/3.3/psoc creator/import/gnu/arm/4.9.3/bin/../lib/gcc/arm-none-eabi/4.9.3/../../../../arm-none-eabi/lib/armv6-m\libc_nano.a
END GROUP
LOAD c:/program files (x86)/cypress/psoc creator/3.3/psoc creator/import/gnu/arm/4.9.3/bin/../lib/gcc/arm-none-eabi/4.9.3/armv6-m/crtend.o
LOAD c:/program files (x86)/cypress/psoc creator/3.3/psoc creator/import/gnu/arm/4.9.3/bin/../lib/gcc/arm-none-eabi/4.9.3/armv6-m/crtn.o
START GROUP
LOAD c:/program files (x86)/cypress/psoc creator/3.3/psoc creator/import/gnu/arm/4.9.3/bin/../lib/gcc/arm-none-eabi/4.9.3/armv6-m\libgcc.a
LOAD c:/program files (x86)/cypress/psoc creator/3.3/psoc creator/import/gnu/arm/4.9.3/bin/../lib/gcc/arm-none-eabi/4.9.3/../../../../arm-none-eabi/lib/armv6-m\libc.a
LOAD c:/program files (x86)/cypress/psoc creator/3.3/psoc creator/import/gnu/arm/4.9.3/bin/../lib/gcc/arm-none-eabi/4.9.3/../../../../arm-none-eabi/lib/armv6-m\libnosys.a
END GROUP
                0x00000000                CY_APPL_ORIGIN = 0x0
                0x00000080                CY_FLASH_ROW_SIZE = 0x80
                0x00000001                CY_APPL_NUM = 0x1
                0x00000001                CY_APPL_MAX = 0x1
                0x00000040                CY_METADATA_SIZE = 0x40
                0x00000000                CY_APPL_LOADABLE = 0x0
                0x00000000                CY_CHECKSUM_EXCLUDE_SIZE = ALIGN (0x0, CY_FLASH_ROW_SIZE)
                0x00000000                CY_APP_FOR_STACK_AND_COPIER = 0x0
                0x20000148                PROVIDE (__cy_heap_start, _end)
                0x00000001                PROVIDE (__cy_region_num, ((__cy_regions_end - __cy_regions) / 0x10))
                0x20001000                PROVIDE (__cy_stack, (ORIGIN (ram) + 0x1000))
                0x20000c00                PROVIDE (__cy_heap_end, (__cy_stack - 0x400))

.cybootloader   0x00000000        0x0
 *(.cybootloader)
                0x00000000                appl1_start = CY_APPL_ORIGIN?CY_APPL_ORIGIN:ALIGN (CY_FLASH_ROW_SIZE)
                0x00003f80                appl2_start = (appl1_start + ALIGN ((((0x8000 - appl1_start) - (0x2 * CY_FLASH_ROW_SIZE)) / 0x2), CY_FLASH_ROW_SIZE))
                0x00000000                appl_start = (CY_APPL_NUM == 0x1)?appl1_start:appl2_start
                0x00000001                cy_project_type_bootloader = (appl_start == 0x0)?0x1:0x0
                0x00000000                cy_project_type_app_for_stack_and_copier = (CY_APP_FOR_STACK_AND_COPIER == 0x1)?0x1:0x0

.text           0x00000000      0xbac
 CREATE_OBJECT_SYMBOLS
                0x00000000                PROVIDE (__cy_interrupt_vector, RomVectors)
 *(.romvectors)
 .romvectors    0x00000000       0x10 .\CortexM0\ARM_GCC_493\Debug\Cm0Start.o
                0x00000000                RomVectors
                0x00000001                ASSERT ((. != __cy_interrupt_vector), No interrupt vector)
                0x00000001                ASSERT (CY_APPL_ORIGIN?(SIZEOF (.cybootloader) <= CY_APPL_ORIGIN):0x1, Wrong image location)
                0x00000010                PROVIDE (__cy_reset, Reset)
 *(.text.Reset)
 .text.Reset    0x00000010        0x8 .\CortexM0\ARM_GCC_493\Debug\Cm0Start.o
                0x00000010                Reset
                0x00000001                ASSERT ((. != __cy_reset), No reset code)
 *(.psocinit)
 .psocinit      0x00000018      0x128 .\CortexM0\ARM_GCC_493\Debug\rfid.a(cyfitter_cfg.o)
                0x00000090                cyfitter_cfg
                0x00000140                . = MAX (., 0x100)
 *(.text .text.* .gnu.linkonce.t.*)
 .text          0x00000140       0x60 c:/program files (x86)/cypress/psoc creator/3.3/psoc creator/import/gnu/arm/4.9.3/bin/../lib/gcc/arm-none-eabi/4.9.3/armv6-m/crtbegin.o
 .text.main     0x000001a0        0xc .\CortexM0\ARM_GCC_493\Debug\main.o
                0x000001a0                main
 .text.IntDefaultHandler
                0x000001ac        0x4 .\CortexM0\ARM_GCC_493\Debug\Cm0Start.o
                0x000001ac                IntDefaultHandler
 .text.Start_c  0x000001b0       0x48 .\CortexM0\ARM_GCC_493\Debug\Cm0Start.o
                0x000001b0                Start_c
 .text.initialize_psoc
                0x000001f8       0x48 .\CortexM0\ARM_GCC_493\Debug\Cm0Start.o
                0x000001f8                initialize_psoc
 .text.CYMEMZERO
                0x00000240        0xc .\CortexM0\ARM_GCC_493\Debug\rfid.a(cyfitter_cfg.o)
 .text.CyIntEnable
                0x0000024c       0x14 .\CortexM0\ARM_GCC_493\Debug\rfid.a(CyLib.o)
                0x0000024c                CyIntEnable
 .text.CyIntDisable
                0x00000260       0x14 .\CortexM0\ARM_GCC_493\Debug\rfid.a(CyLib.o)
                0x00000260                CyIntDisable
 .text.CyHalt   0x00000274        0x4 .\CortexM0\ARM_GCC_493\Debug\rfid.a(CyLib.o)
                0x00000274                CyHalt
 .text.CyIntSetVector
                0x00000278       0x24 .\CortexM0\ARM_GCC_493\Debug\rfid.a(CyLib.o)
                0x00000278                CyIntSetVector
 .text.CyIntSetPriority
                0x0000029c       0x4c .\CortexM0\ARM_GCC_493\Debug\rfid.a(CyLib.o)
                0x0000029c                CyIntSetPriority
 .text.CyDelayUs
                0x000002e8       0x14 .\CortexM0\ARM_GCC_493\Debug\rfid.a(CyLib.o)
                0x000002e8                CyDelayUs
 .text.CySysClkWriteImoFreq
                0x000002fc      0x164 .\CortexM0\ARM_GCC_493\Debug\rfid.a(CyLib.o)
                0x000002fc                CySysClkWriteImoFreq
 .text.CySysWdtLocked
                0x00000460       0x14 .\CortexM0\ARM_GCC_493\Debug\rfid.a(CyLFClk.o)
 .text.CySysWdtLock
                0x00000474       0x1c .\CortexM0\ARM_GCC_493\Debug\rfid.a(CyLFClk.o)
                0x00000474                CySysWdtLock
 .text.CySysWdtUnlock
                0x00000490       0x30 .\CortexM0\ARM_GCC_493\Debug\rfid.a(CyLFClk.o)
                0x00000490                CySysWdtUnlock
 .text.CySysWdtClearInterrupt
                0x000004c0       0x4c .\CortexM0\ARM_GCC_493\Debug\rfid.a(CyLFClk.o)
                0x000004c0                CySysWdtClearInterrupt
 .text.CySysWdtIsr
                0x0000050c       0xa4 .\CortexM0\ARM_GCC_493\Debug\rfid.a(CyLFClk.o)
                0x0000050c                CySysWdtIsr
 .text.i2c_ScbEnableIntr
                0x000005b0        0xc .\CortexM0\ARM_GCC_493\Debug\rfid.a(i2c.o)
 .text.i2c_Init
                0x000005bc        0x8 .\CortexM0\ARM_GCC_493\Debug\rfid.a(i2c.o)
                0x000005bc                i2c_Init
 .text.i2c_Enable
                0x000005c4       0x18 .\CortexM0\ARM_GCC_493\Debug\rfid.a(i2c.o)
                0x000005c4                i2c_Enable
 .text.i2c_Start
                0x000005dc       0x20 .\CortexM0\ARM_GCC_493\Debug\rfid.a(i2c.o)
                0x000005dc                i2c_Start
 .text.i2c_I2CSlaveNackGeneration
                0x000005fc       0x3c .\CortexM0\ARM_GCC_493\Debug\rfid.a(i2c.o)
                0x000005fc                i2c_I2CSlaveNackGeneration
 .text.i2c_I2CInit
                0x00000638       0xd8 .\CortexM0\ARM_GCC_493\Debug\rfid.a(i2c_I2C.o)
                0x00000638                i2c_I2CInit
 .text          0x00000710       0x28 .\CortexM0\ARM_GCC_493\Debug\rfid.a(CyBootAsmGnu.o)
                0x00000710                CyDelayCycles
                0x00000724                CyEnterCriticalSection
                0x0000072c                CyExitCriticalSection
 .text.i2c_I2C_ISR
                0x00000738      0x418 .\CortexM0\ARM_GCC_493\Debug\rfid.a(i2c_I2C_INT.o)
                0x00000738                i2c_I2C_ISR
 .text.__libc_init_array
                0x00000b50       0x4c c:/program files (x86)/cypress/psoc creator/3.3/psoc creator/import/gnu/arm/4.9.3/bin/../lib/gcc/arm-none-eabi/4.9.3/../../../../arm-none-eabi/lib/armv6-m\libg_nano.a(lib_a-init.o)
                0x00000b50                __libc_init_array
 .text.memset   0x00000b9c       0x10 c:/program files (x86)/cypress/psoc creator/3.3/psoc creator/import/gnu/arm/4.9.3/bin/../lib/gcc/arm-none-eabi/4.9.3/../../../../arm-none-eabi/lib/armv6-m\libg_nano.a(lib_a-memset.o)
                0x00000b9c                memset
 *(.plt)
 *(.gnu.warning)
 *(.glue_7t)
 .glue_7t       0x00000000        0x0 linker stubs
 *(.glue_7)
 .glue_7        0x00000000        0x0 linker stubs
 *(.vfp11_veneer)
 .vfp11_veneer  0x00000000        0x0 linker stubs
 *(.bootloader)
 *(.ARM.extab* .gnu.linkonce.armextab.*)
 *(.gcc_except_table)

.v4_bx          0x00000bac        0x0
 .v4_bx         0x00000000        0x0 linker stubs

.iplt           0x00000bac        0x0
 .iplt          0x00000000        0x0 c:/program files (x86)/cypress/psoc creator/3.3/psoc creator/import/gnu/arm/4.9.3/bin/../lib/gcc/arm-none-eabi/4.9.3/armv6-m/crtbegin.o

.eh_frame_hdr
 *(.eh_frame_hdr)

.eh_frame       0x00000bac        0x4
 *(.eh_frame)
 .eh_frame      0x00000bac        0x0 c:/program files (x86)/cypress/psoc creator/3.3/psoc creator/import/gnu/arm/4.9.3/bin/../lib/gcc/arm-none-eabi/4.9.3/armv6-m/crtbegin.o
 .eh_frame      0x00000bac        0x4 c:/program files (x86)/cypress/psoc creator/3.3/psoc creator/import/gnu/arm/4.9.3/bin/../lib/gcc/arm-none-eabi/4.9.3/armv6-m/crtend.o
                0x00000bb0                PROVIDE (__exidx_start, .)

.ARM.exidx
 *(.ARM.exidx* .gnu.linkonce.armexidx.*)
                0x00000bb0                __exidx_end = .

.rodata         0x00000bb0       0x70
 *(.rodata .rodata.* .gnu.linkonce.r.*)
 .rodata        0x00000bb0        0xc .\CortexM0\ARM_GCC_493\Debug\rfid.a(cyfitter_cfg.o)
 .rodata        0x00000bbc       0x30 .\CortexM0\ARM_GCC_493\Debug\rfid.a(CyLib.o)
                0x00000bbc                cyImoFreqMhz2Reg
                0x00000bec                . = ALIGN (0x4)
 *(.init)
 .init          0x00000bec        0x4 c:/program files (x86)/cypress/psoc creator/3.3/psoc creator/import/gnu/arm/4.9.3/bin/../lib/gcc/arm-none-eabi/4.9.3/armv6-m/crti.o
                0x00000bec                _init
 .init          0x00000bf0        0x8 c:/program files (x86)/cypress/psoc creator/3.3/psoc creator/import/gnu/arm/4.9.3/bin/../lib/gcc/arm-none-eabi/4.9.3/armv6-m/crtn.o
                0x00000bf8                . = ALIGN (0x4)
                0x00000bf8                __preinit_array_start = .
 *(.preinit_array)
                0x00000bf8                __preinit_array_end = .
                0x00000bf8                . = ALIGN (0x4)
                0x00000bf8                __init_array_start = .
 *(SORT(.init_array.*))
 *(.init_array)
 .init_array    0x00000bf8        0x4 c:/program files (x86)/cypress/psoc creator/3.3/psoc creator/import/gnu/arm/4.9.3/bin/../lib/gcc/arm-none-eabi/4.9.3/armv6-m/crtbegin.o
 .init_array    0x00000bfc        0x4 .\CortexM0\ARM_GCC_493\Debug\Cm0Start.o
                0x00000c00                __init_array_end = .
                0x00000c00                . = ALIGN (0x4)
 *(.fini)
 .fini          0x00000c00        0x4 c:/program files (x86)/cypress/psoc creator/3.3/psoc creator/import/gnu/arm/4.9.3/bin/../lib/gcc/arm-none-eabi/4.9.3/armv6-m/crti.o
                0x00000c00                _fini
 .fini          0x00000c04        0x8 c:/program files (x86)/cypress/psoc creator/3.3/psoc creator/import/gnu/arm/4.9.3/bin/../lib/gcc/arm-none-eabi/4.9.3/armv6-m/crtn.o
                0x00000c0c                . = ALIGN (0x4)
                0x00000c0c                __fini_array_start = .
 *(.fini_array)
 .fini_array    0x00000c0c        0x4 c:/program files (x86)/cypress/psoc creator/3.3/psoc creator/import/gnu/arm/4.9.3/bin/../lib/gcc/arm-none-eabi/4.9.3/armv6-m/crtbegin.o
 *(SORT(.fini_array.*))
                0x00000c10                __fini_array_end = .
                0x00000c10                . = ALIGN (0x4)
 *crtbegin.o(.ctors)
 *(EXCLUDE_FILE(*crtend.o) .ctors)
 *(SORT(.ctors.*))
 *crtend.o(.ctors)
                0x00000c10                . = ALIGN (0x4)
 *crtbegin.o(.dtors)
 *(EXCLUDE_FILE(*crtend.o) .dtors)
 *(SORT(.dtors.*))
 *crtend.o(.dtors)
                0x00000c10                . = ALIGN (0x4)
                0x00000c10                __cy_regions = .
                0x00000c10        0x4 LONG 0xc20 __cy_region_init_ram
                0x00000c14        0x4 LONG 0x200000c8 __cy_region_start_data
                0x00000c18        0x4 LONG 0x18 __cy_region_init_size_ram
                0x00000c1c        0x4 LONG 0x68 __cy_region_zero_size_ram
                0x00000c20                __cy_regions_end = .
                0x00000c20                . = ALIGN (0x8)
                0x00000c20                _etext = .

.cy_checksum_exclude
                0x00000c20        0x0
 *(.cy_checksum_exclude)

.ramvectors     0x20000000       0xc0
                0x20000000                __cy_region_start_ram = .
 *(.ramvectors)
 .ramvectors    0x20000000       0xc0 .\CortexM0\ARM_GCC_493\Debug\Cm0Start.o
                0x20000000                CyRamVectors

.noinit         0x200000c0        0x4
 *(.noinit)
 .noinit        0x200000c0        0x4 .\CortexM0\ARM_GCC_493\Debug\Cm0Start.o

.data           0x200000c8       0x18 load address 0x00000c20
                0x200000c8                __cy_region_start_data = .
 *(.jcr)
 .jcr           0x200000c8        0x0 c:/program files (x86)/cypress/psoc creator/3.3/psoc creator/import/gnu/arm/4.9.3/bin/../lib/gcc/arm-none-eabi/4.9.3/armv6-m/crtbegin.o
 .jcr           0x200000c8        0x4 c:/program files (x86)/cypress/psoc creator/3.3/psoc creator/import/gnu/arm/4.9.3/bin/../lib/gcc/arm-none-eabi/4.9.3/armv6-m/crtend.o
 *(.got.plt)
 *(.got)
 *(.shdata)
 *(.data .data.* .gnu.linkonce.d.*)
 .data          0x200000cc       0x10 .\CortexM0\ARM_GCC_493\Debug\rfid.a(CyLib.o)
                0x200000cc                cydelay32kMs
                0x200000d0                cydelayFreqKhz
                0x200000d4                cydelayFreqMhz
                0x200000d8                cydelayFreqHz
 .data          0x200000dc        0x4 .\CortexM0\ARM_GCC_493\Debug\rfid.a(CyLFClk.o)
                0x200000e0                . = ALIGN (0x8)
 *(.ram)
                0x200000e0                _edata = .

.igot.plt       0x200000e0        0x0 load address 0x00000c38
 .igot.plt      0x00000000        0x0 c:/program files (x86)/cypress/psoc creator/3.3/psoc creator/import/gnu/arm/4.9.3/bin/../lib/gcc/arm-none-eabi/4.9.3/armv6-m/crtbegin.o

.bss            0x200000e0       0x68 load address 0x00000c38
                0x200000e0                PROVIDE (__bss_start__, .)
 *(.shbss)
 *(.bss .bss.* .gnu.linkonce.b.*)
 .bss           0x200000e0       0x1c c:/program files (x86)/cypress/psoc creator/3.3/psoc creator/import/gnu/arm/4.9.3/bin/../lib/gcc/arm-none-eabi/4.9.3/armv6-m/crtbegin.o
 .bss           0x200000fc       0x1c .\CortexM0\ARM_GCC_493\Debug\rfid.a(CyLFClk.o)
 .bss           0x20000118        0x8 .\CortexM0\ARM_GCC_493\Debug\rfid.a(i2c.o)
                0x20000118                i2c_initVar
                0x2000011c                i2c_customIntrHandler
 *(COMMON)
 COMMON         0x20000120        0x1 .\CortexM0\ARM_GCC_493\Debug\rfid.a(i2c_I2C.o)
                0x20000120                i2c_state
 *fill*         0x20000121        0x3 
 COMMON         0x20000124       0x24 .\CortexM0\ARM_GCC_493\Debug\rfid.a(i2c_I2C_SLAVE.o)
                0x20000124                i2c_slOverFlowCount
                0x20000128                i2c_slWrBufIndex
                0x2000012c                i2c_slRdBufSize
                0x20000130                i2c_slStatus
                0x20000134                i2c_slRdBufPtr
                0x20000138                i2c_slRdBufIndexTmp
                0x2000013c                i2c_slWrBufSize
                0x20000140                i2c_slWrBufPtr
                0x20000144                i2c_slRdBufIndex
                0x20000148                . = ALIGN (0x8)
 *(.ram.b)
                0x20000148                _end = .
                0x20000148                __end = .
                0x20000148                PROVIDE (end, .)
                0x20000148                PROVIDE (__bss_end__, .)
                0x00000c20                __cy_region_init_ram = LOADADDR (.data)
                0x00000018                __cy_region_init_size_ram = (_edata - ADDR (.data))
                0x00000068                __cy_region_zero_size_ram = (_end - _edata)

.heap           0x20000148       0x80 load address 0x00000c38
                0x20000148                . = _end
                0x200001c8                . = (. + 0x80)
 *fill*         0x20000148       0x80 
                0x200001c8                __cy_heap_limit = .

.stack          0x20000c00      0x400
                0x20000c00                __cy_stack_limit = .
                0x20001000                . = (. + 0x400)
 *fill*         0x20000c00      0x400 
                0x00000001                ASSERT ((__cy_stack_limit >= __cy_heap_limit), region RAM overflowed with stack)
                0x00000000                cy_checksum_exclude_size = (CY_APPL_LOADABLE == 0x1)?SIZEOF (.cy_checksum_exclude):0x0
                0x00000001                ASSERT ((cy_checksum_exclude_size <= CY_CHECKSUM_EXCLUDE_SIZE), CY_BOOT: Section .cy_checksum_exclude size exceedes specified limit.)
                0x00007fc0                cyloadermeta_start = (cy_project_type_bootloader || cy_project_type_app_for_stack_and_copier)?(0x8000 - CY_METADATA_SIZE):0xf0000000

.cyloadermeta
 *(.cyloadermeta)
                0x00007fc0                cyloadablemeta_start = cy_project_type_app_for_stack_and_copier?((0x8000 - CY_FLASH_ROW_SIZE) - CY_METADATA_SIZE):((0x8000 - (CY_FLASH_ROW_SIZE * (CY_APPL_NUM - 0x1))) - CY_METADATA_SIZE)

.cyloadablemeta
 *(.cyloadablemeta)

.cyflashprotect
                0x90400000       0x20
 *(.cyflashprotect)
 .cyflashprotect
                0x90400000       0x20 .\CortexM0\ARM_GCC_493\Debug\cymetadata.o
                0x90400000                cy_meta_flashprotect

.cymeta         0x90500000        0xc
 *(.cymeta)
 .cymeta        0x90500000        0xc .\CortexM0\ARM_GCC_493\Debug\cymetadata.o
                0x90500000                cy_metadata

.cychipprotect  0x90600000        0x4
 *(.cychipprotect)
 .cychipprotect
                0x90600000        0x4 .\CortexM0\ARM_GCC_493\Debug\cymetadata.o
                0x90600000                cy_meta_chipprotect

.rel.dyn        0x00000c38        0x0 load address 0x90600004
 .rel.iplt      0x00000000        0x0 c:/program files (x86)/cypress/psoc creator/3.3/psoc creator/import/gnu/arm/4.9.3/bin/../lib/gcc/arm-none-eabi/4.9.3/armv6-m/crtbegin.o

.stab
 *(.stab)

.stabstr
 *(.stabstr)

.debug
 *(.debug)

.line
 *(.line)

.debug_srcinfo
 *(.debug_srcinfo)

.debug_sfnames
 *(.debug_sfnames)

.debug_aranges  0x00000000      0x488
 *(.debug_aranges)
 .debug_aranges
                0x00000000       0x20 .\CortexM0\ARM_GCC_493\Debug\main.o
 .debug_aranges
                0x00000020       0x18 .\CortexM0\ARM_GCC_493\Debug\cymetadata.o
 .debug_aranges
                0x00000038       0x48 .\CortexM0\ARM_GCC_493\Debug\Cm0Start.o
 .debug_aranges
                0x00000080       0x30 .\CortexM0\ARM_GCC_493\Debug\rfid.a(cyfitter_cfg.o)
 .debug_aranges
                0x000000b0      0x178 .\CortexM0\ARM_GCC_493\Debug\rfid.a(CyLib.o)
 .debug_aranges
                0x00000228      0x120 .\CortexM0\ARM_GCC_493\Debug\rfid.a(CyLFClk.o)
 .debug_aranges
                0x00000348       0x68 .\CortexM0\ARM_GCC_493\Debug\rfid.a(i2c.o)
 .debug_aranges
                0x000003b0       0x28 .\CortexM0\ARM_GCC_493\Debug\rfid.a(i2c_I2C.o)
 .debug_aranges
                0x000003d8       0x70 .\CortexM0\ARM_GCC_493\Debug\rfid.a(i2c_I2C_SLAVE.o)
 .debug_aranges
                0x00000448       0x20 .\CortexM0\ARM_GCC_493\Debug\rfid.a(CyBootAsmGnu.o)
 .debug_aranges
                0x00000468       0x20 .\CortexM0\ARM_GCC_493\Debug\rfid.a(i2c_I2C_INT.o)

.debug_pubnames
 *(.debug_pubnames)

.debug_info     0x00000000     0x28b9
 *(.debug_info .gnu.linkonce.wi.*)
 .debug_info    0x00000000       0xb2 .\CortexM0\ARM_GCC_493\Debug\main.o
 .debug_info    0x000000b2       0xfe .\CortexM0\ARM_GCC_493\Debug\cymetadata.o
 .debug_info    0x000001b0      0x38e .\CortexM0\ARM_GCC_493\Debug\Cm0Start.o
 .debug_info    0x0000053e      0x293 .\CortexM0\ARM_GCC_493\Debug\rfid.a(cyfitter_cfg.o)
 .debug_info    0x000007d1      0xad1 .\CortexM0\ARM_GCC_493\Debug\rfid.a(CyLib.o)
 .debug_info    0x000012a2      0xc23 .\CortexM0\ARM_GCC_493\Debug\rfid.a(CyLFClk.o)
 .debug_info    0x00001ec5      0x2a9 .\CortexM0\ARM_GCC_493\Debug\rfid.a(i2c.o)
 .debug_info    0x0000216e      0x1a5 .\CortexM0\ARM_GCC_493\Debug\rfid.a(i2c_I2C.o)
 .debug_info    0x00002313      0x38b .\CortexM0\ARM_GCC_493\Debug\rfid.a(i2c_I2C_SLAVE.o)
 .debug_info    0x0000269e       0x8e .\CortexM0\ARM_GCC_493\Debug\rfid.a(CyBootAsmGnu.o)
 .debug_info    0x0000272c      0x18d .\CortexM0\ARM_GCC_493\Debug\rfid.a(i2c_I2C_INT.o)

.debug_abbrev   0x00000000      0xcc7
 *(.debug_abbrev)
 .debug_abbrev  0x00000000       0x60 .\CortexM0\ARM_GCC_493\Debug\main.o
 .debug_abbrev  0x00000060       0x5d .\CortexM0\ARM_GCC_493\Debug\cymetadata.o
 .debug_abbrev  0x000000bd      0x1d5 .\CortexM0\ARM_GCC_493\Debug\Cm0Start.o
 .debug_abbrev  0x00000292      0x18c .\CortexM0\ARM_GCC_493\Debug\rfid.a(cyfitter_cfg.o)
 .debug_abbrev  0x0000041e      0x20d .\CortexM0\ARM_GCC_493\Debug\rfid.a(CyLib.o)
 .debug_abbrev  0x0000062b      0x226 .\CortexM0\ARM_GCC_493\Debug\rfid.a(CyLFClk.o)
 .debug_abbrev  0x00000851      0x15b .\CortexM0\ARM_GCC_493\Debug\rfid.a(i2c.o)
 .debug_abbrev  0x000009ac       0xf3 .\CortexM0\ARM_GCC_493\Debug\rfid.a(i2c_I2C.o)
 .debug_abbrev  0x00000a9f      0x170 .\CortexM0\ARM_GCC_493\Debug\rfid.a(i2c_I2C_SLAVE.o)
 .debug_abbrev  0x00000c0f       0x14 .\CortexM0\ARM_GCC_493\Debug\rfid.a(CyBootAsmGnu.o)
 .debug_abbrev  0x00000c23       0xa4 .\CortexM0\ARM_GCC_493\Debug\rfid.a(i2c_I2C_INT.o)

.debug_line     0x00000000     0x1198
 *(.debug_line)
 .debug_line    0x00000000       0x5f .\CortexM0\ARM_GCC_493\Debug\main.o
 .debug_line    0x0000005f       0x53 .\CortexM0\ARM_GCC_493\Debug\cymetadata.o
 .debug_line    0x000000b2      0x248 .\CortexM0\ARM_GCC_493\Debug\Cm0Start.o
 .debug_line    0x000002fa      0x134 .\CortexM0\ARM_GCC_493\Debug\rfid.a(cyfitter_cfg.o)
 .debug_line    0x0000042e      0x44b .\CortexM0\ARM_GCC_493\Debug\rfid.a(CyLib.o)
 .debug_line    0x00000879      0x3fe .\CortexM0\ARM_GCC_493\Debug\rfid.a(CyLFClk.o)
 .debug_line    0x00000c77      0x15c .\CortexM0\ARM_GCC_493\Debug\rfid.a(i2c.o)
 .debug_line    0x00000dd3       0xbe .\CortexM0\ARM_GCC_493\Debug\rfid.a(i2c_I2C.o)
 .debug_line    0x00000e91      0x155 .\CortexM0\ARM_GCC_493\Debug\rfid.a(i2c_I2C_SLAVE.o)
 .debug_line    0x00000fe6       0x69 .\CortexM0\ARM_GCC_493\Debug\rfid.a(CyBootAsmGnu.o)
 .debug_line    0x0000104f      0x149 .\CortexM0\ARM_GCC_493\Debug\rfid.a(i2c_I2C_INT.o)

.debug_frame    0x00000000      0xb88
 *(.debug_frame)
 .debug_frame   0x00000000       0x2c .\CortexM0\ARM_GCC_493\Debug\main.o
 .debug_frame   0x0000002c       0xb0 .\CortexM0\ARM_GCC_493\Debug\Cm0Start.o
 .debug_frame   0x000000dc       0x68 .\CortexM0\ARM_GCC_493\Debug\rfid.a(cyfitter_cfg.o)
 .debug_frame   0x00000144      0x3d0 .\CortexM0\ARM_GCC_493\Debug\rfid.a(CyLib.o)
 .debug_frame   0x00000514      0x368 .\CortexM0\ARM_GCC_493\Debug\rfid.a(CyLFClk.o)
 .debug_frame   0x0000087c       0xf8 .\CortexM0\ARM_GCC_493\Debug\rfid.a(i2c.o)
 .debug_frame   0x00000974       0x3c .\CortexM0\ARM_GCC_493\Debug\rfid.a(i2c_I2C.o)
 .debug_frame   0x000009b0       0xf8 .\CortexM0\ARM_GCC_493\Debug\rfid.a(i2c_I2C_SLAVE.o)
 .debug_frame   0x00000aa8       0x2c .\CortexM0\ARM_GCC_493\Debug\rfid.a(i2c_I2C_INT.o)
 .debug_frame   0x00000ad4       0x20 c:/program files (x86)/cypress/psoc creator/3.3/psoc creator/import/gnu/arm/4.9.3/bin/../lib/gcc/arm-none-eabi/4.9.3/armv6-m\libgcc.a(_udivsi3.o)
 .debug_frame   0x00000af4       0x20 c:/program files (x86)/cypress/psoc creator/3.3/psoc creator/import/gnu/arm/4.9.3/bin/../lib/gcc/arm-none-eabi/4.9.3/../../../../arm-none-eabi/lib/armv6-m\libg_nano.a(lib_a-errno.o)
 .debug_frame   0x00000b14       0x28 c:/program files (x86)/cypress/psoc creator/3.3/psoc creator/import/gnu/arm/4.9.3/bin/../lib/gcc/arm-none-eabi/4.9.3/../../../../arm-none-eabi/lib/armv6-m\libg_nano.a(lib_a-exit.o)
 .debug_frame   0x00000b3c       0x2c c:/program files (x86)/cypress/psoc creator/3.3/psoc creator/import/gnu/arm/4.9.3/bin/../lib/gcc/arm-none-eabi/4.9.3/../../../../arm-none-eabi/lib/armv6-m\libg_nano.a(lib_a-init.o)
 .debug_frame   0x00000b68       0x20 c:/program files (x86)/cypress/psoc creator/3.3/psoc creator/import/gnu/arm/4.9.3/bin/../lib/gcc/arm-none-eabi/4.9.3/../../../../arm-none-eabi/lib/armv6-m\libg_nano.a(lib_a-memset.o)

.debug_str      0x00000000     0x1067
 *(.debug_str)
 .debug_str     0x00000000      0x14a .\CortexM0\ARM_GCC_493\Debug\main.o
                                0x183 (size before relaxing)
 .debug_str     0x0000014a       0x61 .\CortexM0\ARM_GCC_493\Debug\cymetadata.o
                                0x1cc (size before relaxing)
 .debug_str     0x000001ab      0x16a .\CortexM0\ARM_GCC_493\Debug\Cm0Start.o
                                0x2f3 (size before relaxing)
 .debug_str     0x00000315       0x9d .\CortexM0\ARM_GCC_493\Debug\rfid.a(cyfitter_cfg.o)
                                0x249 (size before relaxing)
 .debug_str     0x000003b2      0x4b1 .\CortexM0\ARM_GCC_493\Debug\rfid.a(CyLib.o)
                                0x687 (size before relaxing)
 .debug_str     0x00000863      0x476 .\CortexM0\ARM_GCC_493\Debug\rfid.a(CyLFClk.o)
                                0x651 (size before relaxing)
 .debug_str     0x00000cd9      0x118 .\CortexM0\ARM_GCC_493\Debug\rfid.a(i2c.o)
                                0x2cb (size before relaxing)
 .debug_str     0x00000df1       0x70 .\CortexM0\ARM_GCC_493\Debug\rfid.a(i2c_I2C.o)
                                0x240 (size before relaxing)
 .debug_str     0x00000e61      0x1bd .\CortexM0\ARM_GCC_493\Debug\rfid.a(i2c_I2C_SLAVE.o)
                                0x3a6 (size before relaxing)
 .debug_str     0x0000101e       0x49 .\CortexM0\ARM_GCC_493\Debug\rfid.a(i2c_I2C_INT.o)
                                0x2a4 (size before relaxing)

.debug_loc      0x00000000     0x1221
 *(.debug_loc)
 .debug_loc     0x00000000      0x14f .\CortexM0\ARM_GCC_493\Debug\Cm0Start.o
 .debug_loc     0x0000014f       0xa9 .\CortexM0\ARM_GCC_493\Debug\rfid.a(cyfitter_cfg.o)
 .debug_loc     0x000001f8      0x5b5 .\CortexM0\ARM_GCC_493\Debug\rfid.a(CyLib.o)
 .debug_loc     0x000007ad      0x7df .\CortexM0\ARM_GCC_493\Debug\rfid.a(CyLFClk.o)
 .debug_loc     0x00000f8c       0x7e .\CortexM0\ARM_GCC_493\Debug\rfid.a(i2c.o)
 .debug_loc     0x0000100a      0x175 .\CortexM0\ARM_GCC_493\Debug\rfid.a(i2c_I2C_SLAVE.o)
 .debug_loc     0x0000117f       0xa2 .\CortexM0\ARM_GCC_493\Debug\rfid.a(i2c_I2C_INT.o)

.debug_macinfo
 *(.debug_macinfo)

.debug_ranges   0x00000000      0x3c0
 *(.debug_ranges)
 .debug_ranges  0x00000000       0x10 .\CortexM0\ARM_GCC_493\Debug\main.o
 .debug_ranges  0x00000010       0x38 .\CortexM0\ARM_GCC_493\Debug\Cm0Start.o
 .debug_ranges  0x00000048       0x20 .\CortexM0\ARM_GCC_493\Debug\rfid.a(cyfitter_cfg.o)
 .debug_ranges  0x00000068      0x168 .\CortexM0\ARM_GCC_493\Debug\rfid.a(CyLib.o)
 .debug_ranges  0x000001d0      0x110 .\CortexM0\ARM_GCC_493\Debug\rfid.a(CyLFClk.o)
 .debug_ranges  0x000002e0       0x58 .\CortexM0\ARM_GCC_493\Debug\rfid.a(i2c.o)
 .debug_ranges  0x00000338       0x18 .\CortexM0\ARM_GCC_493\Debug\rfid.a(i2c_I2C.o)
 .debug_ranges  0x00000350       0x60 .\CortexM0\ARM_GCC_493\Debug\rfid.a(i2c_I2C_SLAVE.o)
 .debug_ranges  0x000003b0       0x10 .\CortexM0\ARM_GCC_493\Debug\rfid.a(i2c_I2C_INT.o)

.comment        0x00000000       0x70
 .comment       0x00000000       0x70 .\CortexM0\ARM_GCC_493\Debug\main.o
                                 0x71 (size before relaxing)
 .comment       0x00000000       0x71 .\CortexM0\ARM_GCC_493\Debug\cymetadata.o
 .comment       0x00000000       0x71 .\CortexM0\ARM_GCC_493\Debug\Cm0Start.o
 .comment       0x00000000       0x71 .\CortexM0\ARM_GCC_493\Debug\rfid.a(cyfitter_cfg.o)
 .comment       0x00000000       0x71 .\CortexM0\ARM_GCC_493\Debug\rfid.a(CyLib.o)
 .comment       0x00000000       0x71 .\CortexM0\ARM_GCC_493\Debug\rfid.a(CyLFClk.o)
 .comment       0x00000000       0x71 .\CortexM0\ARM_GCC_493\Debug\rfid.a(i2c.o)
 .comment       0x00000000       0x71 .\CortexM0\ARM_GCC_493\Debug\rfid.a(i2c_I2C.o)
 .comment       0x00000000       0x71 .\CortexM0\ARM_GCC_493\Debug\rfid.a(i2c_I2C_SLAVE.o)
 .comment       0x00000000       0x71 .\CortexM0\ARM_GCC_493\Debug\rfid.a(i2c_I2C_INT.o)

.debug_weaknames
 *(.debug_weaknames)

.debug_funcnames
 *(.debug_funcnames)

.debug_typenames
 *(.debug_typenames)

.debug_varnames
 *(.debug_varnames)

.note.gnu.arm.ident
 *(.note.gnu.arm.ident)

.ARM.attributes
                0x00000000       0x28
 *(.ARM.attributes)
 .ARM.attributes
                0x00000000       0x1e c:/program files (x86)/cypress/psoc creator/3.3/psoc creator/import/gnu/arm/4.9.3/bin/../lib/gcc/arm-none-eabi/4.9.3/armv6-m/crti.o
 .ARM.attributes
                0x0000001e       0x2c c:/program files (x86)/cypress/psoc creator/3.3/psoc creator/import/gnu/arm/4.9.3/bin/../lib/gcc/arm-none-eabi/4.9.3/armv6-m/crtbegin.o
 .ARM.attributes
                0x0000004a       0x1b c:/program files (x86)/cypress/psoc creator/3.3/psoc creator/import/gnu/arm/4.9.3/bin/../lib/gcc/arm-none-eabi/4.9.3/../../../../arm-none-eabi/lib/armv6-m/crt0.o
 .ARM.attributes
                0x00000065       0x31 .\CortexM0\ARM_GCC_493\Debug\main.o
 .ARM.attributes
                0x00000096       0x31 .\CortexM0\ARM_GCC_493\Debug\cymetadata.o
 .ARM.attributes
                0x000000c7       0x31 .\CortexM0\ARM_GCC_493\Debug\Cm0Start.o
 .ARM.attributes
                0x000000f8       0x31 .\CortexM0\ARM_GCC_493\Debug\rfid.a(cyfitter_cfg.o)
 .ARM.attributes
                0x00000129       0x31 .\CortexM0\ARM_GCC_493\Debug\rfid.a(CyLib.o)
 .ARM.attributes
                0x0000015a       0x31 .\CortexM0\ARM_GCC_493\Debug\rfid.a(CyLFClk.o)
 .ARM.attributes
                0x0000018b       0x31 .\CortexM0\ARM_GCC_493\Debug\rfid.a(i2c.o)
 .ARM.attributes
                0x000001bc       0x31 .\CortexM0\ARM_GCC_493\Debug\rfid.a(i2c_I2C.o)
 .ARM.attributes
                0x000001ed       0x31 .\CortexM0\ARM_GCC_493\Debug\rfid.a(i2c_I2C_SLAVE.o)
 .ARM.attributes
                0x0000021e       0x21 .\CortexM0\ARM_GCC_493\Debug\rfid.a(CyBootAsmGnu.o)
 .ARM.attributes
                0x0000023f       0x31 .\CortexM0\ARM_GCC_493\Debug\rfid.a(i2c_I2C_INT.o)
 .ARM.attributes
                0x00000270       0x1e c:/program files (x86)/cypress/psoc creator/3.3/psoc creator/import/gnu/arm/4.9.3/bin/../lib/gcc/arm-none-eabi/4.9.3/armv6-m\libgcc.a(_udivsi3.o)
 .ARM.attributes
                0x0000028e       0x1e c:/program files (x86)/cypress/psoc creator/3.3/psoc creator/import/gnu/arm/4.9.3/bin/../lib/gcc/arm-none-eabi/4.9.3/armv6-m\libgcc.a(_dvmd_tls.o)
 .ARM.attributes
                0x000002ac       0x2c c:/program files (x86)/cypress/psoc creator/3.3/psoc creator/import/gnu/arm/4.9.3/bin/../lib/gcc/arm-none-eabi/4.9.3/../../../../arm-none-eabi/lib/armv6-m\libg_nano.a(lib_a-errno.o)
 .ARM.attributes
                0x000002d8       0x2c c:/program files (x86)/cypress/psoc creator/3.3/psoc creator/import/gnu/arm/4.9.3/bin/../lib/gcc/arm-none-eabi/4.9.3/../../../../arm-none-eabi/lib/armv6-m\libg_nano.a(lib_a-exit.o)
 .ARM.attributes
                0x00000304       0x2c c:/program files (x86)/cypress/psoc creator/3.3/psoc creator/import/gnu/arm/4.9.3/bin/../lib/gcc/arm-none-eabi/4.9.3/../../../../arm-none-eabi/lib/armv6-m\libg_nano.a(lib_a-impure.o)
 .ARM.attributes
                0x00000330       0x2c c:/program files (x86)/cypress/psoc creator/3.3/psoc creator/import/gnu/arm/4.9.3/bin/../lib/gcc/arm-none-eabi/4.9.3/../../../../arm-none-eabi/lib/armv6-m\libg_nano.a(lib_a-init.o)
 .ARM.attributes
                0x0000035c       0x2c c:/program files (x86)/cypress/psoc creator/3.3/psoc creator/import/gnu/arm/4.9.3/bin/../lib/gcc/arm-none-eabi/4.9.3/../../../../arm-none-eabi/lib/armv6-m\libg_nano.a(lib_a-memset.o)
 .ARM.attributes
                0x00000388       0x2c c:/program files (x86)/cypress/psoc creator/3.3/psoc creator/import/gnu/arm/4.9.3/bin/../lib/gcc/arm-none-eabi/4.9.3/armv6-m/crtend.o
 .ARM.attributes
                0x000003b4       0x1e c:/program files (x86)/cypress/psoc creator/3.3/psoc creator/import/gnu/arm/4.9.3/bin/../lib/gcc/arm-none-eabi/4.9.3/armv6-m/crtn.o

/DISCARD/
 *(.note.GNU-stack)
OUTPUT(.\CortexM0\ARM_GCC_493\Debug\rfid.elf elf32-littlearm)
