ARM GAS  C:\Users\744\AppData\Local\Temp\cc3r5UaV.s 			page 1


   1              		.cpu cortex-m0
   2              		.fpu softvfp
   3              		.eabi_attribute 20, 1
   4              		.eabi_attribute 21, 1
   5              		.eabi_attribute 23, 3
   6              		.eabi_attribute 24, 1
   7              		.eabi_attribute 25, 1
   8              		.eabi_attribute 26, 1
   9              		.eabi_attribute 30, 1
  10              		.eabi_attribute 34, 0
  11              		.eabi_attribute 18, 4
  12              		.code	16
  13              		.file	"cyfitter_cfg.c"
  14              		.text
  15              	.Ltext0:
  16              		.cfi_sections	.debug_frame
  17              		.section	.text.CYMEMZERO,"ax",%progbits
  18              		.align	2
  19              		.code	16
  20              		.thumb_func
  21              		.type	CYMEMZERO, %function
  22              	CYMEMZERO:
  23              	.LFB0:
  24              		.file 1 ".\\Generated_Source\\PSoC4\\cyfitter_cfg.c"
   1:.\Generated_Source\PSoC4/cyfitter_cfg.c **** /*******************************************************************************
   2:.\Generated_Source\PSoC4/cyfitter_cfg.c **** * File Name: cyfitter_cfg.c
   3:.\Generated_Source\PSoC4/cyfitter_cfg.c **** * 
   4:.\Generated_Source\PSoC4/cyfitter_cfg.c **** * PSoC Creator  3.3 SP1
   5:.\Generated_Source\PSoC4/cyfitter_cfg.c **** *
   6:.\Generated_Source\PSoC4/cyfitter_cfg.c **** * Description:
   7:.\Generated_Source\PSoC4/cyfitter_cfg.c **** * This file contains device initialization code.
   8:.\Generated_Source\PSoC4/cyfitter_cfg.c **** * Except for the user defined sections in CyClockStartupError(), this file should not be modified.
   9:.\Generated_Source\PSoC4/cyfitter_cfg.c **** * This file is automatically generated by PSoC Creator.
  10:.\Generated_Source\PSoC4/cyfitter_cfg.c **** *
  11:.\Generated_Source\PSoC4/cyfitter_cfg.c **** ********************************************************************************
  12:.\Generated_Source\PSoC4/cyfitter_cfg.c **** * Copyright (c) 2007-2015 Cypress Semiconductor.  All rights reserved.
  13:.\Generated_Source\PSoC4/cyfitter_cfg.c **** * You may use this file only in accordance with the license, terms, conditions, 
  14:.\Generated_Source\PSoC4/cyfitter_cfg.c **** * disclaimers, and limitations in the end user license agreement accompanying 
  15:.\Generated_Source\PSoC4/cyfitter_cfg.c **** * the software package with which this file was provided.
  16:.\Generated_Source\PSoC4/cyfitter_cfg.c **** ********************************************************************************/
  17:.\Generated_Source\PSoC4/cyfitter_cfg.c **** 
  18:.\Generated_Source\PSoC4/cyfitter_cfg.c **** #include <string.h>
  19:.\Generated_Source\PSoC4/cyfitter_cfg.c **** #include "cytypes.h"
  20:.\Generated_Source\PSoC4/cyfitter_cfg.c **** #include "cydevice_trm.h"
  21:.\Generated_Source\PSoC4/cyfitter_cfg.c **** #include "cyfitter.h"
  22:.\Generated_Source\PSoC4/cyfitter_cfg.c **** #include "CyLib.h"
  23:.\Generated_Source\PSoC4/cyfitter_cfg.c **** #include "CyLFClk.h"
  24:.\Generated_Source\PSoC4/cyfitter_cfg.c **** #include "cyfitter_cfg.h"
  25:.\Generated_Source\PSoC4/cyfitter_cfg.c **** 
  26:.\Generated_Source\PSoC4/cyfitter_cfg.c **** 
  27:.\Generated_Source\PSoC4/cyfitter_cfg.c **** #if defined(__GNUC__) || defined(__ARMCC_VERSION)
  28:.\Generated_Source\PSoC4/cyfitter_cfg.c ****     #define CYPACKED 
  29:.\Generated_Source\PSoC4/cyfitter_cfg.c ****     #define CYPACKED_ATTR __attribute__ ((packed))
  30:.\Generated_Source\PSoC4/cyfitter_cfg.c ****     #define CYALIGNED __attribute__ ((aligned))
  31:.\Generated_Source\PSoC4/cyfitter_cfg.c ****     #define CY_CFG_UNUSED __attribute__ ((unused))
  32:.\Generated_Source\PSoC4/cyfitter_cfg.c ****     #ifndef CY_CFG_SECTION
  33:.\Generated_Source\PSoC4/cyfitter_cfg.c ****         #define CY_CFG_SECTION __attribute__ ((section(".psocinit")))
ARM GAS  C:\Users\744\AppData\Local\Temp\cc3r5UaV.s 			page 2


  34:.\Generated_Source\PSoC4/cyfitter_cfg.c ****     #endif
  35:.\Generated_Source\PSoC4/cyfitter_cfg.c ****     
  36:.\Generated_Source\PSoC4/cyfitter_cfg.c ****     #if defined(__ARMCC_VERSION)
  37:.\Generated_Source\PSoC4/cyfitter_cfg.c ****         #define CY_CFG_MEMORY_BARRIER() __memory_changed()
  38:.\Generated_Source\PSoC4/cyfitter_cfg.c ****     #else
  39:.\Generated_Source\PSoC4/cyfitter_cfg.c ****         #define CY_CFG_MEMORY_BARRIER() __sync_synchronize()
  40:.\Generated_Source\PSoC4/cyfitter_cfg.c ****     #endif
  41:.\Generated_Source\PSoC4/cyfitter_cfg.c ****     
  42:.\Generated_Source\PSoC4/cyfitter_cfg.c **** #elif defined(__ICCARM__)
  43:.\Generated_Source\PSoC4/cyfitter_cfg.c ****     #include <intrinsics.h>
  44:.\Generated_Source\PSoC4/cyfitter_cfg.c **** 
  45:.\Generated_Source\PSoC4/cyfitter_cfg.c ****     #define CYPACKED __packed
  46:.\Generated_Source\PSoC4/cyfitter_cfg.c ****     #define CYPACKED_ATTR 
  47:.\Generated_Source\PSoC4/cyfitter_cfg.c ****     #define CYALIGNED _Pragma("data_alignment=4")
  48:.\Generated_Source\PSoC4/cyfitter_cfg.c ****     #define CY_CFG_UNUSED _Pragma("diag_suppress=Pe177")
  49:.\Generated_Source\PSoC4/cyfitter_cfg.c ****     #define CY_CFG_SECTION _Pragma("location=\".psocinit\"")
  50:.\Generated_Source\PSoC4/cyfitter_cfg.c ****     
  51:.\Generated_Source\PSoC4/cyfitter_cfg.c ****     #define CY_CFG_MEMORY_BARRIER() __DMB()
  52:.\Generated_Source\PSoC4/cyfitter_cfg.c ****     
  53:.\Generated_Source\PSoC4/cyfitter_cfg.c **** #else
  54:.\Generated_Source\PSoC4/cyfitter_cfg.c ****     #error Unsupported toolchain
  55:.\Generated_Source\PSoC4/cyfitter_cfg.c **** #endif
  56:.\Generated_Source\PSoC4/cyfitter_cfg.c **** 
  57:.\Generated_Source\PSoC4/cyfitter_cfg.c **** 
  58:.\Generated_Source\PSoC4/cyfitter_cfg.c **** CY_CFG_UNUSED
  59:.\Generated_Source\PSoC4/cyfitter_cfg.c **** static void CYMEMZERO(void *s, size_t n);
  60:.\Generated_Source\PSoC4/cyfitter_cfg.c **** CY_CFG_UNUSED
  61:.\Generated_Source\PSoC4/cyfitter_cfg.c **** static void CYMEMZERO(void *s, size_t n)
  62:.\Generated_Source\PSoC4/cyfitter_cfg.c **** {
  25              		.loc 1 62 0
  26              		.cfi_startproc
  27              	.LVL0:
  28 0000 08B5     		push	{r3, lr}
  29              		.cfi_def_cfa_offset 8
  30              		.cfi_offset 3, -8
  31              		.cfi_offset 14, -4
  32 0002 0A1C     		mov	r2, r1
  63:.\Generated_Source\PSoC4/cyfitter_cfg.c **** 	(void)memset(s, 0, n);
  33              		.loc 1 63 0
  34 0004 0021     		mov	r1, #0
  35              	.LVL1:
  36 0006 FFF7FEFF 		bl	memset
  37              	.LVL2:
  64:.\Generated_Source\PSoC4/cyfitter_cfg.c **** }
  38              		.loc 1 64 0
  39              		@ sp needed
  40 000a 08BD     		pop	{r3, pc}
  41              		.cfi_endproc
  42              	.LFE0:
  43              		.size	CYMEMZERO, .-CYMEMZERO
  44              		.section	.psocinit,"ax",%progbits
  45              		.align	2
  46              		.code	16
  47              		.thumb_func
  48              		.type	ClockSetup, %function
  49              	ClockSetup:
  50              	.LFB3:
ARM GAS  C:\Users\744\AppData\Local\Temp\cc3r5UaV.s 			page 3


  65:.\Generated_Source\PSoC4/cyfitter_cfg.c **** CY_CFG_UNUSED
  66:.\Generated_Source\PSoC4/cyfitter_cfg.c **** static void CYCONFIGCPY(void *dest, const void *src, size_t n);
  67:.\Generated_Source\PSoC4/cyfitter_cfg.c **** CY_CFG_UNUSED
  68:.\Generated_Source\PSoC4/cyfitter_cfg.c **** static void CYCONFIGCPY(void *dest, const void *src, size_t n)
  69:.\Generated_Source\PSoC4/cyfitter_cfg.c **** {
  70:.\Generated_Source\PSoC4/cyfitter_cfg.c **** 	(void)memcpy(dest, src, n);
  71:.\Generated_Source\PSoC4/cyfitter_cfg.c **** }
  72:.\Generated_Source\PSoC4/cyfitter_cfg.c **** CY_CFG_UNUSED
  73:.\Generated_Source\PSoC4/cyfitter_cfg.c **** static void CYCONFIGCPYCODE(void *dest, const void *src, size_t n);
  74:.\Generated_Source\PSoC4/cyfitter_cfg.c **** CY_CFG_UNUSED
  75:.\Generated_Source\PSoC4/cyfitter_cfg.c **** static void CYCONFIGCPYCODE(void *dest, const void *src, size_t n)
  76:.\Generated_Source\PSoC4/cyfitter_cfg.c **** {
  77:.\Generated_Source\PSoC4/cyfitter_cfg.c **** 	(void)memcpy(dest, src, n);
  78:.\Generated_Source\PSoC4/cyfitter_cfg.c **** }
  79:.\Generated_Source\PSoC4/cyfitter_cfg.c **** 
  80:.\Generated_Source\PSoC4/cyfitter_cfg.c **** 
  81:.\Generated_Source\PSoC4/cyfitter_cfg.c **** 
  82:.\Generated_Source\PSoC4/cyfitter_cfg.c **** /* Clock startup error codes                                                   */
  83:.\Generated_Source\PSoC4/cyfitter_cfg.c **** #define CYCLOCKSTART_NO_ERROR    0u
  84:.\Generated_Source\PSoC4/cyfitter_cfg.c **** #define CYCLOCKSTART_XTAL_ERROR  1u
  85:.\Generated_Source\PSoC4/cyfitter_cfg.c **** #define CYCLOCKSTART_32KHZ_ERROR 2u
  86:.\Generated_Source\PSoC4/cyfitter_cfg.c **** #define CYCLOCKSTART_PLL_ERROR   3u
  87:.\Generated_Source\PSoC4/cyfitter_cfg.c **** 
  88:.\Generated_Source\PSoC4/cyfitter_cfg.c **** #ifdef CY_NEED_CYCLOCKSTARTUPERROR
  89:.\Generated_Source\PSoC4/cyfitter_cfg.c **** /*******************************************************************************
  90:.\Generated_Source\PSoC4/cyfitter_cfg.c **** * Function Name: CyClockStartupError
  91:.\Generated_Source\PSoC4/cyfitter_cfg.c **** ********************************************************************************
  92:.\Generated_Source\PSoC4/cyfitter_cfg.c **** * Summary:
  93:.\Generated_Source\PSoC4/cyfitter_cfg.c **** *  If an error is encountered during clock configuration (crystal startup error,
  94:.\Generated_Source\PSoC4/cyfitter_cfg.c **** *  PLL lock error, etc.), the system will end up here.  Unless reimplemented by
  95:.\Generated_Source\PSoC4/cyfitter_cfg.c **** *  the customer, this function will stop in an infinite loop.
  96:.\Generated_Source\PSoC4/cyfitter_cfg.c **** *
  97:.\Generated_Source\PSoC4/cyfitter_cfg.c **** * Parameters:
  98:.\Generated_Source\PSoC4/cyfitter_cfg.c **** *   void
  99:.\Generated_Source\PSoC4/cyfitter_cfg.c **** *
 100:.\Generated_Source\PSoC4/cyfitter_cfg.c **** * Return:
 101:.\Generated_Source\PSoC4/cyfitter_cfg.c **** *   void
 102:.\Generated_Source\PSoC4/cyfitter_cfg.c **** *
 103:.\Generated_Source\PSoC4/cyfitter_cfg.c **** *******************************************************************************/
 104:.\Generated_Source\PSoC4/cyfitter_cfg.c **** CY_CFG_UNUSED
 105:.\Generated_Source\PSoC4/cyfitter_cfg.c **** static void CyClockStartupError(uint8 errorCode);
 106:.\Generated_Source\PSoC4/cyfitter_cfg.c **** CY_CFG_UNUSED
 107:.\Generated_Source\PSoC4/cyfitter_cfg.c **** static void CyClockStartupError(uint8 errorCode)
 108:.\Generated_Source\PSoC4/cyfitter_cfg.c **** {
 109:.\Generated_Source\PSoC4/cyfitter_cfg.c ****     /* To remove the compiler warning if errorCode not used.                */
 110:.\Generated_Source\PSoC4/cyfitter_cfg.c ****     errorCode = errorCode;
 111:.\Generated_Source\PSoC4/cyfitter_cfg.c **** 
 112:.\Generated_Source\PSoC4/cyfitter_cfg.c ****     /* `#START CyClockStartupError` */
 113:.\Generated_Source\PSoC4/cyfitter_cfg.c **** 
 114:.\Generated_Source\PSoC4/cyfitter_cfg.c ****     /* If we have a clock startup error (bad MHz crystal, PLL lock, etc.),  */
 115:.\Generated_Source\PSoC4/cyfitter_cfg.c ****     /* we will end up here to allow the customer to implement something to  */
 116:.\Generated_Source\PSoC4/cyfitter_cfg.c ****     /* deal with the clock condition.                                       */
 117:.\Generated_Source\PSoC4/cyfitter_cfg.c **** 
 118:.\Generated_Source\PSoC4/cyfitter_cfg.c ****     /* `#END` */
 119:.\Generated_Source\PSoC4/cyfitter_cfg.c **** 
 120:.\Generated_Source\PSoC4/cyfitter_cfg.c ****     /* If nothing else, stop here since the clocks have not started         */
 121:.\Generated_Source\PSoC4/cyfitter_cfg.c ****     /* correctly.                                                           */
ARM GAS  C:\Users\744\AppData\Local\Temp\cc3r5UaV.s 			page 4


 122:.\Generated_Source\PSoC4/cyfitter_cfg.c ****     while(1) {}
 123:.\Generated_Source\PSoC4/cyfitter_cfg.c **** }
 124:.\Generated_Source\PSoC4/cyfitter_cfg.c **** #endif
 125:.\Generated_Source\PSoC4/cyfitter_cfg.c **** 
 126:.\Generated_Source\PSoC4/cyfitter_cfg.c **** 
 127:.\Generated_Source\PSoC4/cyfitter_cfg.c **** 
 128:.\Generated_Source\PSoC4/cyfitter_cfg.c **** /*******************************************************************************
 129:.\Generated_Source\PSoC4/cyfitter_cfg.c **** * Function Name: ClockSetup
 130:.\Generated_Source\PSoC4/cyfitter_cfg.c **** ********************************************************************************
 131:.\Generated_Source\PSoC4/cyfitter_cfg.c **** *
 132:.\Generated_Source\PSoC4/cyfitter_cfg.c **** * Summary:
 133:.\Generated_Source\PSoC4/cyfitter_cfg.c **** *   Performs the initialization of all of the clocks in the device based on the
 134:.\Generated_Source\PSoC4/cyfitter_cfg.c **** *   settings in the Clock tab of the DWR.  This includes enabling the requested
 135:.\Generated_Source\PSoC4/cyfitter_cfg.c **** *   clocks and setting the necessary dividers to produce the desired frequency. 
 136:.\Generated_Source\PSoC4/cyfitter_cfg.c **** *
 137:.\Generated_Source\PSoC4/cyfitter_cfg.c **** * Parameters:
 138:.\Generated_Source\PSoC4/cyfitter_cfg.c **** *   void
 139:.\Generated_Source\PSoC4/cyfitter_cfg.c **** *
 140:.\Generated_Source\PSoC4/cyfitter_cfg.c **** * Return:
 141:.\Generated_Source\PSoC4/cyfitter_cfg.c **** *   void
 142:.\Generated_Source\PSoC4/cyfitter_cfg.c **** *
 143:.\Generated_Source\PSoC4/cyfitter_cfg.c **** *******************************************************************************/
 144:.\Generated_Source\PSoC4/cyfitter_cfg.c **** static void ClockSetup(void);
 145:.\Generated_Source\PSoC4/cyfitter_cfg.c **** CY_CFG_SECTION
 146:.\Generated_Source\PSoC4/cyfitter_cfg.c **** static void ClockSetup(void)
 147:.\Generated_Source\PSoC4/cyfitter_cfg.c **** {
  51              		.loc 1 147 0
  52              		.cfi_startproc
  53 0000 38B5     		push	{r3, r4, r5, lr}
  54              		.cfi_def_cfa_offset 16
  55              		.cfi_offset 3, -16
  56              		.cfi_offset 4, -12
  57              		.cfi_offset 5, -8
  58              		.cfi_offset 14, -4
 148:.\Generated_Source\PSoC4/cyfitter_cfg.c **** 	/* Enable HALF_EN before trimming for the flash accelerator. */
 149:.\Generated_Source\PSoC4/cyfitter_cfg.c **** 	CY_SET_REG32((void CYXDATA *)(CYREG_CLK_SELECT), (CY_GET_REG32((void *)CYREG_CLK_SELECT) | 0x00040
  59              		.loc 1 149 0
  60 0002 134C     		ldr	r4, .L3
  61 0004 2368     		ldr	r3, [r4]
  62 0006 8022     		mov	r2, #128
  63 0008 D202     		lsl	r2, r2, #11
  64 000a 1343     		orr	r3, r2
  65 000c 2360     		str	r3, [r4]
 150:.\Generated_Source\PSoC4/cyfitter_cfg.c **** 
 151:.\Generated_Source\PSoC4/cyfitter_cfg.c **** 	/* Setup and trim IMO based on desired frequency. */
 152:.\Generated_Source\PSoC4/cyfitter_cfg.c **** 	CySysClkWriteImoFreq(24u);
  66              		.loc 1 152 0
  67 000e 1820     		mov	r0, #24
  68 0010 FFF7FEFF 		bl	CySysClkWriteImoFreq
  69              	.LVL3:
 153:.\Generated_Source\PSoC4/cyfitter_cfg.c **** 
 154:.\Generated_Source\PSoC4/cyfitter_cfg.c **** 	/* Disable HALF_EN since it is not required at this IMO frequency. */
 155:.\Generated_Source\PSoC4/cyfitter_cfg.c **** 	CY_SET_REG32((void CYXDATA *)(CYREG_CLK_SELECT), (CY_GET_REG32((void *)CYREG_CLK_SELECT) & 0xFFFBF
  70              		.loc 1 155 0
  71 0014 2268     		ldr	r2, [r4]
  72 0016 0F4B     		ldr	r3, .L3+4
  73 0018 1340     		and	r3, r2
ARM GAS  C:\Users\744\AppData\Local\Temp\cc3r5UaV.s 			page 5


  74 001a 2360     		str	r3, [r4]
 156:.\Generated_Source\PSoC4/cyfitter_cfg.c **** 	/* CYDEV_CLK_ILO_CONFIG Starting address: CYDEV_CLK_ILO_CONFIG */
 157:.\Generated_Source\PSoC4/cyfitter_cfg.c **** 	CY_SET_XTND_REG32((void CYFAR *)(CYREG_CLK_ILO_CONFIG), 0x80000006u);
  75              		.loc 1 157 0
  76 001c 0E4A     		ldr	r2, .L3+8
  77 001e 0F4B     		ldr	r3, .L3+12
  78 0020 1A60     		str	r2, [r3]
 158:.\Generated_Source\PSoC4/cyfitter_cfg.c **** 
 159:.\Generated_Source\PSoC4/cyfitter_cfg.c **** 
 160:.\Generated_Source\PSoC4/cyfitter_cfg.c **** 	/* CYDEV_CLK_SELECT00 Starting address: CYDEV_CLK_SELECT00 */
 161:.\Generated_Source\PSoC4/cyfitter_cfg.c **** 	CY_SET_XTND_REG32((void CYFAR *)(CYREG_CLK_SELECT02), 0x00000010u);
  79              		.loc 1 161 0
  80 0022 1022     		mov	r2, #16
  81 0024 0E4B     		ldr	r3, .L3+16
  82 0026 1A60     		str	r2, [r3]
 162:.\Generated_Source\PSoC4/cyfitter_cfg.c **** 
 163:.\Generated_Source\PSoC4/cyfitter_cfg.c **** 	/* CYDEV_CLK_IMO_CONFIG Starting address: CYDEV_CLK_IMO_CONFIG */
 164:.\Generated_Source\PSoC4/cyfitter_cfg.c **** 	CY_SET_XTND_REG32((void CYFAR *)(CYREG_CLK_IMO_CONFIG), 0x80000000u);
  83              		.loc 1 164 0
  84 0028 8022     		mov	r2, #128
  85 002a 1206     		lsl	r2, r2, #24
  86 002c 0D4B     		ldr	r3, .L3+20
  87 002e 1A60     		str	r2, [r3]
 165:.\Generated_Source\PSoC4/cyfitter_cfg.c **** 
 166:.\Generated_Source\PSoC4/cyfitter_cfg.c **** 	/* CYDEV_CLK_SELECT Starting address: CYDEV_CLK_SELECT */
 167:.\Generated_Source\PSoC4/cyfitter_cfg.c **** 	CY_SET_XTND_REG32((void CYFAR *)(CYREG_CLK_SELECT), 0x00000000u);
  88              		.loc 1 167 0
  89 0030 0025     		mov	r5, #0
  90 0032 2560     		str	r5, [r4]
 168:.\Generated_Source\PSoC4/cyfitter_cfg.c **** 
 169:.\Generated_Source\PSoC4/cyfitter_cfg.c **** 	/* CYDEV_CLK_DIVIDER_A00 Starting address: CYDEV_CLK_DIVIDER_A00 */
 170:.\Generated_Source\PSoC4/cyfitter_cfg.c **** 	CY_SET_XTND_REG32((void CYFAR *)(CYREG_CLK_DIVIDER_A00), 0x8000000Eu);
  91              		.loc 1 170 0
  92 0034 0C4A     		ldr	r2, .L3+24
  93 0036 0D4B     		ldr	r3, .L3+28
  94 0038 1A60     		str	r2, [r3]
 171:.\Generated_Source\PSoC4/cyfitter_cfg.c **** 
 172:.\Generated_Source\PSoC4/cyfitter_cfg.c **** 	(void)CyIntSetVector(9u, &CySysWdtIsr);
  95              		.loc 1 172 0
  96 003a 0920     		mov	r0, #9
  97 003c 0C49     		ldr	r1, .L3+32
  98 003e FFF7FEFF 		bl	CyIntSetVector
  99              	.LVL4:
 173:.\Generated_Source\PSoC4/cyfitter_cfg.c **** 	CyIntEnable(9u);
 100              		.loc 1 173 0
 101 0042 0920     		mov	r0, #9
 102 0044 FFF7FEFF 		bl	CyIntEnable
 103              	.LVL5:
 174:.\Generated_Source\PSoC4/cyfitter_cfg.c **** 	CY_SET_XTND_REG32((void CYFAR *)(CYREG_WDT_CONFIG), 0x00000000u);
 104              		.loc 1 174 0
 105 0048 0A4B     		ldr	r3, .L3+36
 106 004a 1D60     		str	r5, [r3]
 175:.\Generated_Source\PSoC4/cyfitter_cfg.c **** }
 107              		.loc 1 175 0
 108              		@ sp needed
 109 004c 38BD     		pop	{r3, r4, r5, pc}
 110              	.L4:
ARM GAS  C:\Users\744\AppData\Local\Temp\cc3r5UaV.s 			page 6


 111 004e C046     		.align	2
 112              	.L3:
 113 0050 00010B40 		.word	1074462976
 114 0054 FFFFFBFF 		.word	-262145
 115 0058 06000080 		.word	-2147483642
 116 005c 04010B40 		.word	1074462980
 117 0060 08020240 		.word	1073873416
 118 0064 08010B40 		.word	1074462984
 119 0068 0E000080 		.word	-2147483634
 120 006c 00000240 		.word	1073872896
 121 0070 00000000 		.word	CySysWdtIsr
 122 0074 0C020B40 		.word	1074463244
 123              		.cfi_endproc
 124              	.LFE3:
 125              		.size	ClockSetup, .-ClockSetup
 126              		.align	2
 127              		.global	cyfitter_cfg
 128              		.code	16
 129              		.thumb_func
 130              		.type	cyfitter_cfg, %function
 131              	cyfitter_cfg:
 132              	.LFB5:
 176:.\Generated_Source\PSoC4/cyfitter_cfg.c **** 
 177:.\Generated_Source\PSoC4/cyfitter_cfg.c **** 
 178:.\Generated_Source\PSoC4/cyfitter_cfg.c **** /* Analog API Functions */
 179:.\Generated_Source\PSoC4/cyfitter_cfg.c **** 
 180:.\Generated_Source\PSoC4/cyfitter_cfg.c **** 
 181:.\Generated_Source\PSoC4/cyfitter_cfg.c **** /*******************************************************************************
 182:.\Generated_Source\PSoC4/cyfitter_cfg.c **** * Function Name: AnalogSetDefault
 183:.\Generated_Source\PSoC4/cyfitter_cfg.c **** ********************************************************************************
 184:.\Generated_Source\PSoC4/cyfitter_cfg.c **** *
 185:.\Generated_Source\PSoC4/cyfitter_cfg.c **** * Summary:
 186:.\Generated_Source\PSoC4/cyfitter_cfg.c **** *  Sets up the analog portions of the chip to default values based on chip
 187:.\Generated_Source\PSoC4/cyfitter_cfg.c **** *  configuration options from the project.
 188:.\Generated_Source\PSoC4/cyfitter_cfg.c **** *
 189:.\Generated_Source\PSoC4/cyfitter_cfg.c **** * Parameters:
 190:.\Generated_Source\PSoC4/cyfitter_cfg.c **** *  void
 191:.\Generated_Source\PSoC4/cyfitter_cfg.c **** *
 192:.\Generated_Source\PSoC4/cyfitter_cfg.c **** * Return:
 193:.\Generated_Source\PSoC4/cyfitter_cfg.c **** *  void
 194:.\Generated_Source\PSoC4/cyfitter_cfg.c **** *
 195:.\Generated_Source\PSoC4/cyfitter_cfg.c **** *******************************************************************************/
 196:.\Generated_Source\PSoC4/cyfitter_cfg.c **** static void AnalogSetDefault(void);
 197:.\Generated_Source\PSoC4/cyfitter_cfg.c **** static void AnalogSetDefault(void)
 198:.\Generated_Source\PSoC4/cyfitter_cfg.c **** {
 199:.\Generated_Source\PSoC4/cyfitter_cfg.c **** }
 200:.\Generated_Source\PSoC4/cyfitter_cfg.c **** 
 201:.\Generated_Source\PSoC4/cyfitter_cfg.c **** #define CY_AMUX_UNUSED CYREG_CM0_ROM_DWT
 202:.\Generated_Source\PSoC4/cyfitter_cfg.c **** 
 203:.\Generated_Source\PSoC4/cyfitter_cfg.c **** 
 204:.\Generated_Source\PSoC4/cyfitter_cfg.c **** /*******************************************************************************
 205:.\Generated_Source\PSoC4/cyfitter_cfg.c **** * Function Name: cyfitter_cfg
 206:.\Generated_Source\PSoC4/cyfitter_cfg.c **** ********************************************************************************
 207:.\Generated_Source\PSoC4/cyfitter_cfg.c **** * Summary:
 208:.\Generated_Source\PSoC4/cyfitter_cfg.c **** *  This function is called by the start-up code for the selected device. It
 209:.\Generated_Source\PSoC4/cyfitter_cfg.c **** *  performs all of the necessary device configuration based on the design
 210:.\Generated_Source\PSoC4/cyfitter_cfg.c **** *  settings.  This includes settings from the Design Wide Resources (DWR) such
ARM GAS  C:\Users\744\AppData\Local\Temp\cc3r5UaV.s 			page 7


 211:.\Generated_Source\PSoC4/cyfitter_cfg.c **** *  as Clocks and Pins as well as any component configuration that is necessary.
 212:.\Generated_Source\PSoC4/cyfitter_cfg.c **** *
 213:.\Generated_Source\PSoC4/cyfitter_cfg.c **** * Parameters:  
 214:.\Generated_Source\PSoC4/cyfitter_cfg.c **** *   void
 215:.\Generated_Source\PSoC4/cyfitter_cfg.c **** *
 216:.\Generated_Source\PSoC4/cyfitter_cfg.c **** * Return:
 217:.\Generated_Source\PSoC4/cyfitter_cfg.c **** *   void
 218:.\Generated_Source\PSoC4/cyfitter_cfg.c **** *
 219:.\Generated_Source\PSoC4/cyfitter_cfg.c **** *******************************************************************************/
 220:.\Generated_Source\PSoC4/cyfitter_cfg.c **** CY_CFG_SECTION
 221:.\Generated_Source\PSoC4/cyfitter_cfg.c **** void cyfitter_cfg(void)
 222:.\Generated_Source\PSoC4/cyfitter_cfg.c **** {
 133              		.loc 1 222 0
 134              		.cfi_startproc
 135 0078 10B5     		push	{r4, lr}
 136              		.cfi_def_cfa_offset 8
 137              		.cfi_offset 4, -8
 138              		.cfi_offset 14, -4
 223:.\Generated_Source\PSoC4/cyfitter_cfg.c **** 	/* Disable interrupts by default. Let user enable if/when they want. */
 224:.\Generated_Source\PSoC4/cyfitter_cfg.c **** 	CyGlobalIntDisable;
 139              		.loc 1 224 0
 140              	@ 224 ".\Generated_Source\PSoC4\cyfitter_cfg.c" 1
 141 007a 72B6     		CPSID   i
 142              	@ 0 "" 2
 143              	.LVL6:
 144              		.code	16
 145              	.LBB2:
 225:.\Generated_Source\PSoC4/cyfitter_cfg.c **** 
 226:.\Generated_Source\PSoC4/cyfitter_cfg.c **** 	{
 227:.\Generated_Source\PSoC4/cyfitter_cfg.c **** 
 228:.\Generated_Source\PSoC4/cyfitter_cfg.c **** 		CYPACKED typedef struct {
 229:.\Generated_Source\PSoC4/cyfitter_cfg.c **** 			void CYFAR *address;
 230:.\Generated_Source\PSoC4/cyfitter_cfg.c **** 			uint16 size;
 231:.\Generated_Source\PSoC4/cyfitter_cfg.c **** 		} CYPACKED_ATTR cfg_memset_t;
 232:.\Generated_Source\PSoC4/cyfitter_cfg.c **** 
 233:.\Generated_Source\PSoC4/cyfitter_cfg.c **** 		static const cfg_memset_t CYCODE cfg_memset_list [] = {
 234:.\Generated_Source\PSoC4/cyfitter_cfg.c **** 			/* address, size */
 235:.\Generated_Source\PSoC4/cyfitter_cfg.c **** 			{(void CYFAR *)(CYDEV_UDB_P0_U0_BASE), 1024u},
 236:.\Generated_Source\PSoC4/cyfitter_cfg.c **** 			{(void CYFAR *)(CYDEV_UDB_DSI0_BASE), 1024u},
 237:.\Generated_Source\PSoC4/cyfitter_cfg.c **** 		};
 238:.\Generated_Source\PSoC4/cyfitter_cfg.c **** 
 239:.\Generated_Source\PSoC4/cyfitter_cfg.c **** 		uint8 CYDATA i;
 240:.\Generated_Source\PSoC4/cyfitter_cfg.c **** 
 241:.\Generated_Source\PSoC4/cyfitter_cfg.c **** 		/* Zero out critical memory blocks before beginning configuration */
 242:.\Generated_Source\PSoC4/cyfitter_cfg.c **** 		for (i = 0u; i < (sizeof(cfg_memset_list)/sizeof(cfg_memset_list[0])); i++)
 146              		.loc 1 242 0
 147 007c 0024     		mov	r4, #0
 148 007e 10E0     		b	.L6
 149              	.LVL7:
 150              	.L7:
 151              	.LBB3:
 243:.\Generated_Source\PSoC4/cyfitter_cfg.c **** 		{
 244:.\Generated_Source\PSoC4/cyfitter_cfg.c **** 			const cfg_memset_t CYCODE * CYDATA ms = &cfg_memset_list[i];
 245:.\Generated_Source\PSoC4/cyfitter_cfg.c **** 			CYMEMZERO(ms->address, (size_t)(uint32)(ms->size));
 152              		.loc 1 245 0 discriminator 3
 153 0080 1D48     		ldr	r0, .L8
 154 0082 6300     		lsl	r3, r4, #1
ARM GAS  C:\Users\744\AppData\Local\Temp\cc3r5UaV.s 			page 8


 155 0084 1A19     		add	r2, r3, r4
 156 0086 5200     		lsl	r2, r2, #1
 157 0088 8218     		add	r2, r0, r2
 158 008a 9188     		ldrh	r1, [r2, #4]
 159 008c 1B19     		add	r3, r3, r4
 160 008e 5B00     		lsl	r3, r3, #1
 161 0090 1A5A     		ldrh	r2, [r3, r0]
 162 0092 C318     		add	r3, r0, r3
 163 0094 5888     		ldrh	r0, [r3, #2]
 164 0096 0004     		lsl	r0, r0, #16
 165 0098 1043     		orr	r0, r2
 166 009a FFF7FEFF 		bl	CYMEMZERO
 167              	.LVL8:
 168              	.LBE3:
 242:.\Generated_Source\PSoC4/cyfitter_cfg.c **** 		{
 169              		.loc 1 242 0 discriminator 3
 170 009e 0134     		add	r4, r4, #1
 171              	.LVL9:
 172 00a0 E4B2     		uxtb	r4, r4
 173              	.LVL10:
 174              	.L6:
 242:.\Generated_Source\PSoC4/cyfitter_cfg.c **** 		{
 175              		.loc 1 242 0 is_stmt 0 discriminator 1
 176 00a2 012C     		cmp	r4, #1
 177 00a4 ECD9     		bls	.L7
 246:.\Generated_Source\PSoC4/cyfitter_cfg.c **** 		}
 247:.\Generated_Source\PSoC4/cyfitter_cfg.c **** 
 248:.\Generated_Source\PSoC4/cyfitter_cfg.c **** 		/* HSIOM Starting address: CYDEV_HSIOM_BASE */
 249:.\Generated_Source\PSoC4/cyfitter_cfg.c **** 		CY_SET_XTND_REG32((void CYFAR *)(CYREG_HSIOM_PORT_SEL3), 0x0000EE00u);
 178              		.loc 1 249 0 is_stmt 1
 179 00a6 EE22     		mov	r2, #238
 180 00a8 1202     		lsl	r2, r2, #8
 181 00aa 144B     		ldr	r3, .L8+4
 182 00ac 1A60     		str	r2, [r3]
 250:.\Generated_Source\PSoC4/cyfitter_cfg.c **** 		CY_SET_XTND_REG32((void CYFAR *)(CYREG_HSIOM_PORT_SEL4), 0x000000EEu);
 183              		.loc 1 250 0
 184 00ae EE22     		mov	r2, #238
 185 00b0 134B     		ldr	r3, .L8+8
 186 00b2 1A60     		str	r2, [r3]
 251:.\Generated_Source\PSoC4/cyfitter_cfg.c **** 
 252:.\Generated_Source\PSoC4/cyfitter_cfg.c **** 		/* UDB_PA_3 Starting address: CYDEV_UDB_PA3_BASE */
 253:.\Generated_Source\PSoC4/cyfitter_cfg.c **** 		CY_SET_XTND_REG32((void CYFAR *)(CYDEV_UDB_PA3_BASE), 0x00990000u);
 187              		.loc 1 253 0
 188 00b4 9922     		mov	r2, #153
 189 00b6 1204     		lsl	r2, r2, #16
 190 00b8 124B     		ldr	r3, .L8+12
 191 00ba 1A60     		str	r2, [r3]
 254:.\Generated_Source\PSoC4/cyfitter_cfg.c **** 
 255:.\Generated_Source\PSoC4/cyfitter_cfg.c **** 		/* Enable digital routing */
 256:.\Generated_Source\PSoC4/cyfitter_cfg.c **** 		CY_SET_XTND_REG8((void *)CYREG_UDB_UDBIF_BANK_CTL, CY_GET_XTND_REG8((void *)CYREG_UDB_UDBIF_BANK_
 192              		.loc 1 256 0
 193 00bc 124B     		ldr	r3, .L8+16
 194 00be 1978     		ldrb	r1, [r3]
 195 00c0 0222     		mov	r2, #2
 196 00c2 0A43     		orr	r2, r1
 197 00c4 1A70     		strb	r2, [r3]
 257:.\Generated_Source\PSoC4/cyfitter_cfg.c **** 
ARM GAS  C:\Users\744\AppData\Local\Temp\cc3r5UaV.s 			page 9


 258:.\Generated_Source\PSoC4/cyfitter_cfg.c **** 		/* Enable UDB array */
 259:.\Generated_Source\PSoC4/cyfitter_cfg.c **** 		CY_SET_XTND_REG8((void *)CYREG_UDB_UDBIF_WAIT_CFG, (uint8)((CY_GET_XTND_REG8((void *)CYREG_UDB_UD
 198              		.loc 1 259 0
 199 00c6 1148     		ldr	r0, .L8+20
 200 00c8 0278     		ldrb	r2, [r0]
 201 00ca 3C21     		mov	r1, #60
 202 00cc 8A43     		bic	r2, r1
 203 00ce 2839     		sub	r1, r1, #40
 204 00d0 0A43     		orr	r2, r1
 205 00d2 0270     		strb	r2, [r0]
 260:.\Generated_Source\PSoC4/cyfitter_cfg.c **** 		CY_SET_XTND_REG8((void *)CYREG_UDB_UDBIF_BANK_CTL, (uint8)(CY_GET_XTND_REG8((void *)CYREG_UDB_UDB
 206              		.loc 1 260 0
 207 00d4 1978     		ldrb	r1, [r3]
 208 00d6 1622     		mov	r2, #22
 209 00d8 0A43     		orr	r2, r1
 210 00da 1A70     		strb	r2, [r3]
 211              	.LBE2:
 261:.\Generated_Source\PSoC4/cyfitter_cfg.c **** 	}
 262:.\Generated_Source\PSoC4/cyfitter_cfg.c **** 
 263:.\Generated_Source\PSoC4/cyfitter_cfg.c **** 	/* Perform second pass device configuration. These items must be configured in specific order afte
 264:.\Generated_Source\PSoC4/cyfitter_cfg.c **** 	/* IOPINS0_3 Starting address: CYDEV_PRT3_BASE */
 265:.\Generated_Source\PSoC4/cyfitter_cfg.c **** 	CY_SET_XTND_REG32((void CYFAR *)(CYREG_PRT3_PC), 0x00000D80u);
 212              		.loc 1 265 0
 213 00dc D822     		mov	r2, #216
 214 00de 1201     		lsl	r2, r2, #4
 215 00e0 0B4B     		ldr	r3, .L8+24
 216 00e2 1A60     		str	r2, [r3]
 266:.\Generated_Source\PSoC4/cyfitter_cfg.c **** 
 267:.\Generated_Source\PSoC4/cyfitter_cfg.c **** 	/* IOPINS0_4 Starting address: CYDEV_PRT4_BASE */
 268:.\Generated_Source\PSoC4/cyfitter_cfg.c **** 	CY_SET_XTND_REG32((void CYFAR *)(CYDEV_PRT4_BASE), 0x00000003u);
 217              		.loc 1 268 0
 218 00e4 0322     		mov	r2, #3
 219 00e6 0B4B     		ldr	r3, .L8+28
 220 00e8 1A60     		str	r2, [r3]
 269:.\Generated_Source\PSoC4/cyfitter_cfg.c **** 	CY_SET_XTND_REG32((void CYFAR *)(CYREG_PRT4_PC), 0x00000024u);
 221              		.loc 1 269 0
 222 00ea 2132     		add	r2, r2, #33
 223 00ec 0A4B     		ldr	r3, .L8+32
 224 00ee 1A60     		str	r2, [r3]
 270:.\Generated_Source\PSoC4/cyfitter_cfg.c **** 
 271:.\Generated_Source\PSoC4/cyfitter_cfg.c **** 
 272:.\Generated_Source\PSoC4/cyfitter_cfg.c **** 	/* Setup clocks based on selections from Clock DWR */
 273:.\Generated_Source\PSoC4/cyfitter_cfg.c **** 	ClockSetup();
 225              		.loc 1 273 0
 226 00f0 FFF786FF 		bl	ClockSetup
 227              	.LVL11:
 274:.\Generated_Source\PSoC4/cyfitter_cfg.c **** 
 275:.\Generated_Source\PSoC4/cyfitter_cfg.c **** 	/* Perform basic analog initialization to defaults */
 276:.\Generated_Source\PSoC4/cyfitter_cfg.c **** 	AnalogSetDefault();
 277:.\Generated_Source\PSoC4/cyfitter_cfg.c **** 
 278:.\Generated_Source\PSoC4/cyfitter_cfg.c **** }
 228              		.loc 1 278 0
 229              		@ sp needed
 230              	.LVL12:
 231 00f4 10BD     		pop	{r4, pc}
 232              	.L9:
 233 00f6 C046     		.align	2
ARM GAS  C:\Users\744\AppData\Local\Temp\cc3r5UaV.s 			page 10


 234              	.L8:
 235 00f8 00000000 		.word	.LANCHOR0
 236 00fc 0C000140 		.word	1073807372
 237 0100 10000140 		.word	1073807376
 238 0104 30500F40 		.word	1074745392
 239 0108 00700F40 		.word	1074753536
 240 010c 01700F40 		.word	1074753537
 241 0110 08030440 		.word	1074004744
 242 0114 00040440 		.word	1074004992
 243 0118 08040440 		.word	1074005000
 244              		.cfi_endproc
 245              	.LFE5:
 246              		.size	cyfitter_cfg, .-cyfitter_cfg
 247              		.section	.rodata
 248              		.align	2
 249              		.set	.LANCHOR0,. + 0
 250              		.type	cfg_memset_list.4716, %object
 251              		.size	cfg_memset_list.4716, 12
 252              	cfg_memset_list.4716:
 253 0000 00300F40 		.word	1074737152
 254 0004 0004     		.short	1024
 255 0006 00400F40 		.4byte	1074741248
 256 000a 0004     		.short	1024
 257              		.text
 258              	.Letext0:
 259              		.file 2 "c:\\program files (x86)\\cypress\\psoc creator\\3.3\\psoc creator\\import\\gnu\\arm\\4.9.
 260              		.file 3 ".\\Generated_Source\\PSoC4\\cytypes.h"
 261              		.file 4 ".\\Generated_Source\\PSoC4\\CyLib.h"
 262              		.section	.debug_info,"",%progbits
 263              	.Ldebug_info0:
 264 0000 8F020000 		.4byte	0x28f
 265 0004 0400     		.2byte	0x4
 266 0006 00000000 		.4byte	.Ldebug_abbrev0
 267 000a 04       		.byte	0x4
 268 000b 01       		.uleb128 0x1
 269 000c 8A010000 		.4byte	.LASF28
 270 0010 01       		.byte	0x1
 271 0011 46010000 		.4byte	.LASF29
 272 0015 BF000000 		.4byte	.LASF30
 273 0019 00000000 		.4byte	.Ldebug_ranges0+0
 274 001d 00000000 		.4byte	0
 275 0021 00000000 		.4byte	.Ldebug_line0
 276 0025 02       		.uleb128 0x2
 277 0026 04       		.byte	0x4
 278 0027 05       		.byte	0x5
 279 0028 696E7400 		.ascii	"int\000"
 280 002c 03       		.uleb128 0x3
 281 002d 06000000 		.4byte	.LASF11
 282 0031 02       		.byte	0x2
 283 0032 D4       		.byte	0xd4
 284 0033 37000000 		.4byte	0x37
 285 0037 04       		.uleb128 0x4
 286 0038 04       		.byte	0x4
 287 0039 07       		.byte	0x7
 288 003a B2000000 		.4byte	.LASF0
 289 003e 04       		.uleb128 0x4
 290 003f 01       		.byte	0x1
ARM GAS  C:\Users\744\AppData\Local\Temp\cc3r5UaV.s 			page 11


 291 0040 06       		.byte	0x6
 292 0041 40020000 		.4byte	.LASF1
 293 0045 04       		.uleb128 0x4
 294 0046 01       		.byte	0x1
 295 0047 08       		.byte	0x8
 296 0048 7C000000 		.4byte	.LASF2
 297 004c 04       		.uleb128 0x4
 298 004d 02       		.byte	0x2
 299 004e 05       		.byte	0x5
 300 004f 18020000 		.4byte	.LASF3
 301 0053 04       		.uleb128 0x4
 302 0054 02       		.byte	0x2
 303 0055 07       		.byte	0x7
 304 0056 37000000 		.4byte	.LASF4
 305 005a 04       		.uleb128 0x4
 306 005b 04       		.byte	0x4
 307 005c 05       		.byte	0x5
 308 005d 37020000 		.4byte	.LASF5
 309 0061 04       		.uleb128 0x4
 310 0062 04       		.byte	0x4
 311 0063 07       		.byte	0x7
 312 0064 5A000000 		.4byte	.LASF6
 313 0068 04       		.uleb128 0x4
 314 0069 08       		.byte	0x8
 315 006a 05       		.byte	0x5
 316 006b 77010000 		.4byte	.LASF7
 317 006f 04       		.uleb128 0x4
 318 0070 08       		.byte	0x8
 319 0071 07       		.byte	0x7
 320 0072 15010000 		.4byte	.LASF8
 321 0076 04       		.uleb128 0x4
 322 0077 04       		.byte	0x4
 323 0078 07       		.byte	0x7
 324 0079 6E010000 		.4byte	.LASF9
 325 007d 05       		.uleb128 0x5
 326 007e 04       		.byte	0x4
 327 007f 06       		.uleb128 0x6
 328 0080 04       		.byte	0x4
 329 0081 85000000 		.4byte	0x85
 330 0085 07       		.uleb128 0x7
 331 0086 04       		.uleb128 0x4
 332 0087 01       		.byte	0x1
 333 0088 08       		.byte	0x8
 334 0089 85010000 		.4byte	.LASF10
 335 008d 08       		.uleb128 0x8
 336 008e 6C000000 		.4byte	.LASF12
 337 0092 03       		.byte	0x3
 338 0093 3801     		.2byte	0x138
 339 0095 45000000 		.4byte	0x45
 340 0099 08       		.uleb128 0x8
 341 009a A4000000 		.4byte	.LASF13
 342 009e 03       		.byte	0x3
 343 009f 3901     		.2byte	0x139
 344 00a1 53000000 		.4byte	0x53
 345 00a5 08       		.uleb128 0x8
 346 00a6 AB000000 		.4byte	.LASF14
 347 00aa 03       		.byte	0x3
ARM GAS  C:\Users\744\AppData\Local\Temp\cc3r5UaV.s 			page 12


 348 00ab 3A01     		.2byte	0x13a
 349 00ad 61000000 		.4byte	0x61
 350 00b1 04       		.uleb128 0x4
 351 00b2 04       		.byte	0x4
 352 00b3 04       		.byte	0x4
 353 00b4 4A000000 		.4byte	.LASF15
 354 00b8 04       		.uleb128 0x4
 355 00b9 08       		.byte	0x8
 356 00ba 04       		.byte	0x4
 357 00bb 91000000 		.4byte	.LASF16
 358 00bf 08       		.uleb128 0x8
 359 00c0 55000000 		.4byte	.LASF17
 360 00c4 03       		.byte	0x3
 361 00c5 E201     		.2byte	0x1e2
 362 00c7 CB000000 		.4byte	0xcb
 363 00cb 09       		.uleb128 0x9
 364 00cc 8D000000 		.4byte	0x8d
 365 00d0 08       		.uleb128 0x8
 366 00d1 00000000 		.4byte	.LASF18
 367 00d5 03       		.byte	0x3
 368 00d6 E401     		.2byte	0x1e4
 369 00d8 DC000000 		.4byte	0xdc
 370 00dc 09       		.uleb128 0x9
 371 00dd A5000000 		.4byte	0xa5
 372 00e1 08       		.uleb128 0x8
 373 00e2 2C010000 		.4byte	.LASF19
 374 00e6 03       		.byte	0x3
 375 00e7 F401     		.2byte	0x1f4
 376 00e9 7F000000 		.4byte	0x7f
 377 00ed 0A       		.uleb128 0xa
 378 00ee 72000000 		.4byte	.LASF20
 379 00f2 01       		.byte	0x1
 380 00f3 3D       		.byte	0x3d
 381 00f4 00000000 		.4byte	.LFB0
 382 00f8 0C000000 		.4byte	.LFE0-.LFB0
 383 00fc 01       		.uleb128 0x1
 384 00fd 9C       		.byte	0x9c
 385 00fe 3A010000 		.4byte	0x13a
 386 0102 0B       		.uleb128 0xb
 387 0103 7300     		.ascii	"s\000"
 388 0105 01       		.byte	0x1
 389 0106 3D       		.byte	0x3d
 390 0107 7D000000 		.4byte	0x7d
 391 010b 00000000 		.4byte	.LLST0
 392 010f 0B       		.uleb128 0xb
 393 0110 6E00     		.ascii	"n\000"
 394 0112 01       		.byte	0x1
 395 0113 3D       		.byte	0x3d
 396 0114 2C000000 		.4byte	0x2c
 397 0118 21000000 		.4byte	.LLST1
 398 011c 0C       		.uleb128 0xc
 399 011d 0A000000 		.4byte	.LVL2
 400 0121 3D020000 		.4byte	0x23d
 401 0125 0D       		.uleb128 0xd
 402 0126 01       		.uleb128 0x1
 403 0127 52       		.byte	0x52
 404 0128 03       		.uleb128 0x3
ARM GAS  C:\Users\744\AppData\Local\Temp\cc3r5UaV.s 			page 13


 405 0129 F3       		.byte	0xf3
 406 012a 01       		.uleb128 0x1
 407 012b 51       		.byte	0x51
 408 012c 0D       		.uleb128 0xd
 409 012d 01       		.uleb128 0x1
 410 012e 51       		.byte	0x51
 411 012f 01       		.uleb128 0x1
 412 0130 30       		.byte	0x30
 413 0131 0D       		.uleb128 0xd
 414 0132 01       		.uleb128 0x1
 415 0133 50       		.byte	0x50
 416 0134 03       		.uleb128 0x3
 417 0135 F3       		.byte	0xf3
 418 0136 01       		.uleb128 0x1
 419 0137 50       		.byte	0x50
 420 0138 00       		.byte	0
 421 0139 00       		.byte	0
 422 013a 0A       		.uleb128 0xa
 423 013b 2C000000 		.4byte	.LASF21
 424 013f 01       		.byte	0x1
 425 0140 92       		.byte	0x92
 426 0141 00000000 		.4byte	.LFB3
 427 0145 78000000 		.4byte	.LFE3-.LFB3
 428 0149 01       		.uleb128 0x1
 429 014a 9C       		.byte	0x9c
 430 014b 85010000 		.4byte	0x185
 431 014f 0E       		.uleb128 0xe
 432 0150 14000000 		.4byte	.LVL3
 433 0154 5A020000 		.4byte	0x25a
 434 0158 62010000 		.4byte	0x162
 435 015c 0D       		.uleb128 0xd
 436 015d 01       		.uleb128 0x1
 437 015e 50       		.byte	0x50
 438 015f 01       		.uleb128 0x1
 439 0160 48       		.byte	0x48
 440 0161 00       		.byte	0
 441 0162 0E       		.uleb128 0xe
 442 0163 42000000 		.4byte	.LVL4
 443 0167 6B020000 		.4byte	0x26b
 444 016b 75010000 		.4byte	0x175
 445 016f 0D       		.uleb128 0xd
 446 0170 01       		.uleb128 0x1
 447 0171 50       		.byte	0x50
 448 0172 01       		.uleb128 0x1
 449 0173 39       		.byte	0x39
 450 0174 00       		.byte	0
 451 0175 0C       		.uleb128 0xc
 452 0176 48000000 		.4byte	.LVL5
 453 017a 85020000 		.4byte	0x285
 454 017e 0D       		.uleb128 0xd
 455 017f 01       		.uleb128 0x1
 456 0180 50       		.byte	0x50
 457 0181 01       		.uleb128 0x1
 458 0182 39       		.byte	0x39
 459 0183 00       		.byte	0
 460 0184 00       		.byte	0
 461 0185 0F       		.uleb128 0xf
ARM GAS  C:\Users\744\AppData\Local\Temp\cc3r5UaV.s 			page 14


 462 0186 00010000 		.4byte	.LASF31
 463 018a 01       		.byte	0x1
 464 018b DD       		.byte	0xdd
 465 018c 78000000 		.4byte	.LFB5
 466 0190 A4000000 		.4byte	.LFE5-.LFB5
 467 0194 01       		.uleb128 0x1
 468 0195 9C       		.byte	0x9c
 469 0196 3D020000 		.4byte	0x23d
 470 019a 10       		.uleb128 0x10
 471 019b 7C000000 		.4byte	.LBB2
 472 019f 60000000 		.4byte	.LBE2-.LBB2
 473 01a3 33020000 		.4byte	0x233
 474 01a7 11       		.uleb128 0x11
 475 01a8 06       		.byte	0x6
 476 01a9 01       		.byte	0x1
 477 01aa E4       		.byte	0xe4
 478 01ab C8010000 		.4byte	0x1c8
 479 01af 12       		.uleb128 0x12
 480 01b0 0D010000 		.4byte	.LASF22
 481 01b4 01       		.byte	0x1
 482 01b5 E5       		.byte	0xe5
 483 01b6 7D000000 		.4byte	0x7d
 484 01ba 00       		.byte	0
 485 01bb 12       		.uleb128 0x12
 486 01bc 50000000 		.4byte	.LASF23
 487 01c0 01       		.byte	0x1
 488 01c1 E6       		.byte	0xe6
 489 01c2 99000000 		.4byte	0x99
 490 01c6 04       		.byte	0x4
 491 01c7 00       		.byte	0
 492 01c8 03       		.uleb128 0x3
 493 01c9 39010000 		.4byte	.LASF24
 494 01cd 01       		.byte	0x1
 495 01ce E7       		.byte	0xe7
 496 01cf A7010000 		.4byte	0x1a7
 497 01d3 13       		.uleb128 0x13
 498 01d4 C8010000 		.4byte	0x1c8
 499 01d8 E3010000 		.4byte	0x1e3
 500 01dc 14       		.uleb128 0x14
 501 01dd 76000000 		.4byte	0x76
 502 01e1 01       		.byte	0x1
 503 01e2 00       		.byte	0
 504 01e3 15       		.uleb128 0x15
 505 01e4 1C000000 		.4byte	.LASF25
 506 01e8 01       		.byte	0x1
 507 01e9 E9       		.byte	0xe9
 508 01ea F4010000 		.4byte	0x1f4
 509 01ee 05       		.uleb128 0x5
 510 01ef 03       		.byte	0x3
 511 01f0 00000000 		.4byte	cfg_memset_list.4716
 512 01f4 16       		.uleb128 0x16
 513 01f5 D3010000 		.4byte	0x1d3
 514 01f9 17       		.uleb128 0x17
 515 01fa 6900     		.ascii	"i\000"
 516 01fc 01       		.byte	0x1
 517 01fd EF       		.byte	0xef
 518 01fe 8D000000 		.4byte	0x8d
ARM GAS  C:\Users\744\AppData\Local\Temp\cc3r5UaV.s 			page 15


 519 0202 4D000000 		.4byte	.LLST2
 520 0206 18       		.uleb128 0x18
 521 0207 80000000 		.4byte	.LBB3
 522 020b 1E000000 		.4byte	.LBE3-.LBB3
 523 020f 17       		.uleb128 0x17
 524 0210 6D7300   		.ascii	"ms\000"
 525 0213 01       		.byte	0x1
 526 0214 F4       		.byte	0xf4
 527 0215 1D020000 		.4byte	0x21d
 528 0219 77000000 		.4byte	.LLST3
 529 021d 06       		.uleb128 0x6
 530 021e 04       		.byte	0x4
 531 021f 23020000 		.4byte	0x223
 532 0223 16       		.uleb128 0x16
 533 0224 C8010000 		.4byte	0x1c8
 534 0228 19       		.uleb128 0x19
 535 0229 9E000000 		.4byte	.LVL8
 536 022d ED000000 		.4byte	0xed
 537 0231 00       		.byte	0
 538 0232 00       		.byte	0
 539 0233 19       		.uleb128 0x19
 540 0234 F4000000 		.4byte	.LVL11
 541 0238 3A010000 		.4byte	0x13a
 542 023c 00       		.byte	0
 543 023d 1A       		.uleb128 0x1a
 544 023e 8A000000 		.4byte	.LASF26
 545 0242 7D000000 		.4byte	0x7d
 546 0246 5A020000 		.4byte	0x25a
 547 024a 1B       		.uleb128 0x1b
 548 024b 7D000000 		.4byte	0x7d
 549 024f 1B       		.uleb128 0x1b
 550 0250 25000000 		.4byte	0x25
 551 0254 1B       		.uleb128 0x1b
 552 0255 76000000 		.4byte	0x76
 553 0259 00       		.byte	0
 554 025a 1C       		.uleb128 0x1c
 555 025b 22020000 		.4byte	.LASF27
 556 025f 04       		.byte	0x4
 557 0260 38       		.byte	0x38
 558 0261 6B020000 		.4byte	0x26b
 559 0265 1B       		.uleb128 0x1b
 560 0266 A5000000 		.4byte	0xa5
 561 026a 00       		.byte	0
 562 026b 1D       		.uleb128 0x1d
 563 026c 0D000000 		.4byte	.LASF32
 564 0270 04       		.byte	0x4
 565 0271 49       		.byte	0x49
 566 0272 E1000000 		.4byte	0xe1
 567 0276 85020000 		.4byte	0x285
 568 027a 1B       		.uleb128 0x1b
 569 027b 8D000000 		.4byte	0x8d
 570 027f 1B       		.uleb128 0x1b
 571 0280 E1000000 		.4byte	0xe1
 572 0284 00       		.byte	0
 573 0285 1E       		.uleb128 0x1e
 574 0286 98000000 		.4byte	.LASF33
 575 028a 04       		.byte	0x4
ARM GAS  C:\Users\744\AppData\Local\Temp\cc3r5UaV.s 			page 16


 576 028b 4F       		.byte	0x4f
 577 028c 1B       		.uleb128 0x1b
 578 028d 8D000000 		.4byte	0x8d
 579 0291 00       		.byte	0
 580 0292 00       		.byte	0
 581              		.section	.debug_abbrev,"",%progbits
 582              	.Ldebug_abbrev0:
 583 0000 01       		.uleb128 0x1
 584 0001 11       		.uleb128 0x11
 585 0002 01       		.byte	0x1
 586 0003 25       		.uleb128 0x25
 587 0004 0E       		.uleb128 0xe
 588 0005 13       		.uleb128 0x13
 589 0006 0B       		.uleb128 0xb
 590 0007 03       		.uleb128 0x3
 591 0008 0E       		.uleb128 0xe
 592 0009 1B       		.uleb128 0x1b
 593 000a 0E       		.uleb128 0xe
 594 000b 55       		.uleb128 0x55
 595 000c 17       		.uleb128 0x17
 596 000d 11       		.uleb128 0x11
 597 000e 01       		.uleb128 0x1
 598 000f 10       		.uleb128 0x10
 599 0010 17       		.uleb128 0x17
 600 0011 00       		.byte	0
 601 0012 00       		.byte	0
 602 0013 02       		.uleb128 0x2
 603 0014 24       		.uleb128 0x24
 604 0015 00       		.byte	0
 605 0016 0B       		.uleb128 0xb
 606 0017 0B       		.uleb128 0xb
 607 0018 3E       		.uleb128 0x3e
 608 0019 0B       		.uleb128 0xb
 609 001a 03       		.uleb128 0x3
 610 001b 08       		.uleb128 0x8
 611 001c 00       		.byte	0
 612 001d 00       		.byte	0
 613 001e 03       		.uleb128 0x3
 614 001f 16       		.uleb128 0x16
 615 0020 00       		.byte	0
 616 0021 03       		.uleb128 0x3
 617 0022 0E       		.uleb128 0xe
 618 0023 3A       		.uleb128 0x3a
 619 0024 0B       		.uleb128 0xb
 620 0025 3B       		.uleb128 0x3b
 621 0026 0B       		.uleb128 0xb
 622 0027 49       		.uleb128 0x49
 623 0028 13       		.uleb128 0x13
 624 0029 00       		.byte	0
 625 002a 00       		.byte	0
 626 002b 04       		.uleb128 0x4
 627 002c 24       		.uleb128 0x24
 628 002d 00       		.byte	0
 629 002e 0B       		.uleb128 0xb
 630 002f 0B       		.uleb128 0xb
 631 0030 3E       		.uleb128 0x3e
 632 0031 0B       		.uleb128 0xb
ARM GAS  C:\Users\744\AppData\Local\Temp\cc3r5UaV.s 			page 17


 633 0032 03       		.uleb128 0x3
 634 0033 0E       		.uleb128 0xe
 635 0034 00       		.byte	0
 636 0035 00       		.byte	0
 637 0036 05       		.uleb128 0x5
 638 0037 0F       		.uleb128 0xf
 639 0038 00       		.byte	0
 640 0039 0B       		.uleb128 0xb
 641 003a 0B       		.uleb128 0xb
 642 003b 00       		.byte	0
 643 003c 00       		.byte	0
 644 003d 06       		.uleb128 0x6
 645 003e 0F       		.uleb128 0xf
 646 003f 00       		.byte	0
 647 0040 0B       		.uleb128 0xb
 648 0041 0B       		.uleb128 0xb
 649 0042 49       		.uleb128 0x49
 650 0043 13       		.uleb128 0x13
 651 0044 00       		.byte	0
 652 0045 00       		.byte	0
 653 0046 07       		.uleb128 0x7
 654 0047 15       		.uleb128 0x15
 655 0048 00       		.byte	0
 656 0049 27       		.uleb128 0x27
 657 004a 19       		.uleb128 0x19
 658 004b 00       		.byte	0
 659 004c 00       		.byte	0
 660 004d 08       		.uleb128 0x8
 661 004e 16       		.uleb128 0x16
 662 004f 00       		.byte	0
 663 0050 03       		.uleb128 0x3
 664 0051 0E       		.uleb128 0xe
 665 0052 3A       		.uleb128 0x3a
 666 0053 0B       		.uleb128 0xb
 667 0054 3B       		.uleb128 0x3b
 668 0055 05       		.uleb128 0x5
 669 0056 49       		.uleb128 0x49
 670 0057 13       		.uleb128 0x13
 671 0058 00       		.byte	0
 672 0059 00       		.byte	0
 673 005a 09       		.uleb128 0x9
 674 005b 35       		.uleb128 0x35
 675 005c 00       		.byte	0
 676 005d 49       		.uleb128 0x49
 677 005e 13       		.uleb128 0x13
 678 005f 00       		.byte	0
 679 0060 00       		.byte	0
 680 0061 0A       		.uleb128 0xa
 681 0062 2E       		.uleb128 0x2e
 682 0063 01       		.byte	0x1
 683 0064 03       		.uleb128 0x3
 684 0065 0E       		.uleb128 0xe
 685 0066 3A       		.uleb128 0x3a
 686 0067 0B       		.uleb128 0xb
 687 0068 3B       		.uleb128 0x3b
 688 0069 0B       		.uleb128 0xb
 689 006a 27       		.uleb128 0x27
ARM GAS  C:\Users\744\AppData\Local\Temp\cc3r5UaV.s 			page 18


 690 006b 19       		.uleb128 0x19
 691 006c 11       		.uleb128 0x11
 692 006d 01       		.uleb128 0x1
 693 006e 12       		.uleb128 0x12
 694 006f 06       		.uleb128 0x6
 695 0070 40       		.uleb128 0x40
 696 0071 18       		.uleb128 0x18
 697 0072 9742     		.uleb128 0x2117
 698 0074 19       		.uleb128 0x19
 699 0075 01       		.uleb128 0x1
 700 0076 13       		.uleb128 0x13
 701 0077 00       		.byte	0
 702 0078 00       		.byte	0
 703 0079 0B       		.uleb128 0xb
 704 007a 05       		.uleb128 0x5
 705 007b 00       		.byte	0
 706 007c 03       		.uleb128 0x3
 707 007d 08       		.uleb128 0x8
 708 007e 3A       		.uleb128 0x3a
 709 007f 0B       		.uleb128 0xb
 710 0080 3B       		.uleb128 0x3b
 711 0081 0B       		.uleb128 0xb
 712 0082 49       		.uleb128 0x49
 713 0083 13       		.uleb128 0x13
 714 0084 02       		.uleb128 0x2
 715 0085 17       		.uleb128 0x17
 716 0086 00       		.byte	0
 717 0087 00       		.byte	0
 718 0088 0C       		.uleb128 0xc
 719 0089 898201   		.uleb128 0x4109
 720 008c 01       		.byte	0x1
 721 008d 11       		.uleb128 0x11
 722 008e 01       		.uleb128 0x1
 723 008f 31       		.uleb128 0x31
 724 0090 13       		.uleb128 0x13
 725 0091 00       		.byte	0
 726 0092 00       		.byte	0
 727 0093 0D       		.uleb128 0xd
 728 0094 8A8201   		.uleb128 0x410a
 729 0097 00       		.byte	0
 730 0098 02       		.uleb128 0x2
 731 0099 18       		.uleb128 0x18
 732 009a 9142     		.uleb128 0x2111
 733 009c 18       		.uleb128 0x18
 734 009d 00       		.byte	0
 735 009e 00       		.byte	0
 736 009f 0E       		.uleb128 0xe
 737 00a0 898201   		.uleb128 0x4109
 738 00a3 01       		.byte	0x1
 739 00a4 11       		.uleb128 0x11
 740 00a5 01       		.uleb128 0x1
 741 00a6 31       		.uleb128 0x31
 742 00a7 13       		.uleb128 0x13
 743 00a8 01       		.uleb128 0x1
 744 00a9 13       		.uleb128 0x13
 745 00aa 00       		.byte	0
 746 00ab 00       		.byte	0
ARM GAS  C:\Users\744\AppData\Local\Temp\cc3r5UaV.s 			page 19


 747 00ac 0F       		.uleb128 0xf
 748 00ad 2E       		.uleb128 0x2e
 749 00ae 01       		.byte	0x1
 750 00af 3F       		.uleb128 0x3f
 751 00b0 19       		.uleb128 0x19
 752 00b1 03       		.uleb128 0x3
 753 00b2 0E       		.uleb128 0xe
 754 00b3 3A       		.uleb128 0x3a
 755 00b4 0B       		.uleb128 0xb
 756 00b5 3B       		.uleb128 0x3b
 757 00b6 0B       		.uleb128 0xb
 758 00b7 27       		.uleb128 0x27
 759 00b8 19       		.uleb128 0x19
 760 00b9 11       		.uleb128 0x11
 761 00ba 01       		.uleb128 0x1
 762 00bb 12       		.uleb128 0x12
 763 00bc 06       		.uleb128 0x6
 764 00bd 40       		.uleb128 0x40
 765 00be 18       		.uleb128 0x18
 766 00bf 9742     		.uleb128 0x2117
 767 00c1 19       		.uleb128 0x19
 768 00c2 01       		.uleb128 0x1
 769 00c3 13       		.uleb128 0x13
 770 00c4 00       		.byte	0
 771 00c5 00       		.byte	0
 772 00c6 10       		.uleb128 0x10
 773 00c7 0B       		.uleb128 0xb
 774 00c8 01       		.byte	0x1
 775 00c9 11       		.uleb128 0x11
 776 00ca 01       		.uleb128 0x1
 777 00cb 12       		.uleb128 0x12
 778 00cc 06       		.uleb128 0x6
 779 00cd 01       		.uleb128 0x1
 780 00ce 13       		.uleb128 0x13
 781 00cf 00       		.byte	0
 782 00d0 00       		.byte	0
 783 00d1 11       		.uleb128 0x11
 784 00d2 13       		.uleb128 0x13
 785 00d3 01       		.byte	0x1
 786 00d4 0B       		.uleb128 0xb
 787 00d5 0B       		.uleb128 0xb
 788 00d6 3A       		.uleb128 0x3a
 789 00d7 0B       		.uleb128 0xb
 790 00d8 3B       		.uleb128 0x3b
 791 00d9 0B       		.uleb128 0xb
 792 00da 01       		.uleb128 0x1
 793 00db 13       		.uleb128 0x13
 794 00dc 00       		.byte	0
 795 00dd 00       		.byte	0
 796 00de 12       		.uleb128 0x12
 797 00df 0D       		.uleb128 0xd
 798 00e0 00       		.byte	0
 799 00e1 03       		.uleb128 0x3
 800 00e2 0E       		.uleb128 0xe
 801 00e3 3A       		.uleb128 0x3a
 802 00e4 0B       		.uleb128 0xb
 803 00e5 3B       		.uleb128 0x3b
ARM GAS  C:\Users\744\AppData\Local\Temp\cc3r5UaV.s 			page 20


 804 00e6 0B       		.uleb128 0xb
 805 00e7 49       		.uleb128 0x49
 806 00e8 13       		.uleb128 0x13
 807 00e9 38       		.uleb128 0x38
 808 00ea 0B       		.uleb128 0xb
 809 00eb 00       		.byte	0
 810 00ec 00       		.byte	0
 811 00ed 13       		.uleb128 0x13
 812 00ee 01       		.uleb128 0x1
 813 00ef 01       		.byte	0x1
 814 00f0 49       		.uleb128 0x49
 815 00f1 13       		.uleb128 0x13
 816 00f2 01       		.uleb128 0x1
 817 00f3 13       		.uleb128 0x13
 818 00f4 00       		.byte	0
 819 00f5 00       		.byte	0
 820 00f6 14       		.uleb128 0x14
 821 00f7 21       		.uleb128 0x21
 822 00f8 00       		.byte	0
 823 00f9 49       		.uleb128 0x49
 824 00fa 13       		.uleb128 0x13
 825 00fb 2F       		.uleb128 0x2f
 826 00fc 0B       		.uleb128 0xb
 827 00fd 00       		.byte	0
 828 00fe 00       		.byte	0
 829 00ff 15       		.uleb128 0x15
 830 0100 34       		.uleb128 0x34
 831 0101 00       		.byte	0
 832 0102 03       		.uleb128 0x3
 833 0103 0E       		.uleb128 0xe
 834 0104 3A       		.uleb128 0x3a
 835 0105 0B       		.uleb128 0xb
 836 0106 3B       		.uleb128 0x3b
 837 0107 0B       		.uleb128 0xb
 838 0108 49       		.uleb128 0x49
 839 0109 13       		.uleb128 0x13
 840 010a 02       		.uleb128 0x2
 841 010b 18       		.uleb128 0x18
 842 010c 00       		.byte	0
 843 010d 00       		.byte	0
 844 010e 16       		.uleb128 0x16
 845 010f 26       		.uleb128 0x26
 846 0110 00       		.byte	0
 847 0111 49       		.uleb128 0x49
 848 0112 13       		.uleb128 0x13
 849 0113 00       		.byte	0
 850 0114 00       		.byte	0
 851 0115 17       		.uleb128 0x17
 852 0116 34       		.uleb128 0x34
 853 0117 00       		.byte	0
 854 0118 03       		.uleb128 0x3
 855 0119 08       		.uleb128 0x8
 856 011a 3A       		.uleb128 0x3a
 857 011b 0B       		.uleb128 0xb
 858 011c 3B       		.uleb128 0x3b
 859 011d 0B       		.uleb128 0xb
 860 011e 49       		.uleb128 0x49
ARM GAS  C:\Users\744\AppData\Local\Temp\cc3r5UaV.s 			page 21


 861 011f 13       		.uleb128 0x13
 862 0120 02       		.uleb128 0x2
 863 0121 17       		.uleb128 0x17
 864 0122 00       		.byte	0
 865 0123 00       		.byte	0
 866 0124 18       		.uleb128 0x18
 867 0125 0B       		.uleb128 0xb
 868 0126 01       		.byte	0x1
 869 0127 11       		.uleb128 0x11
 870 0128 01       		.uleb128 0x1
 871 0129 12       		.uleb128 0x12
 872 012a 06       		.uleb128 0x6
 873 012b 00       		.byte	0
 874 012c 00       		.byte	0
 875 012d 19       		.uleb128 0x19
 876 012e 898201   		.uleb128 0x4109
 877 0131 00       		.byte	0
 878 0132 11       		.uleb128 0x11
 879 0133 01       		.uleb128 0x1
 880 0134 31       		.uleb128 0x31
 881 0135 13       		.uleb128 0x13
 882 0136 00       		.byte	0
 883 0137 00       		.byte	0
 884 0138 1A       		.uleb128 0x1a
 885 0139 2E       		.uleb128 0x2e
 886 013a 01       		.byte	0x1
 887 013b 3F       		.uleb128 0x3f
 888 013c 19       		.uleb128 0x19
 889 013d 03       		.uleb128 0x3
 890 013e 0E       		.uleb128 0xe
 891 013f 27       		.uleb128 0x27
 892 0140 19       		.uleb128 0x19
 893 0141 49       		.uleb128 0x49
 894 0142 13       		.uleb128 0x13
 895 0143 34       		.uleb128 0x34
 896 0144 19       		.uleb128 0x19
 897 0145 3C       		.uleb128 0x3c
 898 0146 19       		.uleb128 0x19
 899 0147 01       		.uleb128 0x1
 900 0148 13       		.uleb128 0x13
 901 0149 00       		.byte	0
 902 014a 00       		.byte	0
 903 014b 1B       		.uleb128 0x1b
 904 014c 05       		.uleb128 0x5
 905 014d 00       		.byte	0
 906 014e 49       		.uleb128 0x49
 907 014f 13       		.uleb128 0x13
 908 0150 00       		.byte	0
 909 0151 00       		.byte	0
 910 0152 1C       		.uleb128 0x1c
 911 0153 2E       		.uleb128 0x2e
 912 0154 01       		.byte	0x1
 913 0155 3F       		.uleb128 0x3f
 914 0156 19       		.uleb128 0x19
 915 0157 03       		.uleb128 0x3
 916 0158 0E       		.uleb128 0xe
 917 0159 3A       		.uleb128 0x3a
ARM GAS  C:\Users\744\AppData\Local\Temp\cc3r5UaV.s 			page 22


 918 015a 0B       		.uleb128 0xb
 919 015b 3B       		.uleb128 0x3b
 920 015c 0B       		.uleb128 0xb
 921 015d 27       		.uleb128 0x27
 922 015e 19       		.uleb128 0x19
 923 015f 3C       		.uleb128 0x3c
 924 0160 19       		.uleb128 0x19
 925 0161 01       		.uleb128 0x1
 926 0162 13       		.uleb128 0x13
 927 0163 00       		.byte	0
 928 0164 00       		.byte	0
 929 0165 1D       		.uleb128 0x1d
 930 0166 2E       		.uleb128 0x2e
 931 0167 01       		.byte	0x1
 932 0168 3F       		.uleb128 0x3f
 933 0169 19       		.uleb128 0x19
 934 016a 03       		.uleb128 0x3
 935 016b 0E       		.uleb128 0xe
 936 016c 3A       		.uleb128 0x3a
 937 016d 0B       		.uleb128 0xb
 938 016e 3B       		.uleb128 0x3b
 939 016f 0B       		.uleb128 0xb
 940 0170 27       		.uleb128 0x27
 941 0171 19       		.uleb128 0x19
 942 0172 49       		.uleb128 0x49
 943 0173 13       		.uleb128 0x13
 944 0174 3C       		.uleb128 0x3c
 945 0175 19       		.uleb128 0x19
 946 0176 01       		.uleb128 0x1
 947 0177 13       		.uleb128 0x13
 948 0178 00       		.byte	0
 949 0179 00       		.byte	0
 950 017a 1E       		.uleb128 0x1e
 951 017b 2E       		.uleb128 0x2e
 952 017c 01       		.byte	0x1
 953 017d 3F       		.uleb128 0x3f
 954 017e 19       		.uleb128 0x19
 955 017f 03       		.uleb128 0x3
 956 0180 0E       		.uleb128 0xe
 957 0181 3A       		.uleb128 0x3a
 958 0182 0B       		.uleb128 0xb
 959 0183 3B       		.uleb128 0x3b
 960 0184 0B       		.uleb128 0xb
 961 0185 27       		.uleb128 0x27
 962 0186 19       		.uleb128 0x19
 963 0187 3C       		.uleb128 0x3c
 964 0188 19       		.uleb128 0x19
 965 0189 00       		.byte	0
 966 018a 00       		.byte	0
 967 018b 00       		.byte	0
 968              		.section	.debug_loc,"",%progbits
 969              	.Ldebug_loc0:
 970              	.LLST0:
 971 0000 00000000 		.4byte	.LVL0
 972 0004 09000000 		.4byte	.LVL2-1
 973 0008 0100     		.2byte	0x1
 974 000a 50       		.byte	0x50
ARM GAS  C:\Users\744\AppData\Local\Temp\cc3r5UaV.s 			page 23


 975 000b 09000000 		.4byte	.LVL2-1
 976 000f 0C000000 		.4byte	.LFE0
 977 0013 0400     		.2byte	0x4
 978 0015 F3       		.byte	0xf3
 979 0016 01       		.uleb128 0x1
 980 0017 50       		.byte	0x50
 981 0018 9F       		.byte	0x9f
 982 0019 00000000 		.4byte	0
 983 001d 00000000 		.4byte	0
 984              	.LLST1:
 985 0021 00000000 		.4byte	.LVL0
 986 0025 06000000 		.4byte	.LVL1
 987 0029 0100     		.2byte	0x1
 988 002b 51       		.byte	0x51
 989 002c 06000000 		.4byte	.LVL1
 990 0030 09000000 		.4byte	.LVL2-1
 991 0034 0100     		.2byte	0x1
 992 0036 52       		.byte	0x52
 993 0037 09000000 		.4byte	.LVL2-1
 994 003b 0C000000 		.4byte	.LFE0
 995 003f 0400     		.2byte	0x4
 996 0041 F3       		.byte	0xf3
 997 0042 01       		.uleb128 0x1
 998 0043 51       		.byte	0x51
 999 0044 9F       		.byte	0x9f
 1000 0045 00000000 		.4byte	0
 1001 0049 00000000 		.4byte	0
 1002              	.LLST2:
 1003 004d 7C000000 		.4byte	.LVL6
 1004 0051 80000000 		.4byte	.LVL7
 1005 0055 0200     		.2byte	0x2
 1006 0057 30       		.byte	0x30
 1007 0058 9F       		.byte	0x9f
 1008 0059 80000000 		.4byte	.LVL7
 1009 005d A0000000 		.4byte	.LVL9
 1010 0061 0100     		.2byte	0x1
 1011 0063 54       		.byte	0x54
 1012 0064 A2000000 		.4byte	.LVL10
 1013 0068 F4000000 		.4byte	.LVL12
 1014 006c 0100     		.2byte	0x1
 1015 006e 54       		.byte	0x54
 1016 006f 00000000 		.4byte	0
 1017 0073 00000000 		.4byte	0
 1018              	.LLST3:
 1019 0077 80000000 		.4byte	.LVL7
 1020 007b A0000000 		.4byte	.LVL9
 1021 007f 0B00     		.2byte	0xb
 1022 0081 74       		.byte	0x74
 1023 0082 00       		.sleb128 0
 1024 0083 36       		.byte	0x36
 1025 0084 1E       		.byte	0x1e
 1026 0085 03       		.byte	0x3
 1027 0086 00000000 		.4byte	cfg_memset_list.4716
 1028 008a 22       		.byte	0x22
 1029 008b 9F       		.byte	0x9f
 1030 008c A0000000 		.4byte	.LVL9
 1031 0090 A2000000 		.4byte	.LVL10
ARM GAS  C:\Users\744\AppData\Local\Temp\cc3r5UaV.s 			page 24


 1032 0094 0B00     		.2byte	0xb
 1033 0096 74       		.byte	0x74
 1034 0097 7F       		.sleb128 -1
 1035 0098 36       		.byte	0x36
 1036 0099 1E       		.byte	0x1e
 1037 009a 03       		.byte	0x3
 1038 009b 00000000 		.4byte	cfg_memset_list.4716
 1039 009f 22       		.byte	0x22
 1040 00a0 9F       		.byte	0x9f
 1041 00a1 00000000 		.4byte	0
 1042 00a5 00000000 		.4byte	0
 1043              		.section	.debug_aranges,"",%progbits
 1044 0000 2C000000 		.4byte	0x2c
 1045 0004 0200     		.2byte	0x2
 1046 0006 00000000 		.4byte	.Ldebug_info0
 1047 000a 04       		.byte	0x4
 1048 000b 00       		.byte	0
 1049 000c 0000     		.2byte	0
 1050 000e 0000     		.2byte	0
 1051 0010 00000000 		.4byte	.LFB0
 1052 0014 0C000000 		.4byte	.LFE0-.LFB0
 1053 0018 00000000 		.4byte	.LFB3
 1054 001c 78000000 		.4byte	.LFE3-.LFB3
 1055 0020 78000000 		.4byte	.LFB5
 1056 0024 A4000000 		.4byte	.LFE5-.LFB5
 1057 0028 00000000 		.4byte	0
 1058 002c 00000000 		.4byte	0
 1059              		.section	.debug_ranges,"",%progbits
 1060              	.Ldebug_ranges0:
 1061 0000 00000000 		.4byte	.LFB0
 1062 0004 0C000000 		.4byte	.LFE0
 1063 0008 00000000 		.4byte	.LFB3
 1064 000c 78000000 		.4byte	.LFE3
 1065 0010 78000000 		.4byte	.LFB5
 1066 0014 1C010000 		.4byte	.LFE5
 1067 0018 00000000 		.4byte	0
 1068 001c 00000000 		.4byte	0
 1069              		.section	.debug_line,"",%progbits
 1070              	.Ldebug_line0:
 1071 0000 2F010000 		.section	.debug_str,"MS",%progbits,1
 1071      0200D800 
 1071      00000201 
 1071      FB0E0D00 
 1071      01010101 
 1072              	.LASF18:
 1073 0000 72656733 		.ascii	"reg32\000"
 1073      3200
 1074              	.LASF11:
 1075 0006 73697A65 		.ascii	"size_t\000"
 1075      5F7400
 1076              	.LASF32:
 1077 000d 4379496E 		.ascii	"CyIntSetVector\000"
 1077      74536574 
 1077      56656374 
 1077      6F7200
 1078              	.LASF25:
 1079 001c 6366675F 		.ascii	"cfg_memset_list\000"
ARM GAS  C:\Users\744\AppData\Local\Temp\cc3r5UaV.s 			page 25


 1079      6D656D73 
 1079      65745F6C 
 1079      69737400 
 1080              	.LASF21:
 1081 002c 436C6F63 		.ascii	"ClockSetup\000"
 1081      6B536574 
 1081      757000
 1082              	.LASF4:
 1083 0037 73686F72 		.ascii	"short unsigned int\000"
 1083      7420756E 
 1083      7369676E 
 1083      65642069 
 1083      6E7400
 1084              	.LASF15:
 1085 004a 666C6F61 		.ascii	"float\000"
 1085      7400
 1086              	.LASF23:
 1087 0050 73697A65 		.ascii	"size\000"
 1087      00
 1088              	.LASF17:
 1089 0055 72656738 		.ascii	"reg8\000"
 1089      00
 1090              	.LASF6:
 1091 005a 6C6F6E67 		.ascii	"long unsigned int\000"
 1091      20756E73 
 1091      69676E65 
 1091      6420696E 
 1091      7400
 1092              	.LASF12:
 1093 006c 75696E74 		.ascii	"uint8\000"
 1093      3800
 1094              	.LASF20:
 1095 0072 43594D45 		.ascii	"CYMEMZERO\000"
 1095      4D5A4552 
 1095      4F00
 1096              	.LASF2:
 1097 007c 756E7369 		.ascii	"unsigned char\000"
 1097      676E6564 
 1097      20636861 
 1097      7200
 1098              	.LASF26:
 1099 008a 6D656D73 		.ascii	"memset\000"
 1099      657400
 1100              	.LASF16:
 1101 0091 646F7562 		.ascii	"double\000"
 1101      6C6500
 1102              	.LASF33:
 1103 0098 4379496E 		.ascii	"CyIntEnable\000"
 1103      74456E61 
 1103      626C6500 
 1104              	.LASF13:
 1105 00a4 75696E74 		.ascii	"uint16\000"
 1105      313600
 1106              	.LASF14:
 1107 00ab 75696E74 		.ascii	"uint32\000"
 1107      333200
 1108              	.LASF0:
ARM GAS  C:\Users\744\AppData\Local\Temp\cc3r5UaV.s 			page 26


 1109 00b2 756E7369 		.ascii	"unsigned int\000"
 1109      676E6564 
 1109      20696E74 
 1109      00
 1110              	.LASF30:
 1111 00bf 453A5C37 		.ascii	"E:\\744\\Education\\Git\\PSoC4_Projects\\Diploma_sk"
 1111      34345C45 
 1111      64756361 
 1111      74696F6E 
 1111      5C476974 
 1112 00ed 65746368 		.ascii	"etch\\i2c_LCD.cydsn\000"
 1112      5C693263 
 1112      5F4C4344 
 1112      2E637964 
 1112      736E00
 1113              	.LASF31:
 1114 0100 63796669 		.ascii	"cyfitter_cfg\000"
 1114      74746572 
 1114      5F636667 
 1114      00
 1115              	.LASF22:
 1116 010d 61646472 		.ascii	"address\000"
 1116      65737300 
 1117              	.LASF8:
 1118 0115 6C6F6E67 		.ascii	"long long unsigned int\000"
 1118      206C6F6E 
 1118      6720756E 
 1118      7369676E 
 1118      65642069 
 1119              	.LASF19:
 1120 012c 63796973 		.ascii	"cyisraddress\000"
 1120      72616464 
 1120      72657373 
 1120      00
 1121              	.LASF24:
 1122 0139 6366675F 		.ascii	"cfg_memset_t\000"
 1122      6D656D73 
 1122      65745F74 
 1122      00
 1123              	.LASF29:
 1124 0146 2E5C4765 		.ascii	".\\Generated_Source\\PSoC4\\cyfitter_cfg.c\000"
 1124      6E657261 
 1124      7465645F 
 1124      536F7572 
 1124      63655C50 
 1125              	.LASF9:
 1126 016e 73697A65 		.ascii	"sizetype\000"
 1126      74797065 
 1126      00
 1127              	.LASF7:
 1128 0177 6C6F6E67 		.ascii	"long long int\000"
 1128      206C6F6E 
 1128      6720696E 
 1128      7400
 1129              	.LASF10:
 1130 0185 63686172 		.ascii	"char\000"
 1130      00
ARM GAS  C:\Users\744\AppData\Local\Temp\cc3r5UaV.s 			page 27


 1131              	.LASF28:
 1132 018a 474E5520 		.ascii	"GNU C 4.9.3 20150303 (release) [ARM/embedded-4_9-br"
 1132      4320342E 
 1132      392E3320 
 1132      32303135 
 1132      30333033 
 1133 01bd 616E6368 		.ascii	"anch revision 221220] -mcpu=cortex-m0 -mthumb -g -O"
 1133      20726576 
 1133      6973696F 
 1133      6E203232 
 1133      31323230 
 1134 01f0 67202D66 		.ascii	"g -ffunction-sections -ffat-lto-objects\000"
 1134      66756E63 
 1134      74696F6E 
 1134      2D736563 
 1134      74696F6E 
 1135              	.LASF3:
 1136 0218 73686F72 		.ascii	"short int\000"
 1136      7420696E 
 1136      7400
 1137              	.LASF27:
 1138 0222 43795379 		.ascii	"CySysClkWriteImoFreq\000"
 1138      73436C6B 
 1138      57726974 
 1138      65496D6F 
 1138      46726571 
 1139              	.LASF5:
 1140 0237 6C6F6E67 		.ascii	"long int\000"
 1140      20696E74 
 1140      00
 1141              	.LASF1:
 1142 0240 7369676E 		.ascii	"signed char\000"
 1142      65642063 
 1142      68617200 
 1143              		.ident	"GCC: (GNU Tools for ARM Embedded Processors) 4.9.3 20150303 (release) [ARM/embedded-4_9-br
