Archive member included because of file (symbol)

.\CortexM0\ARM_GCC_493\Debug\Security_system.a(cyfitter_cfg.o)
                              .\CortexM0\ARM_GCC_493\Debug\Cm0Start.o (cyfitter_cfg)
.\CortexM0\ARM_GCC_493\Debug\Security_system.a(CyLib.o)
                              .\CortexM0\ARM_GCC_493\Debug\Security_system.a(cyfitter_cfg.o) (CyIntEnable)
.\CortexM0\ARM_GCC_493\Debug\Security_system.a(CyLFClk.o)
                              .\CortexM0\ARM_GCC_493\Debug\Security_system.a(cyfitter_cfg.o) (CySysWdtIsr)
.\CortexM0\ARM_GCC_493\Debug\Security_system.a(KBD_ROWPins.o)
                              .\CortexM0\ARM_GCC_493\Debug\Keyboard.o (KBD_ROWPins_Write)
.\CortexM0\ARM_GCC_493\Debug\Security_system.a(Debounce_Timer.o)
                              .\CortexM0\ARM_GCC_493\Debug\Keyboard.o (Debounce_Timer_ReadStatusRegister)
.\CortexM0\ARM_GCC_493\Debug\Security_system.a(Debounce_Int.o)
                              .\CortexM0\ARM_GCC_493\Debug\Keyboard.o (Debounce_Int_StartEx)
.\CortexM0\ARM_GCC_493\Debug\Security_system.a(KBD_COLPins.o)
                              .\CortexM0\ARM_GCC_493\Debug\Keyboard.o (KBD_COLPins_Write)
.\CortexM0\ARM_GCC_493\Debug\Security_system.a(PIR_4.o)
                              .\CortexM0\ARM_GCC_493\Debug\main.o (PIR_4_Read)
.\CortexM0\ARM_GCC_493\Debug\Security_system.a(LED_RED.o)
                              .\CortexM0\ARM_GCC_493\Debug\main.o (LED_RED_Write)
.\CortexM0\ARM_GCC_493\Debug\Security_system.a(LED_GREEN.o)
                              .\CortexM0\ARM_GCC_493\Debug\main.o (LED_GREEN_Write)
.\CortexM0\ARM_GCC_493\Debug\Security_system.a(I2C.o)
                              .\CortexM0\ARM_GCC_493\Debug\main.o (I2C_Start)
.\CortexM0\ARM_GCC_493\Debug\Security_system.a(I2C_I2C.o)
                              .\CortexM0\ARM_GCC_493\Debug\Security_system.a(I2C.o) (I2C_I2CInit)
.\CortexM0\ARM_GCC_493\Debug\Security_system.a(I2C_I2C_MASTER.o)
                              .\CortexM0\ARM_GCC_493\Debug\LiquidCrystal_I2C.o (I2C_I2CMasterSendStart)
.\CortexM0\ARM_GCC_493\Debug\Security_system.a(UART.o)
                              .\CortexM0\ARM_GCC_493\Debug\main.o (UART_Start)
.\CortexM0\ARM_GCC_493\Debug\Security_system.a(UART_UART.o)
                              .\CortexM0\ARM_GCC_493\Debug\Security_system.a(UART.o) (UART_UartInit)
.\CortexM0\ARM_GCC_493\Debug\Security_system.a(Buzzer.o)
                              .\CortexM0\ARM_GCC_493\Debug\main.o (Buzzer_Write)
.\CortexM0\ARM_GCC_493\Debug\Security_system.a(PIR_1.o)
                              .\CortexM0\ARM_GCC_493\Debug\main.o (PIR_1_Read)
.\CortexM0\ARM_GCC_493\Debug\Security_system.a(PIR_2.o)
                              .\CortexM0\ARM_GCC_493\Debug\main.o (PIR_2_Read)
.\CortexM0\ARM_GCC_493\Debug\Security_system.a(PIR_3.o)
                              .\CortexM0\ARM_GCC_493\Debug\main.o (PIR_3_Read)
.\CortexM0\ARM_GCC_493\Debug\Security_system.a(I2C_sda.o)
                              .\CortexM0\ARM_GCC_493\Debug\Security_system.a(I2C_I2C_MASTER.o) (I2C_sda_Read)
.\CortexM0\ARM_GCC_493\Debug\Security_system.a(I2C_scl.o)
                              .\CortexM0\ARM_GCC_493\Debug\Security_system.a(I2C_I2C_MASTER.o) (I2C_scl_Write)
.\CortexM0\ARM_GCC_493\Debug\Security_system.a(Alarm_Timer.o)
                              .\CortexM0\ARM_GCC_493\Debug\main.o (Alarm_Timer_Start)
.\CortexM0\ARM_GCC_493\Debug\Security_system.a(CyBootAsmGnu.o)
                              .\CortexM0\ARM_GCC_493\Debug\Security_system.a(CyLib.o) (CyDelayCycles)
.\CortexM0\ARM_GCC_493\Debug\Security_system.a(cyutils.o)
                              .\CortexM0\ARM_GCC_493\Debug\Security_system.a(Debounce_Timer.o) (CySetReg24)
.\CortexM0\ARM_GCC_493\Debug\Security_system.a(I2C_I2C_INT.o)
                              .\CortexM0\ARM_GCC_493\Debug\Security_system.a(I2C_I2C.o) (I2C_I2C_ISR)
.\CortexM0\ARM_GCC_493\Debug\Security_system.a(UART_SPI_UART.o)
                              .\CortexM0\ARM_GCC_493\Debug\Security_system.a(UART_UART.o) (UART_SpiUartReadRxData)
c:/program files/cypress/psoc creator/3.3/psoc creator/import/gnu/arm/4.9.3/bin/../lib/gcc/arm-none-eabi/4.9.3/armv6-m\libgcc.a(_udivsi3.o)
                              .\CortexM0\ARM_GCC_493\Debug\Security_system.a(CyLib.o) (__aeabi_uidiv)
c:/program files/cypress/psoc creator/3.3/psoc creator/import/gnu/arm/4.9.3/bin/../lib/gcc/arm-none-eabi/4.9.3/armv6-m\libgcc.a(_dvmd_tls.o)
                              c:/program files/cypress/psoc creator/3.3/psoc creator/import/gnu/arm/4.9.3/bin/../lib/gcc/arm-none-eabi/4.9.3/armv6-m\libgcc.a(_udivsi3.o) (__aeabi_idiv0)
c:/program files/cypress/psoc creator/3.3/psoc creator/import/gnu/arm/4.9.3/bin/../lib/gcc/arm-none-eabi/4.9.3/../../../../arm-none-eabi/lib/armv6-m\libg_nano.a(lib_a-errno.o)
                              .\CortexM0\ARM_GCC_493\Debug\Cm0Start.o (__errno)
[...]
Memory Configuration

Name             Origin             Length             Attributes
rom              0x00000000         0x00008000         xr
ram              0x20000000         0x00001000         xrw
*default*        0x00000000         0xffffffff

Linker script and memory map

LOAD c:/program files/cypress/psoc creator/3.3/psoc creator/import/gnu/arm/4.9.3/bin/../lib/gcc/arm-none-eabi/4.9.3/armv6-m/crti.o
LOAD c:/program files/cypress/psoc creator/3.3/psoc creator/import/gnu/arm/4.9.3/bin/../lib/gcc/arm-none-eabi/4.9.3/armv6-m/crtbegin.o
LOAD c:/program files/cypress/psoc creator/3.3/psoc creator/import/gnu/arm/4.9.3/bin/../lib/gcc/arm-none-eabi/4.9.3/../../../../arm-none-eabi/lib/armv6-m/crt0.o
START GROUP
LOAD .\CortexM0\ARM_GCC_493\Debug\main.o
LOAD .\CortexM0\ARM_GCC_493\Debug\Keyboard.o
LOAD .\CortexM0\ARM_GCC_493\Debug\LiquidCrystal_I2C.o
LOAD .\CortexM0\ARM_GCC_493\Debug\cymetadata.o
LOAD .\CortexM0\ARM_GCC_493\Debug\Cm0Start.o
LOAD .\CortexM0\ARM_GCC_493\Debug\Security_system.a
LOAD C:\Program Files\Cypress\PSoC Creator\3.3\PSoC Creator\psoc\content\cycomponentlibrary\CyComponentLibrary.cylib\CortexM0\ARM_GCC_493\Debug\CyComponentLibrary.a
END GROUP
START GROUP
LOAD c:/program files/cypress/psoc creator/3.3/psoc creator/import/gnu/arm/4.9.3/bin/../lib/gcc/arm-none-eabi/4.9.3/armv6-m\libgcc.a
LOAD c:/program files/cypress/psoc creator/3.3/psoc creator/import/gnu/arm/4.9.3/bin/../lib/gcc/arm-none-eabi/4.9.3/../../../../arm-none-eabi/lib/armv6-m\libg_nano.a
LOAD c:/program files/cypress/psoc creator/3.3/psoc creator/import/gnu/arm/4.9.3/bin/../lib/gcc/arm-none-eabi/4.9.3/../../../../arm-none-eabi/lib/armv6-m\libc_nano.a
END GROUP
START GROUP
LOAD c:/program files/cypress/psoc creator/3.3/psoc creator/import/gnu/arm/4.9.3/bin/../lib/gcc/arm-none-eabi/4.9.3/armv6-m\libgcc.a
LOAD c:/program files/cypress/psoc creator/3.3/psoc creator/import/gnu/arm/4.9.3/bin/../lib/gcc/arm-none-eabi/4.9.3/../../../../arm-none-eabi/lib/armv6-m\libc_nano.a
END GROUP
LOAD c:/program files/cypress/psoc creator/3.3/psoc creator/import/gnu/arm/4.9.3/bin/../lib/gcc/arm-none-eabi/4.9.3/armv6-m/crtend.o
LOAD c:/program files/cypress/psoc creator/3.3/psoc creator/import/gnu/arm/4.9.3/bin/../lib/gcc/arm-none-eabi/4.9.3/armv6-m/crtn.o
START GROUP
LOAD c:/program files/cypress/psoc creator/3.3/psoc creator/import/gnu/arm/4.9.3/bin/../lib/gcc/arm-none-eabi/4.9.3/armv6-m\libgcc.a
LOAD c:/program files/cypress/psoc creator/3.3/psoc creator/import/gnu/arm/4.9.3/bin/../lib/gcc/arm-none-eabi/4.9.3/../../../../arm-none-eabi/lib/armv6-m\libc.a
LOAD c:/program files/cypress/psoc creator/3.3/psoc creator/import/gnu/arm/4.9.3/bin/../lib/gcc/arm-none-eabi/4.9.3/../../../../arm-none-eabi/lib/armv6-m\libnosys.a
END GROUP
                0x00000000                CY_APPL_ORIGIN = 0x0
                0x00000080                CY_FLASH_ROW_SIZE = 0x80
                0x00000001                CY_APPL_NUM = 0x1
                0x00000001                CY_APPL_MAX = 0x1
                0x00000040                CY_METADATA_SIZE = 0x40
                0x00000000                CY_APPL_LOADABLE = 0x0
                0x00000000                CY_CHECKSUM_EXCLUDE_SIZE = ALIGN (0x0, CY_FLASH_ROW_SIZE)
                0x00000000                CY_APP_FOR_STACK_AND_COPIER = 0x0
                0x200001c0                PROVIDE (__cy_heap_start, _end)
                0x00000001                PROVIDE (__cy_region_num, ((__cy_regions_end - __cy_regions) / 0x10))
                0x20001000                PROVIDE (__cy_stack, (ORIGIN (ram) + 0x1000))
                0x20000c00                PROVIDE (__cy_heap_end, (__cy_stack - 0x400))

.cybootloader   0x00000000        0x0
 *(.cybootloader)
                0x00000000                appl1_start = CY_APPL_ORIGIN?CY_APPL_ORIGIN:ALIGN (CY_FLASH_ROW_SIZE)
                0x00003f80                appl2_start = (appl1_start + ALIGN ((((0x8000 - appl1_start) - (0x2 * CY_FLASH_ROW_SIZE)) / 0x2), CY_FLASH_ROW_SIZE))
                0x00000000                appl_start = (CY_APPL_NUM == 0x1)?appl1_start:appl2_start
                0x00000001                cy_project_type_bootloader = (appl_start == 0x0)?0x1:0x0
                0x00000000                cy_project_type_app_for_stack_and_copier = (CY_APP_FOR_STACK_AND_COPIER == 0x1)?0x1:0x0

.text           0x00000000     0x1a5e
 CREATE_OBJECT_SYMBOLS
                0x00000000                PROVIDE (__cy_interrupt_vector, RomVectors)
 *(.romvectors)
 .romvectors    0x00000000       0x10 .\CortexM0\ARM_GCC_493\Debug\Cm0Start.o
                0x00000000                RomVectors
                0x00000001                ASSERT ((. != __cy_interrupt_vector), No interrupt vector)
                0x00000001                ASSERT (CY_APPL_ORIGIN?(SIZEOF (.cybootloader) <= CY_APPL_ORIGIN):0x1, Wrong image location)
                0x00000010                PROVIDE (__cy_reset, Reset)
 *(.text.Reset)
 .text.Reset    0x00000010        0x8 .\CortexM0\ARM_GCC_493\Debug\Cm0Start.o
                0x00000010                Reset
                0x00000001                ASSERT ((. != __cy_reset), No reset code)
 *(.psocinit)
 .psocinit      0x00000018      0x1e0 .\CortexM0\ARM_GCC_493\Debug\Security_system.a(cyfitter_cfg.o)
                0x000000a8                cyfitter_cfg
                0x000001f8                . = MAX (., 0x100)
 *(.text .text.* .gnu.linkonce.t.*)
 .text          0x000001f8       0x60 c:/program files/cypress/psoc creator/3.3/psoc creator/import/gnu/arm/4.9.3/bin/../lib/gcc/arm-none-eabi/4.9.3/armv6-m/crtbegin.o
 .text.key_id   0x00000258      0x104 .\CortexM0\ARM_GCC_493\Debug\main.o
                0x00000258                key_id
 .text.input_char
                0x0000035c       0x20 .\CortexM0\ARM_GCC_493\Debug\main.o
                0x0000035c                input_char
 .text.discard  0x0000037c       0x2c .\CortexM0\ARM_GCC_493\Debug\main.o
                0x0000037c                discard
 .text.accept   0x000003a8       0xa8 .\CortexM0\ARM_GCC_493\Debug\main.o
                0x000003a8                accept
 .text.password
                0x00000450       0xa8 .\CortexM0\ARM_GCC_493\Debug\main.o
                0x00000450                password
 .text.motion_detection
                0x000004f8      0x108 .\CortexM0\ARM_GCC_493\Debug\main.o
                0x000004f8                motion_detection
 .text.main     0x00000600       0xd0 .\CortexM0\ARM_GCC_493\Debug\main.o
                0x00000600                main
 .text.Keyboard_Init
                0x000006d0       0x14 .\CortexM0\ARM_GCC_493\Debug\Keyboard.o
                0x000006d0                Keyboard_Init
 .text.Put_KBD_Char
                0x000006e4       0x2c .\CortexM0\ARM_GCC_493\Debug\Keyboard.o
                0x000006e4                Put_KBD_Char
 .text.KBD_Char_Ready
                0x00000710       0x14 .\CortexM0\ARM_GCC_493\Debug\Keyboard.o
                0x00000710                KBD_Char_Ready
 .text.Get_KBD_Char
                0x00000724       0x2c .\CortexM0\ARM_GCC_493\Debug\Keyboard.o
                0x00000724                Get_KBD_Char
 .text.LowestBitPosition
                0x00000750       0x1c .\CortexM0\ARM_GCC_493\Debug\Keyboard.o
                0x00000750                LowestBitPosition
 .text.ReadMatrix
                0x0000076c       0x54 .\CortexM0\ARM_GCC_493\Debug\Keyboard.o
                0x0000076c                ReadMatrix
 .text.Key_Debounce
                0x000007c0       0xac .\CortexM0\ARM_GCC_493\Debug\Keyboard.o
                0x000007c0                Key_Debounce
 .text.LiquidCrystal_I2C_init
                0x0000086c       0x30 .\CortexM0\ARM_GCC_493\Debug\LiquidCrystal_I2C.o
                0x0000086c                LiquidCrystal_I2C_init
 .text.I2C_M_write_byte
                0x0000089c       0x18 .\CortexM0\ARM_GCC_493\Debug\LiquidCrystal_I2C.o
                0x0000089c                I2C_M_write_byte
 .text.expanderWrite
                0x000008b4       0x20 .\CortexM0\ARM_GCC_493\Debug\LiquidCrystal_I2C.o
                0x000008b4                expanderWrite
 .text.pulseEnable
                0x000008d4       0x24 .\CortexM0\ARM_GCC_493\Debug\LiquidCrystal_I2C.o
                0x000008d4                pulseEnable
 .text.write4bits
                0x000008f8       0x10 .\CortexM0\ARM_GCC_493\Debug\LiquidCrystal_I2C.o
                0x000008f8                write4bits
 .text.send     0x00000908       0x24 .\CortexM0\ARM_GCC_493\Debug\LiquidCrystal_I2C.o
                0x00000908                send
 .text.command  0x0000092c        0xc .\CortexM0\ARM_GCC_493\Debug\LiquidCrystal_I2C.o
                0x0000092c                command
 .text.clear    0x00000938       0x10 .\CortexM0\ARM_GCC_493\Debug\LiquidCrystal_I2C.o
                0x00000938                clear
 .text.home     0x00000948       0x10 .\CortexM0\ARM_GCC_493\Debug\LiquidCrystal_I2C.o
                0x00000948                home
 .text.setCursor
                0x00000958       0x40 .\CortexM0\ARM_GCC_493\Debug\LiquidCrystal_I2C.o
                0x00000958                setCursor
 .text.display  0x00000998       0x1c .\CortexM0\ARM_GCC_493\Debug\LiquidCrystal_I2C.o
                0x00000998                display
 .text.write    0x000009b4        0xc .\CortexM0\ARM_GCC_493\Debug\LiquidCrystal_I2C.o
                0x000009b4                write
 .text.LCD_print
                0x000009c0       0x20 .\CortexM0\ARM_GCC_493\Debug\LiquidCrystal_I2C.o
                0x000009c0                LCD_print
 .text.begin    0x000009e0       0xb8 .\CortexM0\ARM_GCC_493\Debug\LiquidCrystal_I2C.o
                0x000009e0                begin
 .text.IntDefaultHandler
                0x00000a98        0x4 .\CortexM0\ARM_GCC_493\Debug\Cm0Start.o
                0x00000a98                IntDefaultHandler
 .text.Start_c  0x00000a9c       0x48 .\CortexM0\ARM_GCC_493\Debug\Cm0Start.o
                0x00000a9c                Start_c
 .text.initialize_psoc
                0x00000ae4       0x48 .\CortexM0\ARM_GCC_493\Debug\Cm0Start.o
                0x00000ae4                initialize_psoc
 .text.cfg_write_bytes32
                0x00000b2c       0x34 .\CortexM0\ARM_GCC_493\Debug\Security_system.a(cyfitter_cfg.o)
 .text.CYMEMZERO
                0x00000b60        0xc .\CortexM0\ARM_GCC_493\Debug\Security_system.a(cyfitter_cfg.o)
 .text.CyIntEnable
                0x00000b6c       0x14 .\CortexM0\ARM_GCC_493\Debug\Security_system.a(CyLib.o)
                0x00000b6c                CyIntEnable
 .text.CyIntDisable
                0x00000b80       0x14 .\CortexM0\ARM_GCC_493\Debug\Security_system.a(CyLib.o)
                0x00000b80                CyIntDisable
 .text.CyHalt   0x00000b94        0x4 .\CortexM0\ARM_GCC_493\Debug\Security_system.a(CyLib.o)
                0x00000b94                CyHalt
 .text.CyIntSetVector
                0x00000b98       0x24 .\CortexM0\ARM_GCC_493\Debug\Security_system.a(CyLib.o)
                0x00000b98                CyIntSetVector
 .text.CyIntSetPriority
                0x00000bbc       0x4c .\CortexM0\ARM_GCC_493\Debug\Security_system.a(CyLib.o)
                0x00000bbc                CyIntSetPriority
 .text.CyDelay  0x00000c08       0x30 .\CortexM0\ARM_GCC_493\Debug\Security_system.a(CyLib.o)
                0x00000c08                CyDelay
 .text.CyDelayUs
                0x00000c38       0x14 .\CortexM0\ARM_GCC_493\Debug\Security_system.a(CyLib.o)
                0x00000c38                CyDelayUs
 .text.CySysClkWriteImoFreq
                0x00000c4c      0x164 .\CortexM0\ARM_GCC_493\Debug\Security_system.a(CyLib.o)
                0x00000c4c                CySysClkWriteImoFreq
 .text.CySysWdtLocked
                0x00000db0       0x14 .\CortexM0\ARM_GCC_493\Debug\Security_system.a(CyLFClk.o)
 .text.CySysWdtLock
                0x00000dc4       0x1c .\CortexM0\ARM_GCC_493\Debug\Security_system.a(CyLFClk.o)
                0x00000dc4                CySysWdtLock
 .text.CySysWdtUnlock
                0x00000de0       0x30 .\CortexM0\ARM_GCC_493\Debug\Security_system.a(CyLFClk.o)
                0x00000de0                CySysWdtUnlock
 .text.CySysWdtClearInterrupt
                0x00000e10       0x4c .\CortexM0\ARM_GCC_493\Debug\Security_system.a(CyLFClk.o)
                0x00000e10                CySysWdtClearInterrupt
 .text.CySysWdtIsr
                0x00000e5c       0xa4 .\CortexM0\ARM_GCC_493\Debug\Security_system.a(CyLFClk.o)
                0x00000e5c                CySysWdtIsr
 .text.KBD_ROWPins_Write
                0x00000f00       0x18 .\CortexM0\ARM_GCC_493\Debug\Security_system.a(KBD_ROWPins.o)
                0x00000f00                KBD_ROWPins_Write
 .text.KBD_ROWPins_Read
                0x00000f18       0x10 .\CortexM0\ARM_GCC_493\Debug\Security_system.a(KBD_ROWPins.o)
                0x00000f18                KBD_ROWPins_Read
 .text.Debounce_Timer_Enable
                0x00000f28       0x10 .\CortexM0\ARM_GCC_493\Debug\Security_system.a(Debounce_Timer.o)
                0x00000f28                Debounce_Timer_Enable
 .text.Debounce_Timer_SetInterruptMode
                0x00000f38        0xc .\CortexM0\ARM_GCC_493\Debug\Security_system.a(Debounce_Timer.o)
                0x00000f38                Debounce_Timer_SetInterruptMode
 .text.Debounce_Timer_ReadStatusRegister
                0x00000f44        0xc .\CortexM0\ARM_GCC_493\Debug\Security_system.a(Debounce_Timer.o)
                0x00000f44                Debounce_Timer_ReadStatusRegister
 .text.Debounce_Timer_WritePeriod
                0x00000f50       0x10 .\CortexM0\ARM_GCC_493\Debug\Security_system.a(Debounce_Timer.o)
                0x00000f50                Debounce_Timer_WritePeriod
 .text.Debounce_Timer_ReadCapture
                0x00000f60       0x10 .\CortexM0\ARM_GCC_493\Debug\Security_system.a(Debounce_Timer.o)
                0x00000f60                Debounce_Timer_ReadCapture
 .text.Debounce_Timer_WriteCounter
                0x00000f70       0x10 .\CortexM0\ARM_GCC_493\Debug\Security_system.a(Debounce_Timer.o)
                0x00000f70                Debounce_Timer_WriteCounter
 .text.Debounce_Timer_ClearFIFO
                0x00000f80       0x14 .\CortexM0\ARM_GCC_493\Debug\Security_system.a(Debounce_Timer.o)
                0x00000f80                Debounce_Timer_ClearFIFO
 .text.Debounce_Timer_Init
                0x00000f94       0x38 .\CortexM0\ARM_GCC_493\Debug\Security_system.a(Debounce_Timer.o)
                0x00000f94                Debounce_Timer_Init
 .text.Debounce_Timer_Start
                0x00000fcc       0x20 .\CortexM0\ARM_GCC_493\Debug\Security_system.a(Debounce_Timer.o)
                0x00000fcc                Debounce_Timer_Start
 .text.Debounce_Int_SetVector
                0x00000fec        0xc .\CortexM0\ARM_GCC_493\Debug\Security_system.a(Debounce_Int.o)
                0x00000fec                Debounce_Int_SetVector
 .text.Debounce_Int_SetPriority
                0x00000ff8       0x24 .\CortexM0\ARM_GCC_493\Debug\Security_system.a(Debounce_Int.o)
                0x00000ff8                Debounce_Int_SetPriority
 .text.Debounce_Int_Enable
                0x0000101c        0xc .\CortexM0\ARM_GCC_493\Debug\Security_system.a(Debounce_Int.o)
                0x0000101c                Debounce_Int_Enable
 .text.Debounce_Int_Disable
                0x00001028        0xc .\CortexM0\ARM_GCC_493\Debug\Security_system.a(Debounce_Int.o)
                0x00001028                Debounce_Int_Disable
 .text.Debounce_Int_StartEx
                0x00001034       0x1c .\CortexM0\ARM_GCC_493\Debug\Security_system.a(Debounce_Int.o)
                0x00001034                Debounce_Int_StartEx
 .text.KBD_COLPins_Write
                0x00001050       0x18 .\CortexM0\ARM_GCC_493\Debug\Security_system.a(KBD_COLPins.o)
                0x00001050                KBD_COLPins_Write
 .text.KBD_COLPins_Read
                0x00001068       0x10 .\CortexM0\ARM_GCC_493\Debug\Security_system.a(KBD_COLPins.o)
                0x00001068                KBD_COLPins_Read
 .text.PIR_4_Read
                0x00001078       0x10 .\CortexM0\ARM_GCC_493\Debug\Security_system.a(PIR_4.o)
                0x00001078                PIR_4_Read
 .text.LED_RED_Write
                0x00001088       0x18 .\CortexM0\ARM_GCC_493\Debug\Security_system.a(LED_RED.o)
                0x00001088                LED_RED_Write
 .text.LED_GREEN_Write
                0x000010a0       0x18 .\CortexM0\ARM_GCC_493\Debug\Security_system.a(LED_GREEN.o)
                0x000010a0                LED_GREEN_Write
 .text.I2C_ScbEnableIntr
                0x000010b8        0xc .\CortexM0\ARM_GCC_493\Debug\Security_system.a(I2C.o)
 .text.I2C_Init
                0x000010c4        0x8 .\CortexM0\ARM_GCC_493\Debug\Security_system.a(I2C.o)
                0x000010c4                I2C_Init
 .text.I2C_Enable
                0x000010cc       0x18 .\CortexM0\ARM_GCC_493\Debug\Security_system.a(I2C.o)
                0x000010cc                I2C_Enable
 .text.I2C_Start
                0x000010e4       0x20 .\CortexM0\ARM_GCC_493\Debug\Security_system.a(I2C.o)
                0x000010e4                I2C_Start
 .text.I2C_I2CInit
                0x00001104       0xcc .\CortexM0\ARM_GCC_493\Debug\Security_system.a(I2C_I2C.o)
                0x00001104                I2C_I2CInit
 .text.I2C_I2CMasterSendStart
                0x000011d0       0xd8 .\CortexM0\ARM_GCC_493\Debug\Security_system.a(I2C_I2C_MASTER.o)
                0x000011d0                I2C_I2CMasterSendStart
 .text.I2C_I2CMasterSendStop
                0x000012a8       0x8c .\CortexM0\ARM_GCC_493\Debug\Security_system.a(I2C_I2C_MASTER.o)
                0x000012a8                I2C_I2CMasterSendStop
 .text.I2C_I2CMasterWriteByte
                0x00001334       0x98 .\CortexM0\ARM_GCC_493\Debug\Security_system.a(I2C_I2C_MASTER.o)
                0x00001334                I2C_I2CMasterWriteByte
 .text.UART_ScbModePostEnable
                0x000013cc        0x8 .\CortexM0\ARM_GCC_493\Debug\Security_system.a(UART.o)
 .text.UART_Init
                0x000013d4        0x8 .\CortexM0\ARM_GCC_493\Debug\Security_system.a(UART.o)
                0x000013d4                UART_Init
 .text.UART_Enable
                0x000013dc       0x18 .\CortexM0\ARM_GCC_493\Debug\Security_system.a(UART.o)
                0x000013dc                UART_Enable
 .text.UART_Start
                0x000013f4       0x20 .\CortexM0\ARM_GCC_493\Debug\Security_system.a(UART.o)
                0x000013f4                UART_Start
 .text.UART_UartInit
                0x00001414       0x8c .\CortexM0\ARM_GCC_493\Debug\Security_system.a(UART_UART.o)
                0x00001414                UART_UartInit
 .text.UART_UartPostEnable
                0x000014a0        0x4 .\CortexM0\ARM_GCC_493\Debug\Security_system.a(UART_UART.o)
                0x000014a0                UART_UartPostEnable
 .text.UART_UartGetChar
                0x000014a4       0x2c .\CortexM0\ARM_GCC_493\Debug\Security_system.a(UART_UART.o)
                0x000014a4                UART_UartGetChar
 .text.Buzzer_Write
                0x000014d0       0x18 .\CortexM0\ARM_GCC_493\Debug\Security_system.a(Buzzer.o)
                0x000014d0                Buzzer_Write
 .text.Buzzer_Read
                0x000014e8       0x10 .\CortexM0\ARM_GCC_493\Debug\Security_system.a(Buzzer.o)
                0x000014e8                Buzzer_Read
 .text.PIR_1_Read
                0x000014f8       0x10 .\CortexM0\ARM_GCC_493\Debug\Security_system.a(PIR_1.o)
                0x000014f8                PIR_1_Read
 .text.PIR_2_Read
                0x00001508       0x10 .\CortexM0\ARM_GCC_493\Debug\Security_system.a(PIR_2.o)
                0x00001508                PIR_2_Read
 .text.PIR_3_Read
                0x00001518       0x10 .\CortexM0\ARM_GCC_493\Debug\Security_system.a(PIR_3.o)
                0x00001518                PIR_3_Read
 .text.Alarm_Timer_Enable
                0x00001528       0x10 .\CortexM0\ARM_GCC_493\Debug\Security_system.a(Alarm_Timer.o)
                0x00001528                Alarm_Timer_Enable
 .text.Alarm_Timer_SetInterruptMode
                0x00001538        0xc .\CortexM0\ARM_GCC_493\Debug\Security_system.a(Alarm_Timer.o)
                0x00001538                Alarm_Timer_SetInterruptMode
 .text.Alarm_Timer_ReadStatusRegister
                0x00001544        0xc .\CortexM0\ARM_GCC_493\Debug\Security_system.a(Alarm_Timer.o)
                0x00001544                Alarm_Timer_ReadStatusRegister
 .text.Alarm_Timer_WritePeriod
                0x00001550        0xc .\CortexM0\ARM_GCC_493\Debug\Security_system.a(Alarm_Timer.o)
                0x00001550                Alarm_Timer_WritePeriod
 .text.Alarm_Timer_ReadCapture
                0x0000155c        0xc .\CortexM0\ARM_GCC_493\Debug\Security_system.a(Alarm_Timer.o)
                0x0000155c                Alarm_Timer_ReadCapture
 .text.Alarm_Timer_WriteCounter
                0x00001568        0xc .\CortexM0\ARM_GCC_493\Debug\Security_system.a(Alarm_Timer.o)
                0x00001568                Alarm_Timer_WriteCounter
 .text.Alarm_Timer_ClearFIFO
                0x00001574       0x14 .\CortexM0\ARM_GCC_493\Debug\Security_system.a(Alarm_Timer.o)
                0x00001574                Alarm_Timer_ClearFIFO
 .text.Alarm_Timer_Init
                0x00001588       0x30 .\CortexM0\ARM_GCC_493\Debug\Security_system.a(Alarm_Timer.o)
                0x00001588                Alarm_Timer_Init
 .text.Alarm_Timer_Start
                0x000015b8       0x20 .\CortexM0\ARM_GCC_493\Debug\Security_system.a(Alarm_Timer.o)
                0x000015b8                Alarm_Timer_Start
 .text          0x000015d8       0x28 .\CortexM0\ARM_GCC_493\Debug\Security_system.a(CyBootAsmGnu.o)
                0x000015d8                CyDelayCycles
                0x000015ec                CyEnterCriticalSection
                0x000015f4                CyExitCriticalSection
 .text.CySetReg24
                0x00001600       0x14 .\CortexM0\ARM_GCC_493\Debug\Security_system.a(cyutils.o)
                0x00001600                CySetReg24
 .text.CyGetReg24
                0x00001614       0x10 .\CortexM0\ARM_GCC_493\Debug\Security_system.a(cyutils.o)
                0x00001614                CyGetReg24
 .text.I2C_I2C_ISR
                0x00001624      0x3a0 .\CortexM0\ARM_GCC_493\Debug\Security_system.a(I2C_I2C_INT.o)
                0x00001624                I2C_I2C_ISR
 .text.UART_SpiUartReadRxData
                0x000019c4        0xc .\CortexM0\ARM_GCC_493\Debug\Security_system.a(UART_SPI_UART.o)
                0x000019c4                UART_SpiUartReadRxData
 .text.UART_SpiUartGetRxBufferSize
                0x000019d0       0x10 .\CortexM0\ARM_GCC_493\Debug\Security_system.a(UART_SPI_UART.o)
                0x000019d0                UART_SpiUartGetRxBufferSize
 .text.__libc_init_array
                0x000019e0       0x4c c:/program files/cypress/psoc creator/3.3/psoc creator/import/gnu/arm/4.9.3/bin/../lib/gcc/arm-none-eabi/4.9.3/../../../../arm-none-eabi/lib/armv6-m\libg_nano.a(lib_a-init.o)
                0x000019e0                __libc_init_array
 .text.memset   0x00001a2c       0x10 c:/program files/cypress/psoc creator/3.3/psoc creator/import/gnu/arm/4.9.3/bin/../lib/gcc/arm-none-eabi/4.9.3/../../../../arm-none-eabi/lib/armv6-m\libg_nano.a(lib_a-memset.o)
                0x00001a2c                memset
 .text          0x00001a3c       0x14 c:/program files/cypress/psoc creator/3.3/psoc creator/import/gnu/arm/4.9.3/bin/../lib/gcc/arm-none-eabi/4.9.3/../../../../arm-none-eabi/lib/armv6-m\libg_nano.a(lib_a-strcmp.o)
                0x00001a3c                strcmp
 .text.strlen   0x00001a50        0xe c:/program files/cypress/psoc creator/3.3/psoc creator/import/gnu/arm/4.9.3/bin/../lib/gcc/arm-none-eabi/4.9.3/../../../../arm-none-eabi/lib/armv6-m\libg_nano.a(lib_a-strlen.o)
                0x00001a50                strlen
 *(.plt)
 *(.gnu.warning)
 *(.glue_7t)
 .glue_7t       0x00000000        0x0 linker stubs
 *(.glue_7)
 .glue_7        0x00000000        0x0 linker stubs
 *(.vfp11_veneer)
 .vfp11_veneer  0x00000000        0x0 linker stubs
 *(.bootloader)
 *(.ARM.extab* .gnu.linkonce.armextab.*)
 *(.gcc_except_table)

.v4_bx          0x00001a60        0x0
 .v4_bx         0x00000000        0x0 linker stubs

.iplt           0x00001a60        0x0
 .iplt          0x00000000        0x0 c:/program files/cypress/psoc creator/3.3/psoc creator/import/gnu/arm/4.9.3/bin/../lib/gcc/arm-none-eabi/4.9.3/armv6-m/crtbegin.o

.eh_frame_hdr
 *(.eh_frame_hdr)

.eh_frame       0x00001a60       0x2c
 *(.eh_frame)
 .eh_frame      0x00001a60        0x0 c:/program files/cypress/psoc creator/3.3/psoc creator/import/gnu/arm/4.9.3/bin/../lib/gcc/arm-none-eabi/4.9.3/armv6-m/crtbegin.o
 .eh_frame      0x00001a60       0x28 c:/program files/cypress/psoc creator/3.3/psoc creator/import/gnu/arm/4.9.3/bin/../lib/gcc/arm-none-eabi/4.9.3/../../../../arm-none-eabi/lib/armv6-m\libg_nano.a(lib_a-strcmp.o)
 .eh_frame      0x00001a88        0x4 c:/program files/cypress/psoc creator/3.3/psoc creator/import/gnu/arm/4.9.3/bin/../lib/gcc/arm-none-eabi/4.9.3/armv6-m/crtend.o
                0x00001a8c                PROVIDE (__exidx_start, .)

.ARM.exidx
 *(.ARM.exidx* .gnu.linkonce.armexidx.*)
                0x00001a8c                __exidx_end = .

.rodata         0x00001a8c      0x2f4
 *(.rodata .rodata.* .gnu.linkonce.r.*)
 .rodata        0x00001a8c       0x5c .\CortexM0\ARM_GCC_493\Debug\main.o
 .rodata.str1.4
                0x00001ae8       0xa8 .\CortexM0\ARM_GCC_493\Debug\main.o
                                 0xb0 (size before relaxing)
 .rodata        0x00001b90       0x10 .\CortexM0\ARM_GCC_493\Debug\Keyboard.o
                0x00001b90                TranslateTable
 .rodata        0x00001ba0       0x10 .\CortexM0\ARM_GCC_493\Debug\LiquidCrystal_I2C.o
 .rodata        0x00001bb0      0x168 .\CortexM0\ARM_GCC_493\Debug\Security_system.a(cyfitter_cfg.o)
 .rodata        0x00001d18       0x30 .\CortexM0\ARM_GCC_493\Debug\Security_system.a(CyLib.o)
                0x00001d18                cyImoFreqMhz2Reg
                0x00001d48                . = ALIGN (0x4)
 *(.init)
 .init          0x00001d48        0x4 c:/program files/cypress/psoc creator/3.3/psoc creator/import/gnu/arm/4.9.3/bin/../lib/gcc/arm-none-eabi/4.9.3/armv6-m/crti.o
                0x00001d48                _init
 .init          0x00001d4c        0x8 c:/program files/cypress/psoc creator/3.3/psoc creator/import/gnu/arm/4.9.3/bin/../lib/gcc/arm-none-eabi/4.9.3/armv6-m/crtn.o
                0x00001d54                . = ALIGN (0x4)
                0x00001d54                __preinit_array_start = .
 *(.preinit_array)
                0x00001d54                __preinit_array_end = .
                0x00001d54                . = ALIGN (0x4)
                0x00001d54                __init_array_start = .
 *(SORT(.init_array.*))
 *(.init_array)
 .init_array    0x00001d54        0x4 c:/program files/cypress/psoc creator/3.3/psoc creator/import/gnu/arm/4.9.3/bin/../lib/gcc/arm-none-eabi/4.9.3/armv6-m/crtbegin.o
 .init_array    0x00001d58        0x4 .\CortexM0\ARM_GCC_493\Debug\Cm0Start.o
                0x00001d5c                __init_array_end = .
                0x00001d5c                . = ALIGN (0x4)
 *(.fini)
 .fini          0x00001d5c        0x4 c:/program files/cypress/psoc creator/3.3/psoc creator/import/gnu/arm/4.9.3/bin/../lib/gcc/arm-none-eabi/4.9.3/armv6-m/crti.o
                0x00001d5c                _fini
 .fini          0x00001d60        0x8 c:/program files/cypress/psoc creator/3.3/psoc creator/import/gnu/arm/4.9.3/bin/../lib/gcc/arm-none-eabi/4.9.3/armv6-m/crtn.o
                0x00001d68                . = ALIGN (0x4)
                0x00001d68                __fini_array_start = .
 *(.fini_array)
 .fini_array    0x00001d68        0x4 c:/program files/cypress/psoc creator/3.3/psoc creator/import/gnu/arm/4.9.3/bin/../lib/gcc/arm-none-eabi/4.9.3/armv6-m/crtbegin.o
 *(SORT(.fini_array.*))
                0x00001d6c                __fini_array_end = .
                0x00001d6c                . = ALIGN (0x4)
 *crtbegin.o(.ctors)
 *(EXCLUDE_FILE(*crtend.o) .ctors)
 *(SORT(.ctors.*))
 *crtend.o(.ctors)
                0x00001d6c                . = ALIGN (0x4)
 *crtbegin.o(.dtors)
 *(EXCLUDE_FILE(*crtend.o) .dtors)
 *(SORT(.dtors.*))
 *crtend.o(.dtors)
                0x00001d6c                . = ALIGN (0x4)
                0x00001d6c                __cy_regions = .
                0x00001d6c        0x4 LONG 0x1d80 __cy_region_init_ram
                0x00001d70        0x4 LONG 0x200000c8 __cy_region_start_data
                0x00001d74        0x4 LONG 0x28 __cy_region_init_size_ram
                0x00001d78        0x4 LONG 0xd0 __cy_region_zero_size_ram
                0x00001d7c                __cy_regions_end = .
                0x00001d80                . = ALIGN (0x8)
 *fill*         0x00001d7c        0x4 
                0x00001d80                _etext = .

.cy_checksum_exclude
                0x00001d80        0x0
 *(.cy_checksum_exclude)

.ramvectors     0x20000000       0xc0
                0x20000000                __cy_region_start_ram = .
 *(.ramvectors)
 .ramvectors    0x20000000       0xc0 .\CortexM0\ARM_GCC_493\Debug\Cm0Start.o
                0x20000000                CyRamVectors

.noinit         0x200000c0        0x4
 *(.noinit)
 .noinit        0x200000c0        0x4 .\CortexM0\ARM_GCC_493\Debug\Cm0Start.o

.data           0x200000c8       0x28 load address 0x00001d80
                0x200000c8                __cy_region_start_data = .
 *(.jcr)
 .jcr           0x200000c8        0x0 c:/program files/cypress/psoc creator/3.3/psoc creator/import/gnu/arm/4.9.3/bin/../lib/gcc/arm-none-eabi/4.9.3/armv6-m/crtbegin.o
 .jcr           0x200000c8        0x4 c:/program files/cypress/psoc creator/3.3/psoc creator/import/gnu/arm/4.9.3/bin/../lib/gcc/arm-none-eabi/4.9.3/armv6-m/crtend.o
 *(.got.plt)
 *(.got)
 *(.shdata)
 *(.data .data.* .gnu.linkonce.d.*)
 .data          0x200000cc       0x10 .\CortexM0\ARM_GCC_493\Debug\main.o
                0x200000cc                box_closed
                0x200000d0                ref_id
                0x200000d4                ref_pass
                0x200000d8                Addr
 .data          0x200000dc       0x10 .\CortexM0\ARM_GCC_493\Debug\Security_system.a(CyLib.o)
                0x200000dc                cydelay32kMs
                0x200000e0                cydelayFreqKhz
                0x200000e4                cydelayFreqMhz
                0x200000e8                cydelayFreqHz
 .data          0x200000ec        0x4 .\CortexM0\ARM_GCC_493\Debug\Security_system.a(CyLFClk.o)
                0x200000f0                . = ALIGN (0x8)
 *(.ram)
                0x200000f0                _edata = .

.igot.plt       0x200000f0        0x0 load address 0x00001da8
 .igot.plt      0x00000000        0x0 c:/program files/cypress/psoc creator/3.3/psoc creator/import/gnu/arm/4.9.3/bin/../lib/gcc/arm-none-eabi/4.9.3/armv6-m/crtbegin.o

.bss            0x200000f0       0xd0 load address 0x00001da8
                0x200000f0                PROVIDE (__bss_start__, .)
 *(.shbss)
 *(.bss .bss.* .gnu.linkonce.b.*)
 .bss           0x200000f0       0x1c c:/program files/cypress/psoc creator/3.3/psoc creator/import/gnu/arm/4.9.3/bin/../lib/gcc/arm-none-eabi/4.9.3/armv6-m/crtbegin.o
 .bss           0x2000010c       0x10 .\CortexM0\ARM_GCC_493\Debug\main.o
                0x2000010c                motion_detected
                0x2000010d                security_active
                0x20000110                a_count
                0x20000114                j
                0x20000118                compared
                0x20000119                i
                0x2000011a                password_accepted
                0x2000011b                keys_locked
 .bss           0x2000011c       0x14 .\CortexM0\ARM_GCC_493\Debug\Keyboard.o
                0x2000011c                KBD_WriteIndex
                0x2000011d                KBD_ReadIndex
                0x2000012a                Debounced_Key
 .bss           0x20000130       0x1c .\CortexM0\ARM_GCC_493\Debug\Security_system.a(CyLFClk.o)
 .bss           0x2000014c        0x1 .\CortexM0\ARM_GCC_493\Debug\Security_system.a(Debounce_Timer.o)
                0x2000014c                Debounce_Timer_initVar
 *fill*         0x2000014d        0x3 
 .bss           0x20000150        0x8 .\CortexM0\ARM_GCC_493\Debug\Security_system.a(I2C.o)
                0x20000150                I2C_initVar
                0x20000154                I2C_customIntrHandler
 .bss           0x20000158        0x1 .\CortexM0\ARM_GCC_493\Debug\Security_system.a(UART.o)
                0x20000158                UART_initVar
 .bss           0x20000159        0x1 .\CortexM0\ARM_GCC_493\Debug\Security_system.a(Alarm_Timer.o)
                0x20000159                Alarm_Timer_initVar
 *(COMMON)
 *fill*         0x2000015a        0x2 
 COMMON         0x2000015c       0x26 .\CortexM0\ARM_GCC_493\Debug\main.o
                0x2000015c                id_arr
                0x2000016a                Key
                0x2000016c                ch
                0x20000170                pass_arr
 *fill*         0x20000182        0x2 
 COMMON         0x20000184        0xa .\CortexM0\ARM_GCC_493\Debug\Keyboard.o
                0x20000184                KBD_Buffer
 COMMON         0x2000018e        0x8 .\CortexM0\ARM_GCC_493\Debug\LiquidCrystal_I2C.o
                0x2000018e                _backlightval
                0x2000018f                _addr
                0x20000190                _displaycontrol
                0x20000191                _charsize
                0x20000192                _displaymode
                0x20000193                _displayfunction
                0x20000194                _cols
                0x20000195                _rows
 COMMON         0x20000196        0x1 .\CortexM0\ARM_GCC_493\Debug\Security_system.a(I2C_I2C.o)
                0x20000196                I2C_state
 *fill*         0x20000197        0x1 
 COMMON         0x20000198       0x24 .\CortexM0\ARM_GCC_493\Debug\Security_system.a(I2C_I2C_MASTER.o)
                0x20000198                I2C_mstrWrBufIndexTmp
                0x2000019c                I2C_mstrWrBufIndex
                0x200001a0                I2C_mstrWrBufSize
                0x200001a4                I2C_mstrStatus
                0x200001a8                I2C_mstrRdBufPtr
                0x200001ac                I2C_mstrControl
                0x200001b0                I2C_mstrRdBufSize
                0x200001b4                I2C_mstrRdBufIndex
                0x200001b8                I2C_mstrWrBufPtr
                0x200001c0                . = ALIGN (0x8)
 *fill*         0x200001bc        0x4 
 *(.ram.b)
                0x200001c0                _end = .
                0x200001c0                __end = .
                0x200001c0                PROVIDE (end, .)
                0x200001c0                PROVIDE (__bss_end__, .)
                0x00001d80                __cy_region_init_ram = LOADADDR (.data)
                0x00000028                __cy_region_init_size_ram = (_edata - ADDR (.data))
                0x000000d0                __cy_region_zero_size_ram = (_end - _edata)

.heap           0x200001c0       0x80 load address 0x00001da8
                0x200001c0                . = _end
                0x20000240                . = (. + 0x80)
 *fill*         0x200001c0       0x80 
                0x20000240                __cy_heap_limit = .

.stack          0x20000c00      0x400
                0x20000c00                __cy_stack_limit = .
                0x20001000                . = (. + 0x400)
 *fill*         0x20000c00      0x400 
                0x00000001                ASSERT ((__cy_stack_limit >= __cy_heap_limit), region RAM overflowed with stack)
                0x00000000                cy_checksum_exclude_size = (CY_APPL_LOADABLE == 0x1)?SIZEOF (.cy_checksum_exclude):0x0
                0x00000001                ASSERT ((cy_checksum_exclude_size <= CY_CHECKSUM_EXCLUDE_SIZE), CY_BOOT: Section .cy_checksum_exclude size exceedes specified limit.)
                0x00007fc0                cyloadermeta_start = (cy_project_type_bootloader || cy_project_type_app_for_stack_and_copier)?(0x8000 - CY_METADATA_SIZE):0xf0000000

.cyloadermeta
 *(.cyloadermeta)
                0x00007fc0                cyloadablemeta_start = cy_project_type_app_for_stack_and_copier?((0x8000 - CY_FLASH_ROW_SIZE) - CY_METADATA_SIZE):((0x8000 - (CY_FLASH_ROW_SIZE * (CY_APPL_NUM - 0x1))) - CY_METADATA_SIZE)

.cyloadablemeta
 *(.cyloadablemeta)

.cyflashprotect
                0x90400000       0x20
 *(.cyflashprotect)
 .cyflashprotect
                0x90400000       0x20 .\CortexM0\ARM_GCC_493\Debug\cymetadata.o
                0x90400000                cy_meta_flashprotect

.cymeta         0x90500000        0xc
 *(.cymeta)
 .cymeta        0x90500000        0xc .\CortexM0\ARM_GCC_493\Debug\cymetadata.o
                0x90500000                cy_metadata

.cychipprotect  0x90600000        0x4
 *(.cychipprotect)
 .cychipprotect
                0x90600000        0x4 .\CortexM0\ARM_GCC_493\Debug\cymetadata.o
                0x90600000                cy_meta_chipprotect

.rel.dyn        0x00001da8        0x0 load address 0x90600004
 .rel.iplt      0x00000000        0x0 c:/program files/cypress/psoc creator/3.3/psoc creator/import/gnu/arm/4.9.3/bin/../lib/gcc/arm-none-eabi/4.9.3/armv6-m/crtbegin.o

.stab
 *(.stab)

.stabstr
 *(.stabstr)

.debug
 *(.debug)

.line
 *(.line)

.debug_srcinfo
 *(.debug_srcinfo)

.debug_sfnames
 *(.debug_sfnames)

.debug_aranges  0x00000000      0xc08
 *(.debug_aranges)
 .debug_aranges
                0x00000000       0x58 .\CortexM0\ARM_GCC_493\Debug\main.o
 .debug_aranges
                0x00000058       0x50 .\CortexM0\ARM_GCC_493\Debug\Keyboard.o
 .debug_aranges
                0x000000a8      0x108 .\CortexM0\ARM_GCC_493\Debug\LiquidCrystal_I2C.o
 .debug_aranges
                0x000001b0       0x18 .\CortexM0\ARM_GCC_493\Debug\cymetadata.o
 .debug_aranges
                0x000001c8       0x48 .\CortexM0\ARM_GCC_493\Debug\Cm0Start.o
 .debug_aranges
                0x00000210       0x38 .\CortexM0\ARM_GCC_493\Debug\Security_system.a(cyfitter_cfg.o)
 .debug_aranges
                0x00000248      0x178 .\CortexM0\ARM_GCC_493\Debug\Security_system.a(CyLib.o)
 .debug_aranges
                0x000003c0      0x120 .\CortexM0\ARM_GCC_493\Debug\Security_system.a(CyLFClk.o)
 .debug_aranges
                0x000004e0       0x48 .\CortexM0\ARM_GCC_493\Debug\Security_system.a(KBD_ROWPins.o)
 .debug_aranges
                0x00000528       0x90 .\CortexM0\ARM_GCC_493\Debug\Security_system.a(Debounce_Timer.o)
 .debug_aranges
                0x000005b8       0x80 .\CortexM0\ARM_GCC_493\Debug\Security_system.a(Debounce_Int.o)
 .debug_aranges
                0x00000638       0x48 .\CortexM0\ARM_GCC_493\Debug\Security_system.a(KBD_COLPins.o)
 .debug_aranges
                0x00000680       0x48 .\CortexM0\ARM_GCC_493\Debug\Security_system.a(PIR_4.o)
 .debug_aranges
                0x000006c8       0x48 .\CortexM0\ARM_GCC_493\Debug\Security_system.a(LED_RED.o)
 .debug_aranges
                0x00000710       0x48 .\CortexM0\ARM_GCC_493\Debug\Security_system.a(LED_GREEN.o)
 .debug_aranges
                0x00000758       0x68 .\CortexM0\ARM_GCC_493\Debug\Security_system.a(I2C.o)
 .debug_aranges
                0x000007c0       0x28 .\CortexM0\ARM_GCC_493\Debug\Security_system.a(I2C_I2C.o)
 .debug_aranges
                0x000007e8       0x88 .\CortexM0\ARM_GCC_493\Debug\Security_system.a(I2C_I2C_MASTER.o)
 .debug_aranges
                0x00000870       0x60 .\CortexM0\ARM_GCC_493\Debug\Security_system.a(UART.o)
 .debug_aranges
                0x000008d0       0x50 .\CortexM0\ARM_GCC_493\Debug\Security_system.a(UART_UART.o)
 .debug_aranges
                0x00000920       0x48 .\CortexM0\ARM_GCC_493\Debug\Security_system.a(Buzzer.o)
 .debug_aranges
                0x00000968       0x48 .\CortexM0\ARM_GCC_493\Debug\Security_system.a(PIR_1.o)
 .debug_aranges
                0x000009b0       0x48 .\CortexM0\ARM_GCC_493\Debug\Security_system.a(PIR_2.o)
 .debug_aranges
                0x000009f8       0x48 .\CortexM0\ARM_GCC_493\Debug\Security_system.a(PIR_3.o)
 .debug_aranges
                0x00000a40       0x48 .\CortexM0\ARM_GCC_493\Debug\Security_system.a(I2C_sda.o)
 .debug_aranges
                0x00000a88       0x48 .\CortexM0\ARM_GCC_493\Debug\Security_system.a(I2C_scl.o)
 .debug_aranges
                0x00000ad0       0x90 .\CortexM0\ARM_GCC_493\Debug\Security_system.a(Alarm_Timer.o)
 .debug_aranges
                0x00000b60       0x20 .\CortexM0\ARM_GCC_493\Debug\Security_system.a(CyBootAsmGnu.o)
 .debug_aranges
                0x00000b80       0x28 .\CortexM0\ARM_GCC_493\Debug\Security_system.a(cyutils.o)
 .debug_aranges
                0x00000ba8       0x20 .\CortexM0\ARM_GCC_493\Debug\Security_system.a(I2C_I2C_INT.o)
 .debug_aranges
                0x00000bc8       0x40 .\CortexM0\ARM_GCC_493\Debug\Security_system.a(UART_SPI_UART.o)

.debug_pubnames
 *(.debug_pubnames)

.debug_info     0x00000000     0x682e
 *(.debug_info .gnu.linkonce.wi.*)
 .debug_info    0x00000000      0xd04 .\CortexM0\ARM_GCC_493\Debug\main.o
 .debug_info    0x00000d04      0x3d9 .\CortexM0\ARM_GCC_493\Debug\Keyboard.o
 .debug_info    0x000010dd      0x944 .\CortexM0\ARM_GCC_493\Debug\LiquidCrystal_I2C.o
 .debug_info    0x00001a21       0xfe .\CortexM0\ARM_GCC_493\Debug\cymetadata.o
 .debug_info    0x00001b1f      0x38e .\CortexM0\ARM_GCC_493\Debug\Cm0Start.o
 .debug_info    0x00001ead      0x3bd .\CortexM0\ARM_GCC_493\Debug\Security_system.a(cyfitter_cfg.o)
 .debug_info    0x0000226a      0xad1 .\CortexM0\ARM_GCC_493\Debug\Security_system.a(CyLib.o)
 .debug_info    0x00002d3b      0xc23 .\CortexM0\ARM_GCC_493\Debug\Security_system.a(CyLFClk.o)
 .debug_info    0x0000395e      0x19d .\CortexM0\ARM_GCC_493\Debug\Security_system.a(KBD_ROWPins.o)
 .debug_info    0x00003afb      0x3a7 .\CortexM0\ARM_GCC_493\Debug\Security_system.a(Debounce_Timer.o)
 .debug_info    0x00003ea2      0x300 .\CortexM0\ARM_GCC_493\Debug\Security_system.a(Debounce_Int.o)
 .debug_info    0x000041a2      0x19d .\CortexM0\ARM_GCC_493\Debug\Security_system.a(KBD_COLPins.o)
 .debug_info    0x0000433f      0x19d .\CortexM0\ARM_GCC_493\Debug\Security_system.a(PIR_4.o)
 .debug_info    0x000044dc      0x19d .\CortexM0\ARM_GCC_493\Debug\Security_system.a(LED_RED.o)
 .debug_info    0x00004679      0x19d .\CortexM0\ARM_GCC_493\Debug\Security_system.a(LED_GREEN.o)
 .debug_info    0x00004816      0x2a9 .\CortexM0\ARM_GCC_493\Debug\Security_system.a(I2C.o)
 .debug_info    0x00004abf      0x1ab .\CortexM0\ARM_GCC_493\Debug\Security_system.a(I2C_I2C.o)
 .debug_info    0x00004c6a      0x685 .\CortexM0\ARM_GCC_493\Debug\Security_system.a(I2C_I2C_MASTER.o)
 .debug_info    0x000052ef      0x21c .\CortexM0\ARM_GCC_493\Debug\Security_system.a(UART.o)
 .debug_info    0x0000550b      0x1ea .\CortexM0\ARM_GCC_493\Debug\Security_system.a(UART_UART.o)
 .debug_info    0x000056f5      0x19b .\CortexM0\ARM_GCC_493\Debug\Security_system.a(Buzzer.o)
 .debug_info    0x00005890      0x19d .\CortexM0\ARM_GCC_493\Debug\Security_system.a(PIR_1.o)
 .debug_info    0x00005a2d      0x19d .\CortexM0\ARM_GCC_493\Debug\Security_system.a(PIR_2.o)
 .debug_info    0x00005bca      0x19d .\CortexM0\ARM_GCC_493\Debug\Security_system.a(PIR_3.o)
 .debug_info    0x00005d67      0x19d .\CortexM0\ARM_GCC_493\Debug\Security_system.a(I2C_sda.o)
 .debug_info    0x00005f04      0x19d .\CortexM0\ARM_GCC_493\Debug\Security_system.a(I2C_scl.o)
 .debug_info    0x000060a1      0x2cc .\CortexM0\ARM_GCC_493\Debug\Security_system.a(Alarm_Timer.o)
 .debug_info    0x0000636d       0x95 .\CortexM0\ARM_GCC_493\Debug\Security_system.a(CyBootAsmGnu.o)
 .debug_info    0x00006402      0x14b .\CortexM0\ARM_GCC_493\Debug\Security_system.a(cyutils.o)
 .debug_info    0x0000654d      0x18d .\CortexM0\ARM_GCC_493\Debug\Security_system.a(I2C_I2C_INT.o)
 .debug_info    0x000066da      0x154 .\CortexM0\ARM_GCC_493\Debug\Security_system.a(UART_SPI_UART.o)

.debug_abbrev   0x00000000     0x21e7
 *(.debug_abbrev)
 .debug_abbrev  0x00000000      0x1aa .\CortexM0\ARM_GCC_493\Debug\main.o
 .debug_abbrev  0x000001aa      0x16a .\CortexM0\ARM_GCC_493\Debug\Keyboard.o
 .debug_abbrev  0x00000314      0x198 .\CortexM0\ARM_GCC_493\Debug\LiquidCrystal_I2C.o
 .debug_abbrev  0x000004ac       0x5d .\CortexM0\ARM_GCC_493\Debug\cymetadata.o
 .debug_abbrev  0x00000509      0x1d5 .\CortexM0\ARM_GCC_493\Debug\Cm0Start.o
 .debug_abbrev  0x000006de      0x1d5 .\CortexM0\ARM_GCC_493\Debug\Security_system.a(cyfitter_cfg.o)
 .debug_abbrev  0x000008b3      0x20d .\CortexM0\ARM_GCC_493\Debug\Security_system.a(CyLib.o)
 .debug_abbrev  0x00000ac0      0x226 .\CortexM0\ARM_GCC_493\Debug\Security_system.a(CyLFClk.o)
 .debug_abbrev  0x00000ce6       0xc8 .\CortexM0\ARM_GCC_493\Debug\Security_system.a(KBD_ROWPins.o)
 .debug_abbrev  0x00000dae      0x1a8 .\CortexM0\ARM_GCC_493\Debug\Security_system.a(Debounce_Timer.o)
 .debug_abbrev  0x00000f56      0x1b4 .\CortexM0\ARM_GCC_493\Debug\Security_system.a(Debounce_Int.o)
 .debug_abbrev  0x0000110a       0xc8 .\CortexM0\ARM_GCC_493\Debug\Security_system.a(KBD_COLPins.o)
 .debug_abbrev  0x000011d2       0xc8 .\CortexM0\ARM_GCC_493\Debug\Security_system.a(PIR_4.o)
 .debug_abbrev  0x0000129a       0xc8 .\CortexM0\ARM_GCC_493\Debug\Security_system.a(LED_RED.o)
 .debug_abbrev  0x00001362       0xc8 .\CortexM0\ARM_GCC_493\Debug\Security_system.a(LED_GREEN.o)
 .debug_abbrev  0x0000142a      0x15b .\CortexM0\ARM_GCC_493\Debug\Security_system.a(I2C.o)
 .debug_abbrev  0x00001585       0xf3 .\CortexM0\ARM_GCC_493\Debug\Security_system.a(I2C_I2C.o)
 .debug_abbrev  0x00001678      0x17c .\CortexM0\ARM_GCC_493\Debug\Security_system.a(I2C_I2C_MASTER.o)
 .debug_abbrev  0x000017f4       0xed .\CortexM0\ARM_GCC_493\Debug\Security_system.a(UART.o)
 .debug_abbrev  0x000018e1       0xe0 .\CortexM0\ARM_GCC_493\Debug\Security_system.a(UART_UART.o)
 .debug_abbrev  0x000019c1       0xc8 .\CortexM0\ARM_GCC_493\Debug\Security_system.a(Buzzer.o)
 .debug_abbrev  0x00001a89       0xc8 .\CortexM0\ARM_GCC_493\Debug\Security_system.a(PIR_1.o)
 .debug_abbrev  0x00001b51       0xc8 .\CortexM0\ARM_GCC_493\Debug\Security_system.a(PIR_2.o)
 .debug_abbrev  0x00001c19       0xc8 .\CortexM0\ARM_GCC_493\Debug\Security_system.a(PIR_3.o)
 .debug_abbrev  0x00001ce1       0xc8 .\CortexM0\ARM_GCC_493\Debug\Security_system.a(I2C_sda.o)
 .debug_abbrev  0x00001da9       0xc8 .\CortexM0\ARM_GCC_493\Debug\Security_system.a(I2C_scl.o)
 .debug_abbrev  0x00001e71      0x145 .\CortexM0\ARM_GCC_493\Debug\Security_system.a(Alarm_Timer.o)
 .debug_abbrev  0x00001fb6       0x14 .\CortexM0\ARM_GCC_493\Debug\Security_system.a(CyBootAsmGnu.o)
 .debug_abbrev  0x00001fca       0xc0 .\CortexM0\ARM_GCC_493\Debug\Security_system.a(cyutils.o)
 .debug_abbrev  0x0000208a       0x88 .\CortexM0\ARM_GCC_493\Debug\Security_system.a(I2C_I2C_INT.o)
 .debug_abbrev  0x00002112       0xd5 .\CortexM0\ARM_GCC_493\Debug\Security_system.a(UART_SPI_UART.o)

.debug_line     0x00000000     0x2d9b
 *(.debug_line)
 .debug_line    0x00000000      0x43e .\CortexM0\ARM_GCC_493\Debug\main.o
 .debug_line    0x0000043e      0x178 .\CortexM0\ARM_GCC_493\Debug\Keyboard.o
 .debug_line    0x000005b6      0x461 .\CortexM0\ARM_GCC_493\Debug\LiquidCrystal_I2C.o
 .debug_line    0x00000a17       0x53 .\CortexM0\ARM_GCC_493\Debug\cymetadata.o
 .debug_line    0x00000a6a      0x23c .\CortexM0\ARM_GCC_493\Debug\Cm0Start.o
 .debug_line    0x00000ca6      0x169 .\CortexM0\ARM_GCC_493\Debug\Security_system.a(cyfitter_cfg.o)
 .debug_line    0x00000e0f      0x44b .\CortexM0\ARM_GCC_493\Debug\Security_system.a(CyLib.o)
 .debug_line    0x0000125a      0x3fe .\CortexM0\ARM_GCC_493\Debug\Security_system.a(CyLFClk.o)
 .debug_line    0x00001658       0xc8 .\CortexM0\ARM_GCC_493\Debug\Security_system.a(KBD_ROWPins.o)
 .debug_line    0x00001720      0x184 .\CortexM0\ARM_GCC_493\Debug\Security_system.a(Debounce_Timer.o)
 .debug_line    0x000018a4      0x171 .\CortexM0\ARM_GCC_493\Debug\Security_system.a(Debounce_Int.o)
 .debug_line    0x00001a15       0xc7 .\CortexM0\ARM_GCC_493\Debug\Security_system.a(KBD_COLPins.o)
 .debug_line    0x00001adc       0xbf .\CortexM0\ARM_GCC_493\Debug\Security_system.a(PIR_4.o)
 .debug_line    0x00001b9b       0xc1 .\CortexM0\ARM_GCC_493\Debug\Security_system.a(LED_RED.o)
 .debug_line    0x00001c5c       0xc3 .\CortexM0\ARM_GCC_493\Debug\Security_system.a(LED_GREEN.o)
 .debug_line    0x00001d1f      0x15c .\CortexM0\ARM_GCC_493\Debug\Security_system.a(I2C.o)
 .debug_line    0x00001e7b       0xbd .\CortexM0\ARM_GCC_493\Debug\Security_system.a(I2C_I2C.o)
 .debug_line    0x00001f38      0x2d1 .\CortexM0\ARM_GCC_493\Debug\Security_system.a(I2C_I2C_MASTER.o)
 .debug_line    0x00002209      0x140 .\CortexM0\ARM_GCC_493\Debug\Security_system.a(UART.o)
 .debug_line    0x00002349      0x124 .\CortexM0\ARM_GCC_493\Debug\Security_system.a(UART_UART.o)
 .debug_line    0x0000246d       0xbf .\CortexM0\ARM_GCC_493\Debug\Security_system.a(Buzzer.o)
 .debug_line    0x0000252c       0xbf .\CortexM0\ARM_GCC_493\Debug\Security_system.a(PIR_1.o)
 .debug_line    0x000025eb       0xbf .\CortexM0\ARM_GCC_493\Debug\Security_system.a(PIR_2.o)
 .debug_line    0x000026aa       0xbf .\CortexM0\ARM_GCC_493\Debug\Security_system.a(PIR_3.o)
 .debug_line    0x00002769       0xc1 .\CortexM0\ARM_GCC_493\Debug\Security_system.a(I2C_sda.o)
 .debug_line    0x0000282a       0xc1 .\CortexM0\ARM_GCC_493\Debug\Security_system.a(I2C_scl.o)
 .debug_line    0x000028eb      0x181 .\CortexM0\ARM_GCC_493\Debug\Security_system.a(Alarm_Timer.o)
 .debug_line    0x00002a6c       0x69 .\CortexM0\ARM_GCC_493\Debug\Security_system.a(CyBootAsmGnu.o)
 .debug_line    0x00002ad5       0x77 .\CortexM0\ARM_GCC_493\Debug\Security_system.a(cyutils.o)
 .debug_line    0x00002b4c      0x180 .\CortexM0\ARM_GCC_493\Debug\Security_system.a(I2C_I2C_INT.o)
 .debug_line    0x00002ccc       0xcf .\CortexM0\ARM_GCC_493\Debug\Security_system.a(UART_SPI_UART.o)

.debug_frame    0x00000000     0x1bac
 *(.debug_frame)
 .debug_frame   0x00000000       0xf4 .\CortexM0\ARM_GCC_493\Debug\main.o
 .debug_frame   0x000000f4       0xb8 .\CortexM0\ARM_GCC_493\Debug\Keyboard.o
 .debug_frame   0x000001ac      0x36c .\CortexM0\ARM_GCC_493\Debug\LiquidCrystal_I2C.o
 .debug_frame   0x00000518       0xb0 .\CortexM0\ARM_GCC_493\Debug\Cm0Start.o
 .debug_frame   0x000005c8       0x8c .\CortexM0\ARM_GCC_493\Debug\Security_system.a(cyfitter_cfg.o)
 .debug_frame   0x00000654      0x3d0 .\CortexM0\ARM_GCC_493\Debug\Security_system.a(CyLib.o)
 .debug_frame   0x00000a24      0x368 .\CortexM0\ARM_GCC_493\Debug\Security_system.a(CyLFClk.o)
 .debug_frame   0x00000d8c       0x70 .\CortexM0\ARM_GCC_493\Debug\Security_system.a(KBD_ROWPins.o)
 .debug_frame   0x00000dfc      0x160 .\CortexM0\ARM_GCC_493\Debug\Security_system.a(Debounce_Timer.o)
 .debug_frame   0x00000f5c      0x110 .\CortexM0\ARM_GCC_493\Debug\Security_system.a(Debounce_Int.o)
 .debug_frame   0x0000106c       0x70 .\CortexM0\ARM_GCC_493\Debug\Security_system.a(KBD_COLPins.o)
 .debug_frame   0x000010dc       0x70 .\CortexM0\ARM_GCC_493\Debug\Security_system.a(PIR_4.o)
 .debug_frame   0x0000114c       0x70 .\CortexM0\ARM_GCC_493\Debug\Security_system.a(LED_RED.o)
 .debug_frame   0x000011bc       0x70 .\CortexM0\ARM_GCC_493\Debug\Security_system.a(LED_GREEN.o)
 .debug_frame   0x0000122c       0xf8 .\CortexM0\ARM_GCC_493\Debug\Security_system.a(I2C.o)
 .debug_frame   0x00001324       0x3c .\CortexM0\ARM_GCC_493\Debug\Security_system.a(I2C_I2C.o)
 .debug_frame   0x00001360      0x178 .\CortexM0\ARM_GCC_493\Debug\Security_system.a(I2C_I2C_MASTER.o)
 .debug_frame   0x000014d8       0xe8 .\CortexM0\ARM_GCC_493\Debug\Security_system.a(UART.o)
 .debug_frame   0x000015c0       0x98 .\CortexM0\ARM_GCC_493\Debug\Security_system.a(UART_UART.o)
 .debug_frame   0x00001658       0x70 .\CortexM0\ARM_GCC_493\Debug\Security_system.a(Buzzer.o)
 .debug_frame   0x000016c8       0x70 .\CortexM0\ARM_GCC_493\Debug\Security_system.a(PIR_1.o)
 .debug_frame   0x00001738       0x70 .\CortexM0\ARM_GCC_493\Debug\Security_system.a(PIR_2.o)
 .debug_frame   0x000017a8       0x70 .\CortexM0\ARM_GCC_493\Debug\Security_system.a(PIR_3.o)
 .debug_frame   0x00001818       0x70 .\CortexM0\ARM_GCC_493\Debug\Security_system.a(I2C_sda.o)
 .debug_frame   0x00001888       0x70 .\CortexM0\ARM_GCC_493\Debug\Security_system.a(I2C_scl.o)
 .debug_frame   0x000018f8      0x124 .\CortexM0\ARM_GCC_493\Debug\Security_system.a(Alarm_Timer.o)
 .debug_frame   0x00001a1c       0x30 .\CortexM0\ARM_GCC_493\Debug\Security_system.a(cyutils.o)
 .debug_frame   0x00001a4c       0x2c .\CortexM0\ARM_GCC_493\Debug\Security_system.a(I2C_I2C_INT.o)
 .debug_frame   0x00001a78       0x60 .\CortexM0\ARM_GCC_493\Debug\Security_system.a(UART_SPI_UART.o)
 .debug_frame   0x00001ad8       0x20 c:/program files/cypress/psoc creator/3.3/psoc creator/import/gnu/arm/4.9.3/bin/../lib/gcc/arm-none-eabi/4.9.3/armv6-m\libgcc.a(_udivsi3.o)
 .debug_frame   0x00001af8       0x20 c:/program files/cypress/psoc creator/3.3/psoc creator/import/gnu/arm/4.9.3/bin/../lib/gcc/arm-none-eabi/4.9.3/../../../../arm-none-eabi/lib/armv6-m\libg_nano.a(lib_a-errno.o)
 .debug_frame   0x00001b18       0x28 c:/program files/cypress/psoc creator/3.3/psoc creator/import/gnu/arm/4.9.3/bin/../lib/gcc/arm-none-eabi/4.9.3/../../../../arm-none-eabi/lib/armv6-m\libg_nano.a(lib_a-exit.o)
 .debug_frame   0x00001b40       0x2c c:/program files/cypress/psoc creator/3.3/psoc creator/import/gnu/arm/4.9.3/bin/../lib/gcc/arm-none-eabi/4.9.3/../../../../arm-none-eabi/lib/armv6-m\libg_nano.a(lib_a-init.o)
 .debug_frame   0x00001b6c       0x20 c:/program files/cypress/psoc creator/3.3/psoc creator/import/gnu/arm/4.9.3/bin/../lib/gcc/arm-none-eabi/4.9.3/../../../../arm-none-eabi/lib/armv6-m\libg_nano.a(lib_a-memset.o)
 .debug_frame   0x00001b8c       0x20 c:/program files/cypress/psoc creator/3.3/psoc creator/import/gnu/arm/4.9.3/bin/../lib/gcc/arm-none-eabi/4.9.3/../../../../arm-none-eabi/lib/armv6-m\libg_nano.a(lib_a-strlen.o)

.debug_str      0x00000000     0x2359
 *(.debug_str)
 .debug_str     0x00000000      0x34d .\CortexM0\ARM_GCC_493\Debug\main.o
                                0x39c (size before relaxing)
 .debug_str     0x0000034d      0x17c .\CortexM0\ARM_GCC_493\Debug\Keyboard.o
                                0x31b (size before relaxing)
 .debug_str     0x000004c9      0x226 .\CortexM0\ARM_GCC_493\Debug\LiquidCrystal_I2C.o
                                0x451 (size before relaxing)
 .debug_str     0x000006ef       0x5b .\CortexM0\ARM_GCC_493\Debug\cymetadata.o
                                0x1d3 (size before relaxing)
 .debug_str     0x0000074a      0x144 .\CortexM0\ARM_GCC_493\Debug\Cm0Start.o
                                0x2fa (size before relaxing)
 .debug_str     0x0000088e       0xe8 .\CortexM0\ARM_GCC_493\Debug\Security_system.a(cyfitter_cfg.o)
                                0x2cb (size before relaxing)
 .debug_str     0x00000976      0x481 .\CortexM0\ARM_GCC_493\Debug\Security_system.a(CyLib.o)
                                0x68e (size before relaxing)
 .debug_str     0x00000df7      0x46c .\CortexM0\ARM_GCC_493\Debug\Security_system.a(CyLFClk.o)
                                0x658 (size before relaxing)
 .debug_str     0x00001263       0xb4 .\CortexM0\ARM_GCC_493\Debug\Security_system.a(KBD_ROWPins.o)
                                0x265 (size before relaxing)
 .debug_str     0x00001317      0x1f6 .\CortexM0\ARM_GCC_493\Debug\Security_system.a(Debounce_Timer.o)
                                0x3ec (size before relaxing)
 .debug_str     0x0000150d      0x144 .\CortexM0\ARM_GCC_493\Debug\Security_system.a(Debounce_Int.o)
                                0x345 (size before relaxing)
 .debug_str     0x00001651       0x90 .\CortexM0\ARM_GCC_493\Debug\Security_system.a(KBD_COLPins.o)
                                0x265 (size before relaxing)
 .debug_str     0x000016e1       0x7e .\CortexM0\ARM_GCC_493\Debug\Security_system.a(PIR_4.o)
                                0x23b (size before relaxing)
 .debug_str     0x0000175f       0x89 .\CortexM0\ARM_GCC_493\Debug\Security_system.a(LED_RED.o)
                                0x249 (size before relaxing)
 .debug_str     0x000017e8       0x95 .\CortexM0\ARM_GCC_493\Debug\Security_system.a(LED_GREEN.o)
                                0x257 (size before relaxing)
 .debug_str     0x0000187d      0x118 .\CortexM0\ARM_GCC_493\Debug\Security_system.a(I2C.o)
                                0x2d2 (size before relaxing)
 .debug_str     0x00001995       0x62 .\CortexM0\ARM_GCC_493\Debug\Security_system.a(I2C_I2C.o)
                                0x240 (size before relaxing)
 .debug_str     0x000019f7      0x210 .\CortexM0\ARM_GCC_493\Debug\Security_system.a(I2C_I2C_MASTER.o)
                                0x44e (size before relaxing)
 .debug_str     0x00001c07       0xe9 .\CortexM0\ARM_GCC_493\Debug\Security_system.a(UART.o)
                                0x295 (size before relaxing)
 .debug_str     0x00001cf0       0xbf .\CortexM0\ARM_GCC_493\Debug\Security_system.a(UART_UART.o)
                                0x287 (size before relaxing)
 .debug_str     0x00001daf       0x77 .\CortexM0\ARM_GCC_493\Debug\Security_system.a(Buzzer.o)
                                0x242 (size before relaxing)
 .debug_str     0x00001e26       0x7e .\CortexM0\ARM_GCC_493\Debug\Security_system.a(PIR_1.o)
                                0x23b (size before relaxing)
 .debug_str     0x00001ea4       0x7e .\CortexM0\ARM_GCC_493\Debug\Security_system.a(PIR_2.o)
                                0x23b (size before relaxing)
 .debug_str     0x00001f22       0x7e .\CortexM0\ARM_GCC_493\Debug\Security_system.a(PIR_3.o)
                                0x23b (size before relaxing)
 .debug_str     0x00001fa0       0x8a .\CortexM0\ARM_GCC_493\Debug\Security_system.a(I2C_sda.o)
                                0x249 (size before relaxing)
 .debug_str     0x0000202a       0x7c .\CortexM0\ARM_GCC_493\Debug\Security_system.a(I2C_scl.o)
                                0x249 (size before relaxing)
 .debug_str     0x000020a6      0x1b2 .\CortexM0\ARM_GCC_493\Debug\Security_system.a(Alarm_Timer.o)
                                0x393 (size before relaxing)
 .debug_str     0x00002258       0x2b .\CortexM0\ARM_GCC_493\Debug\Security_system.a(cyutils.o)
                                0x1c2 (size before relaxing)
 .debug_str     0x00002283       0x49 .\CortexM0\ARM_GCC_493\Debug\Security_system.a(I2C_I2C_INT.o)
                                0x2a3 (size before relaxing)
 .debug_str     0x000022cc       0x8d .\CortexM0\ARM_GCC_493\Debug\Security_system.a(UART_SPI_UART.o)
                                0x24b (size before relaxing)

.debug_loc      0x00000000     0x2901
 *(.debug_loc)
 .debug_loc     0x00000000       0x9a .\CortexM0\ARM_GCC_493\Debug\main.o
 .debug_loc     0x0000009a       0xfa .\CortexM0\ARM_GCC_493\Debug\Keyboard.o
 .debug_loc     0x00000194      0x37d .\CortexM0\ARM_GCC_493\Debug\LiquidCrystal_I2C.o
 .debug_loc     0x00000511      0x14f .\CortexM0\ARM_GCC_493\Debug\Cm0Start.o
 .debug_loc     0x00000660      0x118 .\CortexM0\ARM_GCC_493\Debug\Security_system.a(cyfitter_cfg.o)
 .debug_loc     0x00000778      0x5b5 .\CortexM0\ARM_GCC_493\Debug\Security_system.a(CyLib.o)
 .debug_loc     0x00000d2d      0x7df .\CortexM0\ARM_GCC_493\Debug\Security_system.a(CyLFClk.o)
 .debug_loc     0x0000150c       0xa2 .\CortexM0\ARM_GCC_493\Debug\Security_system.a(KBD_ROWPins.o)
 .debug_loc     0x000015ae       0x6b .\CortexM0\ARM_GCC_493\Debug\Security_system.a(Debounce_Timer.o)
 .debug_loc     0x00001619       0x82 .\CortexM0\ARM_GCC_493\Debug\Security_system.a(Debounce_Int.o)
 .debug_loc     0x0000169b       0xa2 .\CortexM0\ARM_GCC_493\Debug\Security_system.a(KBD_COLPins.o)
 .debug_loc     0x0000173d       0xa2 .\CortexM0\ARM_GCC_493\Debug\Security_system.a(PIR_4.o)
 .debug_loc     0x000017df       0xa2 .\CortexM0\ARM_GCC_493\Debug\Security_system.a(LED_RED.o)
 .debug_loc     0x00001881       0xa2 .\CortexM0\ARM_GCC_493\Debug\Security_system.a(LED_GREEN.o)
 .debug_loc     0x00001923       0x7e .\CortexM0\ARM_GCC_493\Debug\Security_system.a(I2C.o)
 .debug_loc     0x000019a1      0x882 .\CortexM0\ARM_GCC_493\Debug\Security_system.a(I2C_I2C_MASTER.o)
 .debug_loc     0x00002223       0x7e .\CortexM0\ARM_GCC_493\Debug\Security_system.a(UART.o)
 .debug_loc     0x000022a1      0x107 .\CortexM0\ARM_GCC_493\Debug\Security_system.a(UART_UART.o)
 .debug_loc     0x000023a8       0x81 .\CortexM0\ARM_GCC_493\Debug\Security_system.a(Buzzer.o)
 .debug_loc     0x00002429       0xa2 .\CortexM0\ARM_GCC_493\Debug\Security_system.a(PIR_1.o)
 .debug_loc     0x000024cb       0xa2 .\CortexM0\ARM_GCC_493\Debug\Security_system.a(PIR_2.o)
 .debug_loc     0x0000256d       0xa2 .\CortexM0\ARM_GCC_493\Debug\Security_system.a(PIR_3.o)
 .debug_loc     0x0000260f       0xa2 .\CortexM0\ARM_GCC_493\Debug\Security_system.a(I2C_sda.o)
 .debug_loc     0x000026b1       0xa2 .\CortexM0\ARM_GCC_493\Debug\Security_system.a(I2C_scl.o)
 .debug_loc     0x00002753       0x13 .\CortexM0\ARM_GCC_493\Debug\Security_system.a(Alarm_Timer.o)
 .debug_loc     0x00002766       0x70 .\CortexM0\ARM_GCC_493\Debug\Security_system.a(cyutils.o)
 .debug_loc     0x000027d6      0x10c .\CortexM0\ARM_GCC_493\Debug\Security_system.a(I2C_I2C_INT.o)
 .debug_loc     0x000028e2       0x1f .\CortexM0\ARM_GCC_493\Debug\Security_system.a(UART_SPI_UART.o)

.debug_macinfo
 *(.debug_macinfo)

.debug_ranges   0x00000000      0xa00
 *(.debug_ranges)
 .debug_ranges  0x00000000       0x48 .\CortexM0\ARM_GCC_493\Debug\main.o
 .debug_ranges  0x00000048       0x40 .\CortexM0\ARM_GCC_493\Debug\Keyboard.o
 .debug_ranges  0x00000088       0xf8 .\CortexM0\ARM_GCC_493\Debug\LiquidCrystal_I2C.o
 .debug_ranges  0x00000180       0x38 .\CortexM0\ARM_GCC_493\Debug\Cm0Start.o
 .debug_ranges  0x000001b8       0x28 .\CortexM0\ARM_GCC_493\Debug\Security_system.a(cyfitter_cfg.o)
 .debug_ranges  0x000001e0      0x168 .\CortexM0\ARM_GCC_493\Debug\Security_system.a(CyLib.o)
 .debug_ranges  0x00000348      0x110 .\CortexM0\ARM_GCC_493\Debug\Security_system.a(CyLFClk.o)
 .debug_ranges  0x00000458       0x38 .\CortexM0\ARM_GCC_493\Debug\Security_system.a(KBD_ROWPins.o)
 .debug_ranges  0x00000490       0x80 .\CortexM0\ARM_GCC_493\Debug\Security_system.a(Debounce_Timer.o)
 .debug_ranges  0x00000510       0x70 .\CortexM0\ARM_GCC_493\Debug\Security_system.a(Debounce_Int.o)
 .debug_ranges  0x00000580       0x38 .\CortexM0\ARM_GCC_493\Debug\Security_system.a(KBD_COLPins.o)
 .debug_ranges  0x000005b8       0x38 .\CortexM0\ARM_GCC_493\Debug\Security_system.a(PIR_4.o)
 .debug_ranges  0x000005f0       0x38 .\CortexM0\ARM_GCC_493\Debug\Security_system.a(LED_RED.o)
 .debug_ranges  0x00000628       0x38 .\CortexM0\ARM_GCC_493\Debug\Security_system.a(LED_GREEN.o)
 .debug_ranges  0x00000660       0x58 .\CortexM0\ARM_GCC_493\Debug\Security_system.a(I2C.o)
 .debug_ranges  0x000006b8       0x18 .\CortexM0\ARM_GCC_493\Debug\Security_system.a(I2C_I2C.o)
 .debug_ranges  0x000006d0       0x78 .\CortexM0\ARM_GCC_493\Debug\Security_system.a(I2C_I2C_MASTER.o)
 .debug_ranges  0x00000748       0x50 .\CortexM0\ARM_GCC_493\Debug\Security_system.a(UART.o)
 .debug_ranges  0x00000798       0x40 .\CortexM0\ARM_GCC_493\Debug\Security_system.a(UART_UART.o)
 .debug_ranges  0x000007d8       0x38 .\CortexM0\ARM_GCC_493\Debug\Security_system.a(Buzzer.o)
 .debug_ranges  0x00000810       0x38 .\CortexM0\ARM_GCC_493\Debug\Security_system.a(PIR_1.o)
 .debug_ranges  0x00000848       0x38 .\CortexM0\ARM_GCC_493\Debug\Security_system.a(PIR_2.o)
 .debug_ranges  0x00000880       0x38 .\CortexM0\ARM_GCC_493\Debug\Security_system.a(PIR_3.o)
 .debug_ranges  0x000008b8       0x38 .\CortexM0\ARM_GCC_493\Debug\Security_system.a(I2C_sda.o)
 .debug_ranges  0x000008f0       0x38 .\CortexM0\ARM_GCC_493\Debug\Security_system.a(I2C_scl.o)
 .debug_ranges  0x00000928       0x80 .\CortexM0\ARM_GCC_493\Debug\Security_system.a(Alarm_Timer.o)
 .debug_ranges  0x000009a8       0x18 .\CortexM0\ARM_GCC_493\Debug\Security_system.a(cyutils.o)
 .debug_ranges  0x000009c0       0x10 .\CortexM0\ARM_GCC_493\Debug\Security_system.a(I2C_I2C_INT.o)
 .debug_ranges  0x000009d0       0x30 .\CortexM0\ARM_GCC_493\Debug\Security_system.a(UART_SPI_UART.o)

.comment        0x00000000       0x70
 .comment       0x00000000       0x70 .\CortexM0\ARM_GCC_493\Debug\main.o
                                 0x71 (size before relaxing)
 .comment       0x00000000       0x71 .\CortexM0\ARM_GCC_493\Debug\Keyboard.o
 .comment       0x00000000       0x71 .\CortexM0\ARM_GCC_493\Debug\LiquidCrystal_I2C.o
 .comment       0x00000000       0x71 .\CortexM0\ARM_GCC_493\Debug\cymetadata.o
 .comment       0x00000000       0x71 .\CortexM0\ARM_GCC_493\Debug\Cm0Start.o
 .comment       0x00000000       0x71 .\CortexM0\ARM_GCC_493\Debug\Security_system.a(cyfitter_cfg.o)
 .comment       0x00000000       0x71 .\CortexM0\ARM_GCC_493\Debug\Security_system.a(CyLib.o)
 .comment       0x00000000       0x71 .\CortexM0\ARM_GCC_493\Debug\Security_system.a(CyLFClk.o)
 .comment       0x00000000       0x71 .\CortexM0\ARM_GCC_493\Debug\Security_system.a(KBD_ROWPins.o)
 .comment       0x00000000       0x71 .\CortexM0\ARM_GCC_493\Debug\Security_system.a(Debounce_Timer.o)
 .comment       0x00000000       0x71 .\CortexM0\ARM_GCC_493\Debug\Security_system.a(Debounce_Int.o)
 .comment       0x00000000       0x71 .\CortexM0\ARM_GCC_493\Debug\Security_system.a(KBD_COLPins.o)
 .comment       0x00000000       0x71 .\CortexM0\ARM_GCC_493\Debug\Security_system.a(PIR_4.o)
 .comment       0x00000000       0x71 .\CortexM0\ARM_GCC_493\Debug\Security_system.a(LED_RED.o)
 .comment       0x00000000       0x71 .\CortexM0\ARM_GCC_493\Debug\Security_system.a(LED_GREEN.o)
 .comment       0x00000000       0x71 .\CortexM0\ARM_GCC_493\Debug\Security_system.a(I2C.o)
 .comment       0x00000000       0x71 .\CortexM0\ARM_GCC_493\Debug\Security_system.a(I2C_I2C.o)
 .comment       0x00000000       0x71 .\CortexM0\ARM_GCC_493\Debug\Security_system.a(I2C_I2C_MASTER.o)
 .comment       0x00000000       0x71 .\CortexM0\ARM_GCC_493\Debug\Security_system.a(UART.o)
 .comment       0x00000000       0x71 .\CortexM0\ARM_GCC_493\Debug\Security_system.a(UART_UART.o)
 .comment       0x00000000       0x71 .\CortexM0\ARM_GCC_493\Debug\Security_system.a(Buzzer.o)
 .comment       0x00000000       0x71 .\CortexM0\ARM_GCC_493\Debug\Security_system.a(PIR_1.o)
 .comment       0x00000000       0x71 .\CortexM0\ARM_GCC_493\Debug\Security_system.a(PIR_2.o)
 .comment       0x00000000       0x71 .\CortexM0\ARM_GCC_493\Debug\Security_system.a(PIR_3.o)
 .comment       0x00000000       0x71 .\CortexM0\ARM_GCC_493\Debug\Security_system.a(I2C_sda.o)
 .comment       0x00000000       0x71 .\CortexM0\ARM_GCC_493\Debug\Security_system.a(I2C_scl.o)
 .comment       0x00000000       0x71 .\CortexM0\ARM_GCC_493\Debug\Security_system.a(Alarm_Timer.o)
 .comment       0x00000000       0x71 .\CortexM0\ARM_GCC_493\Debug\Security_system.a(cyutils.o)
 .comment       0x00000000       0x71 .\CortexM0\ARM_GCC_493\Debug\Security_system.a(I2C_I2C_INT.o)
 .comment       0x00000000       0x71 .\CortexM0\ARM_GCC_493\Debug\Security_system.a(UART_SPI_UART.o)

.debug_weaknames
 *(.debug_weaknames)

.debug_funcnames
 *(.debug_funcnames)

.debug_typenames
 *(.debug_typenames)

.debug_varnames
 *(.debug_varnames)

.note.gnu.arm.ident
 *(.note.gnu.arm.ident)

.ARM.attributes
                0x00000000       0x28
 *(.ARM.attributes)
 .ARM.attributes
                0x00000000       0x1e c:/program files/cypress/psoc creator/3.3/psoc creator/import/gnu/arm/4.9.3/bin/../lib/gcc/arm-none-eabi/4.9.3/armv6-m/crti.o
 .ARM.attributes
                0x0000001e       0x2c c:/program files/cypress/psoc creator/3.3/psoc creator/import/gnu/arm/4.9.3/bin/../lib/gcc/arm-none-eabi/4.9.3/armv6-m/crtbegin.o
 .ARM.attributes
                0x0000004a       0x1b c:/program files/cypress/psoc creator/3.3/psoc creator/import/gnu/arm/4.9.3/bin/../lib/gcc/arm-none-eabi/4.9.3/../../../../arm-none-eabi/lib/armv6-m/crt0.o
 .ARM.attributes
                0x00000065       0x31 .\CortexM0\ARM_GCC_493\Debug\main.o
 .ARM.attributes
                0x00000096       0x31 .\CortexM0\ARM_GCC_493\Debug\Keyboard.o
 .ARM.attributes
                0x000000c7       0x31 .\CortexM0\ARM_GCC_493\Debug\LiquidCrystal_I2C.o
 .ARM.attributes
                0x000000f8       0x31 .\CortexM0\ARM_GCC_493\Debug\cymetadata.o
 .ARM.attributes
                0x00000129       0x31 .\CortexM0\ARM_GCC_493\Debug\Cm0Start.o
 .ARM.attributes
                0x0000015a       0x31 .\CortexM0\ARM_GCC_493\Debug\Security_system.a(cyfitter_cfg.o)
 .ARM.attributes
                0x0000018b       0x31 .\CortexM0\ARM_GCC_493\Debug\Security_system.a(CyLib.o)
 .ARM.attributes
                0x000001bc       0x31 .\CortexM0\ARM_GCC_493\Debug\Security_system.a(CyLFClk.o)
 .ARM.attributes
                0x000001ed       0x31 .\CortexM0\ARM_GCC_493\Debug\Security_system.a(KBD_ROWPins.o)
 .ARM.attributes
                0x0000021e       0x31 .\CortexM0\ARM_GCC_493\Debug\Security_system.a(Debounce_Timer.o)
 .ARM.attributes
                0x0000024f       0x31 .\CortexM0\ARM_GCC_493\Debug\Security_system.a(Debounce_Int.o)
 .ARM.attributes
                0x00000280       0x31 .\CortexM0\ARM_GCC_493\Debug\Security_system.a(KBD_COLPins.o)
 .ARM.attributes
                0x000002b1       0x31 .\CortexM0\ARM_GCC_493\Debug\Security_system.a(PIR_4.o)
 .ARM.attributes
                0x000002e2       0x31 .\CortexM0\ARM_GCC_493\Debug\Security_system.a(LED_RED.o)
 .ARM.attributes
                0x00000313       0x31 .\CortexM0\ARM_GCC_493\Debug\Security_system.a(LED_GREEN.o)
 .ARM.attributes
                0x00000344       0x31 .\CortexM0\ARM_GCC_493\Debug\Security_system.a(I2C.o)
 .ARM.attributes
                0x00000375       0x31 .\CortexM0\ARM_GCC_493\Debug\Security_system.a(I2C_I2C.o)
 .ARM.attributes
                0x000003a6       0x31 .\CortexM0\ARM_GCC_493\Debug\Security_system.a(I2C_I2C_MASTER.o)
 .ARM.attributes
                0x000003d7       0x31 .\CortexM0\ARM_GCC_493\Debug\Security_system.a(UART.o)
 .ARM.attributes
                0x00000408       0x31 .\CortexM0\ARM_GCC_493\Debug\Security_system.a(UART_UART.o)
 .ARM.attributes
                0x00000439       0x31 .\CortexM0\ARM_GCC_493\Debug\Security_system.a(Buzzer.o)
 .ARM.attributes
                0x0000046a       0x31 .\CortexM0\ARM_GCC_493\Debug\Security_system.a(PIR_1.o)
 .ARM.attributes
                0x0000049b       0x31 .\CortexM0\ARM_GCC_493\Debug\Security_system.a(PIR_2.o)
 .ARM.attributes
                0x000004cc       0x31 .\CortexM0\ARM_GCC_493\Debug\Security_system.a(PIR_3.o)
 .ARM.attributes
                0x000004fd       0x31 .\CortexM0\ARM_GCC_493\Debug\Security_system.a(I2C_sda.o)
 .ARM.attributes
                0x0000052e       0x31 .\CortexM0\ARM_GCC_493\Debug\Security_system.a(I2C_scl.o)
 .ARM.attributes
                0x0000055f       0x31 .\CortexM0\ARM_GCC_493\Debug\Security_system.a(Alarm_Timer.o)
 .ARM.attributes
                0x00000590       0x21 .\CortexM0\ARM_GCC_493\Debug\Security_system.a(CyBootAsmGnu.o)
 .ARM.attributes
                0x000005b1       0x31 .\CortexM0\ARM_GCC_493\Debug\Security_system.a(cyutils.o)
 .ARM.attributes
                0x000005e2       0x31 .\CortexM0\ARM_GCC_493\Debug\Security_system.a(I2C_I2C_INT.o)
 .ARM.attributes
                0x00000613       0x31 .\CortexM0\ARM_GCC_493\Debug\Security_system.a(UART_SPI_UART.o)
 .ARM.attributes
                0x00000644       0x1e c:/program files/cypress/psoc creator/3.3/psoc creator/import/gnu/arm/4.9.3/bin/../lib/gcc/arm-none-eabi/4.9.3/armv6-m\libgcc.a(_udivsi3.o)
 .ARM.attributes
                0x00000662       0x1e c:/program files/cypress/psoc creator/3.3/psoc creator/import/gnu/arm/4.9.3/bin/../lib/gcc/arm-none-eabi/4.9.3/armv6-m\libgcc.a(_dvmd_tls.o)
 .ARM.attributes
                0x00000680       0x2c c:/program files/cypress/psoc creator/3.3/psoc creator/import/gnu/arm/4.9.3/bin/../lib/gcc/arm-none-eabi/4.9.3/../../../../arm-none-eabi/lib/armv6-m\libg_nano.a(lib_a-errno.o)
 .ARM.attributes
                0x000006ac       0x2c c:/program files/cypress/psoc creator/3.3/psoc creator/import/gnu/arm/4.9.3/bin/../lib/gcc/arm-none-eabi/4.9.3/../../../../arm-none-eabi/lib/armv6-m\libg_nano.a(lib_a-exit.o)
 .ARM.attributes
                0x000006d8       0x2c c:/program files/cypress/psoc creator/3.3/psoc creator/import/gnu/arm/4.9.3/bin/../lib/gcc/arm-none-eabi/4.9.3/../../../../arm-none-eabi/lib/armv6-m\libg_nano.a(lib_a-impure.o)
 .ARM.attributes
                0x00000704       0x2c c:/program files/cypress/psoc creator/3.3/psoc creator/import/gnu/arm/4.9.3/bin/../lib/gcc/arm-none-eabi/4.9.3/../../../../arm-none-eabi/lib/armv6-m\libg_nano.a(lib_a-init.o)
 .ARM.attributes
                0x00000730       0x2c c:/program files/cypress/psoc creator/3.3/psoc creator/import/gnu/arm/4.9.3/bin/../lib/gcc/arm-none-eabi/4.9.3/../../../../arm-none-eabi/lib/armv6-m\libg_nano.a(lib_a-memset.o)
 .ARM.attributes
                0x0000075c       0x1c c:/program files/cypress/psoc creator/3.3/psoc creator/import/gnu/arm/4.9.3/bin/../lib/gcc/arm-none-eabi/4.9.3/../../../../arm-none-eabi/lib/armv6-m\libg_nano.a(lib_a-strcmp.o)
 .ARM.attributes
                0x00000778       0x2c c:/program files/cypress/psoc creator/3.3/psoc creator/import/gnu/arm/4.9.3/bin/../lib/gcc/arm-none-eabi/4.9.3/../../../../arm-none-eabi/lib/armv6-m\libg_nano.a(lib_a-strlen.o)
 .ARM.attributes
                0x000007a4       0x2c c:/program files/cypress/psoc creator/3.3/psoc creator/import/gnu/arm/4.9.3/bin/../lib/gcc/arm-none-eabi/4.9.3/armv6-m/crtend.o
 .ARM.attributes
                0x000007d0       0x1e c:/program files/cypress/psoc creator/3.3/psoc creator/import/gnu/arm/4.9.3/bin/../lib/gcc/arm-none-eabi/4.9.3/armv6-m/crtn.o

/DISCARD/
 *(.note.GNU-stack)
OUTPUT(.\CortexM0\ARM_GCC_493\Debug\Security_system.elf elf32-littlearm)
