ARM GAS  C:\Users\744\AppData\Local\Temp\cc0Qv7Ro.s 			page 1


   1              		.cpu cortex-m0
   2              		.fpu softvfp
   3              		.eabi_attribute 20, 1
   4              		.eabi_attribute 21, 1
   5              		.eabi_attribute 23, 3
   6              		.eabi_attribute 24, 1
   7              		.eabi_attribute 25, 1
   8              		.eabi_attribute 26, 1
   9              		.eabi_attribute 30, 1
  10              		.eabi_attribute 34, 0
  11              		.eabi_attribute 18, 4
  12              		.code	16
  13              		.file	"I2C_I2C.c"
  14              		.text
  15              	.Ltext0:
  16              		.cfi_sections	.debug_frame
  17              		.section	.text.I2C_I2CInit,"ax",%progbits
  18              		.align	2
  19              		.global	I2C_I2CInit
  20              		.code	16
  21              		.thumb_func
  22              		.type	I2C_I2CInit, %function
  23              	I2C_I2CInit:
  24              	.LFB0:
  25              		.file 1 ".\\Generated_Source\\PSoC4\\I2C_I2C.c"
   1:.\Generated_Source\PSoC4/I2C_I2C.c **** /*******************************************************************************
   2:.\Generated_Source\PSoC4/I2C_I2C.c **** * File Name: I2C_I2C.c
   3:.\Generated_Source\PSoC4/I2C_I2C.c **** * Version 3.10
   4:.\Generated_Source\PSoC4/I2C_I2C.c **** *
   5:.\Generated_Source\PSoC4/I2C_I2C.c **** * Description:
   6:.\Generated_Source\PSoC4/I2C_I2C.c **** *  This file provides the source code to the API for the SCB Component in
   7:.\Generated_Source\PSoC4/I2C_I2C.c **** *  I2C mode.
   8:.\Generated_Source\PSoC4/I2C_I2C.c **** *
   9:.\Generated_Source\PSoC4/I2C_I2C.c **** * Note:
  10:.\Generated_Source\PSoC4/I2C_I2C.c **** *
  11:.\Generated_Source\PSoC4/I2C_I2C.c **** *******************************************************************************
  12:.\Generated_Source\PSoC4/I2C_I2C.c **** * Copyright 2013-2015, Cypress Semiconductor Corporation.  All rights reserved.
  13:.\Generated_Source\PSoC4/I2C_I2C.c **** * You may use this file only in accordance with the license, terms, conditions,
  14:.\Generated_Source\PSoC4/I2C_I2C.c **** * disclaimers, and limitations in the end user license agreement accompanying
  15:.\Generated_Source\PSoC4/I2C_I2C.c **** * the software package with which this file was provided.
  16:.\Generated_Source\PSoC4/I2C_I2C.c **** *******************************************************************************/
  17:.\Generated_Source\PSoC4/I2C_I2C.c **** 
  18:.\Generated_Source\PSoC4/I2C_I2C.c **** #include "I2C_PVT.h"
  19:.\Generated_Source\PSoC4/I2C_I2C.c **** #include "I2C_I2C_PVT.h"
  20:.\Generated_Source\PSoC4/I2C_I2C.c **** 
  21:.\Generated_Source\PSoC4/I2C_I2C.c **** 
  22:.\Generated_Source\PSoC4/I2C_I2C.c **** /***************************************
  23:.\Generated_Source\PSoC4/I2C_I2C.c **** *      I2C Private Vars
  24:.\Generated_Source\PSoC4/I2C_I2C.c **** ***************************************/
  25:.\Generated_Source\PSoC4/I2C_I2C.c **** 
  26:.\Generated_Source\PSoC4/I2C_I2C.c **** volatile uint8 I2C_state;  /* Current state of I2C FSM */
  27:.\Generated_Source\PSoC4/I2C_I2C.c **** 
  28:.\Generated_Source\PSoC4/I2C_I2C.c **** #if(I2C_SCB_MODE_UNCONFIG_CONST_CFG)
  29:.\Generated_Source\PSoC4/I2C_I2C.c **** 
  30:.\Generated_Source\PSoC4/I2C_I2C.c ****     /***************************************
  31:.\Generated_Source\PSoC4/I2C_I2C.c ****     *  Configuration Structure Initialization
  32:.\Generated_Source\PSoC4/I2C_I2C.c ****     ***************************************/
ARM GAS  C:\Users\744\AppData\Local\Temp\cc0Qv7Ro.s 			page 2


  33:.\Generated_Source\PSoC4/I2C_I2C.c **** 
  34:.\Generated_Source\PSoC4/I2C_I2C.c ****     /* Constant configuration of I2C */
  35:.\Generated_Source\PSoC4/I2C_I2C.c ****     const I2C_I2C_INIT_STRUCT I2C_configI2C =
  36:.\Generated_Source\PSoC4/I2C_I2C.c ****     {
  37:.\Generated_Source\PSoC4/I2C_I2C.c ****         I2C_I2C_MODE,
  38:.\Generated_Source\PSoC4/I2C_I2C.c ****         I2C_I2C_OVS_FACTOR_LOW,
  39:.\Generated_Source\PSoC4/I2C_I2C.c ****         I2C_I2C_OVS_FACTOR_HIGH,
  40:.\Generated_Source\PSoC4/I2C_I2C.c ****         I2C_I2C_MEDIAN_FILTER_ENABLE,
  41:.\Generated_Source\PSoC4/I2C_I2C.c ****         I2C_I2C_SLAVE_ADDRESS,
  42:.\Generated_Source\PSoC4/I2C_I2C.c ****         I2C_I2C_SLAVE_ADDRESS_MASK,
  43:.\Generated_Source\PSoC4/I2C_I2C.c ****         I2C_I2C_ACCEPT_ADDRESS,
  44:.\Generated_Source\PSoC4/I2C_I2C.c ****         I2C_I2C_WAKE_ENABLE,
  45:.\Generated_Source\PSoC4/I2C_I2C.c ****         I2C_I2C_BYTE_MODE_ENABLE,
  46:.\Generated_Source\PSoC4/I2C_I2C.c ****         I2C_I2C_DATA_RATE,
  47:.\Generated_Source\PSoC4/I2C_I2C.c ****         I2C_I2C_ACCEPT_GENERAL_CALL,
  48:.\Generated_Source\PSoC4/I2C_I2C.c ****     };
  49:.\Generated_Source\PSoC4/I2C_I2C.c **** 
  50:.\Generated_Source\PSoC4/I2C_I2C.c ****     /*******************************************************************************
  51:.\Generated_Source\PSoC4/I2C_I2C.c ****     * Function Name: I2C_I2CInit
  52:.\Generated_Source\PSoC4/I2C_I2C.c ****     ********************************************************************************
  53:.\Generated_Source\PSoC4/I2C_I2C.c ****     *
  54:.\Generated_Source\PSoC4/I2C_I2C.c ****     * Summary:
  55:.\Generated_Source\PSoC4/I2C_I2C.c ****     *  Configures the SCB for I2C operation.
  56:.\Generated_Source\PSoC4/I2C_I2C.c ****     *
  57:.\Generated_Source\PSoC4/I2C_I2C.c ****     * Parameters:
  58:.\Generated_Source\PSoC4/I2C_I2C.c ****     *  config:  Pointer to a structure that contains the following ordered list of
  59:.\Generated_Source\PSoC4/I2C_I2C.c ****     *           fields. These fields match the selections available in the
  60:.\Generated_Source\PSoC4/I2C_I2C.c ****     *           customizer.
  61:.\Generated_Source\PSoC4/I2C_I2C.c ****     *
  62:.\Generated_Source\PSoC4/I2C_I2C.c ****     * Return:
  63:.\Generated_Source\PSoC4/I2C_I2C.c ****     *  None
  64:.\Generated_Source\PSoC4/I2C_I2C.c ****     *
  65:.\Generated_Source\PSoC4/I2C_I2C.c ****     *******************************************************************************/
  66:.\Generated_Source\PSoC4/I2C_I2C.c ****     void I2C_I2CInit(const I2C_I2C_INIT_STRUCT *config)
  67:.\Generated_Source\PSoC4/I2C_I2C.c ****     {
  68:.\Generated_Source\PSoC4/I2C_I2C.c ****         uint32 medianFilter;
  69:.\Generated_Source\PSoC4/I2C_I2C.c ****         uint32 locEnableWake;
  70:.\Generated_Source\PSoC4/I2C_I2C.c **** 
  71:.\Generated_Source\PSoC4/I2C_I2C.c ****         if(NULL == config)
  72:.\Generated_Source\PSoC4/I2C_I2C.c ****         {
  73:.\Generated_Source\PSoC4/I2C_I2C.c ****             CYASSERT(0u != 0u); /* Halt execution due to bad function parameter */
  74:.\Generated_Source\PSoC4/I2C_I2C.c ****         }
  75:.\Generated_Source\PSoC4/I2C_I2C.c ****         else
  76:.\Generated_Source\PSoC4/I2C_I2C.c ****         {
  77:.\Generated_Source\PSoC4/I2C_I2C.c ****             /* Configure pins */
  78:.\Generated_Source\PSoC4/I2C_I2C.c ****             I2C_SetPins(I2C_SCB_MODE_I2C, I2C_DUMMY_PARAM,
  79:.\Generated_Source\PSoC4/I2C_I2C.c ****                                      I2C_DUMMY_PARAM);
  80:.\Generated_Source\PSoC4/I2C_I2C.c **** 
  81:.\Generated_Source\PSoC4/I2C_I2C.c ****             /* Store internal configuration */
  82:.\Generated_Source\PSoC4/I2C_I2C.c ****             I2C_scbMode       = (uint8) I2C_SCB_MODE_I2C;
  83:.\Generated_Source\PSoC4/I2C_I2C.c ****             I2C_scbEnableWake = (uint8) config->enableWake;
  84:.\Generated_Source\PSoC4/I2C_I2C.c ****             I2C_scbEnableIntr = (uint8) I2C_SCB_IRQ_INTERNAL;
  85:.\Generated_Source\PSoC4/I2C_I2C.c **** 
  86:.\Generated_Source\PSoC4/I2C_I2C.c ****             I2C_mode          = (uint8) config->mode;
  87:.\Generated_Source\PSoC4/I2C_I2C.c ****             I2C_acceptAddr    = (uint8) config->acceptAddr;
  88:.\Generated_Source\PSoC4/I2C_I2C.c **** 
  89:.\Generated_Source\PSoC4/I2C_I2C.c ****         #if (I2C_CY_SCBIP_V0)
ARM GAS  C:\Users\744\AppData\Local\Temp\cc0Qv7Ro.s 			page 3


  90:.\Generated_Source\PSoC4/I2C_I2C.c ****             /* Adjust SDA filter settings. Ticket ID#150521 */
  91:.\Generated_Source\PSoC4/I2C_I2C.c ****             I2C_SET_I2C_CFG_SDA_FILT_TRIM(I2C_EC_AM_I2C_CFG_SDA_FILT_TRIM);
  92:.\Generated_Source\PSoC4/I2C_I2C.c ****         #endif /* (I2C_CY_SCBIP_V0) */
  93:.\Generated_Source\PSoC4/I2C_I2C.c **** 
  94:.\Generated_Source\PSoC4/I2C_I2C.c ****             /* Adjust AF and DF filter settings. Ticket ID#176179 */
  95:.\Generated_Source\PSoC4/I2C_I2C.c ****             if (((I2C_I2C_MODE_SLAVE != config->mode) &&
  96:.\Generated_Source\PSoC4/I2C_I2C.c ****                  (config->dataRate <= I2C_I2C_DATA_RATE_FS_MODE_MAX)) ||
  97:.\Generated_Source\PSoC4/I2C_I2C.c ****                  (I2C_I2C_MODE_SLAVE == config->mode))
  98:.\Generated_Source\PSoC4/I2C_I2C.c ****             {
  99:.\Generated_Source\PSoC4/I2C_I2C.c ****                 /* AF = 1, DF = 0 */
 100:.\Generated_Source\PSoC4/I2C_I2C.c ****                 I2C_I2C_CFG_ANALOG_FITER_ENABLE;
 101:.\Generated_Source\PSoC4/I2C_I2C.c ****                 medianFilter = I2C_DIGITAL_FILTER_DISABLE;
 102:.\Generated_Source\PSoC4/I2C_I2C.c ****             }
 103:.\Generated_Source\PSoC4/I2C_I2C.c ****             else
 104:.\Generated_Source\PSoC4/I2C_I2C.c ****             {
 105:.\Generated_Source\PSoC4/I2C_I2C.c ****                 /* AF = 0, DF = 1 */
 106:.\Generated_Source\PSoC4/I2C_I2C.c ****                 I2C_I2C_CFG_ANALOG_FITER_DISABLE;
 107:.\Generated_Source\PSoC4/I2C_I2C.c ****                 medianFilter = I2C_DIGITAL_FILTER_ENABLE;
 108:.\Generated_Source\PSoC4/I2C_I2C.c ****             }
 109:.\Generated_Source\PSoC4/I2C_I2C.c **** 
 110:.\Generated_Source\PSoC4/I2C_I2C.c ****         #if (!I2C_CY_SCBIP_V0)
 111:.\Generated_Source\PSoC4/I2C_I2C.c ****             locEnableWake = (I2C_I2C_MULTI_MASTER_SLAVE) ? (0u) : (config->enableWake);
 112:.\Generated_Source\PSoC4/I2C_I2C.c ****         #else
 113:.\Generated_Source\PSoC4/I2C_I2C.c ****             locEnableWake = config->enableWake;
 114:.\Generated_Source\PSoC4/I2C_I2C.c ****         #endif /* (!I2C_CY_SCBIP_V0) */
 115:.\Generated_Source\PSoC4/I2C_I2C.c **** 
 116:.\Generated_Source\PSoC4/I2C_I2C.c ****             /* Configure I2C interface */
 117:.\Generated_Source\PSoC4/I2C_I2C.c ****             I2C_CTRL_REG     = I2C_GET_CTRL_BYTE_MODE  (config->enableByteMode) |
 118:.\Generated_Source\PSoC4/I2C_I2C.c ****                                             I2C_GET_CTRL_ADDR_ACCEPT(config->acceptAddr)     |
 119:.\Generated_Source\PSoC4/I2C_I2C.c ****                                             I2C_GET_CTRL_EC_AM_MODE (locEnableWake);
 120:.\Generated_Source\PSoC4/I2C_I2C.c **** 
 121:.\Generated_Source\PSoC4/I2C_I2C.c ****             I2C_I2C_CTRL_REG = I2C_GET_I2C_CTRL_HIGH_PHASE_OVS(config->oversampleHigh) |
 122:.\Generated_Source\PSoC4/I2C_I2C.c ****                     I2C_GET_I2C_CTRL_LOW_PHASE_OVS (config->oversampleLow)                         
 123:.\Generated_Source\PSoC4/I2C_I2C.c ****                     I2C_GET_I2C_CTRL_S_GENERAL_IGNORE((uint32)(0u == config->acceptGeneralAddr))   
 124:.\Generated_Source\PSoC4/I2C_I2C.c ****                     I2C_GET_I2C_CTRL_SL_MSTR_MODE  (config->mode);
 125:.\Generated_Source\PSoC4/I2C_I2C.c **** 
 126:.\Generated_Source\PSoC4/I2C_I2C.c ****             /* Configure RX direction */
 127:.\Generated_Source\PSoC4/I2C_I2C.c ****             I2C_RX_CTRL_REG      = I2C_GET_RX_CTRL_MEDIAN(medianFilter) |
 128:.\Generated_Source\PSoC4/I2C_I2C.c ****                                                 I2C_I2C_RX_CTRL;
 129:.\Generated_Source\PSoC4/I2C_I2C.c ****             I2C_RX_FIFO_CTRL_REG = I2C_CLEAR_REG;
 130:.\Generated_Source\PSoC4/I2C_I2C.c **** 
 131:.\Generated_Source\PSoC4/I2C_I2C.c ****             /* Set default address and mask */
 132:.\Generated_Source\PSoC4/I2C_I2C.c ****             I2C_RX_MATCH_REG    = ((I2C_I2C_SLAVE) ?
 133:.\Generated_Source\PSoC4/I2C_I2C.c ****                                                 (I2C_GET_I2C_8BIT_ADDRESS(config->slaveAddr) |
 134:.\Generated_Source\PSoC4/I2C_I2C.c ****                                                  I2C_GET_RX_MATCH_MASK(config->slaveAddrMask)) :
 135:.\Generated_Source\PSoC4/I2C_I2C.c ****                                                 (I2C_CLEAR_REG));
 136:.\Generated_Source\PSoC4/I2C_I2C.c **** 
 137:.\Generated_Source\PSoC4/I2C_I2C.c **** 
 138:.\Generated_Source\PSoC4/I2C_I2C.c ****             /* Configure TX direction */
 139:.\Generated_Source\PSoC4/I2C_I2C.c ****             I2C_TX_CTRL_REG      = I2C_I2C_TX_CTRL;
 140:.\Generated_Source\PSoC4/I2C_I2C.c ****             I2C_TX_FIFO_CTRL_REG = I2C_CLEAR_REG;
 141:.\Generated_Source\PSoC4/I2C_I2C.c **** 
 142:.\Generated_Source\PSoC4/I2C_I2C.c ****             /* Configure interrupt with I2C handler but do not enable it */
 143:.\Generated_Source\PSoC4/I2C_I2C.c ****             CyIntDisable    (I2C_ISR_NUMBER);
 144:.\Generated_Source\PSoC4/I2C_I2C.c ****             CyIntSetPriority(I2C_ISR_NUMBER, I2C_ISR_PRIORITY);
 145:.\Generated_Source\PSoC4/I2C_I2C.c ****             (void) CyIntSetVector(I2C_ISR_NUMBER, &I2C_I2C_ISR);
 146:.\Generated_Source\PSoC4/I2C_I2C.c **** 
ARM GAS  C:\Users\744\AppData\Local\Temp\cc0Qv7Ro.s 			page 4


 147:.\Generated_Source\PSoC4/I2C_I2C.c ****             /* Configure interrupt sources */
 148:.\Generated_Source\PSoC4/I2C_I2C.c ****         #if(!I2C_CY_SCBIP_V1)
 149:.\Generated_Source\PSoC4/I2C_I2C.c ****             I2C_INTR_SPI_EC_MASK_REG = I2C_NO_INTR_SOURCES;
 150:.\Generated_Source\PSoC4/I2C_I2C.c ****         #endif /* (!I2C_CY_SCBIP_V1) */
 151:.\Generated_Source\PSoC4/I2C_I2C.c **** 
 152:.\Generated_Source\PSoC4/I2C_I2C.c ****             I2C_INTR_I2C_EC_MASK_REG = I2C_NO_INTR_SOURCES;
 153:.\Generated_Source\PSoC4/I2C_I2C.c ****             I2C_INTR_RX_MASK_REG     = I2C_NO_INTR_SOURCES;
 154:.\Generated_Source\PSoC4/I2C_I2C.c ****             I2C_INTR_TX_MASK_REG     = I2C_NO_INTR_SOURCES;
 155:.\Generated_Source\PSoC4/I2C_I2C.c **** 
 156:.\Generated_Source\PSoC4/I2C_I2C.c ****             I2C_INTR_SLAVE_MASK_REG  = ((I2C_I2C_SLAVE) ?
 157:.\Generated_Source\PSoC4/I2C_I2C.c ****                             (I2C_GET_INTR_SLAVE_I2C_GENERAL(config->acceptGeneralAddr) |
 158:.\Generated_Source\PSoC4/I2C_I2C.c ****                              I2C_I2C_INTR_SLAVE_MASK) : (I2C_CLEAR_REG));
 159:.\Generated_Source\PSoC4/I2C_I2C.c **** 
 160:.\Generated_Source\PSoC4/I2C_I2C.c ****             I2C_INTR_MASTER_MASK_REG = ((I2C_I2C_MASTER) ?
 161:.\Generated_Source\PSoC4/I2C_I2C.c ****                                                      (I2C_I2C_INTR_MASTER_MASK) :
 162:.\Generated_Source\PSoC4/I2C_I2C.c ****                                                      (I2C_CLEAR_REG));
 163:.\Generated_Source\PSoC4/I2C_I2C.c **** 
 164:.\Generated_Source\PSoC4/I2C_I2C.c ****             /* Configure global variables */
 165:.\Generated_Source\PSoC4/I2C_I2C.c ****             I2C_state = I2C_I2C_FSM_IDLE;
 166:.\Generated_Source\PSoC4/I2C_I2C.c **** 
 167:.\Generated_Source\PSoC4/I2C_I2C.c ****             /* Internal slave variables */
 168:.\Generated_Source\PSoC4/I2C_I2C.c ****             I2C_slStatus        = 0u;
 169:.\Generated_Source\PSoC4/I2C_I2C.c ****             I2C_slRdBufIndex    = 0u;
 170:.\Generated_Source\PSoC4/I2C_I2C.c ****             I2C_slWrBufIndex    = 0u;
 171:.\Generated_Source\PSoC4/I2C_I2C.c ****             I2C_slOverFlowCount = 0u;
 172:.\Generated_Source\PSoC4/I2C_I2C.c **** 
 173:.\Generated_Source\PSoC4/I2C_I2C.c ****             /* Internal master variables */
 174:.\Generated_Source\PSoC4/I2C_I2C.c ****             I2C_mstrStatus     = 0u;
 175:.\Generated_Source\PSoC4/I2C_I2C.c ****             I2C_mstrRdBufIndex = 0u;
 176:.\Generated_Source\PSoC4/I2C_I2C.c ****             I2C_mstrWrBufIndex = 0u;
 177:.\Generated_Source\PSoC4/I2C_I2C.c ****         }
 178:.\Generated_Source\PSoC4/I2C_I2C.c ****     }
 179:.\Generated_Source\PSoC4/I2C_I2C.c **** 
 180:.\Generated_Source\PSoC4/I2C_I2C.c **** #else
 181:.\Generated_Source\PSoC4/I2C_I2C.c **** 
 182:.\Generated_Source\PSoC4/I2C_I2C.c ****     /*******************************************************************************
 183:.\Generated_Source\PSoC4/I2C_I2C.c ****     * Function Name: I2C_I2CInit
 184:.\Generated_Source\PSoC4/I2C_I2C.c ****     ********************************************************************************
 185:.\Generated_Source\PSoC4/I2C_I2C.c ****     *
 186:.\Generated_Source\PSoC4/I2C_I2C.c ****     * Summary:
 187:.\Generated_Source\PSoC4/I2C_I2C.c ****     *  Configures the SCB for the I2C operation.
 188:.\Generated_Source\PSoC4/I2C_I2C.c ****     *
 189:.\Generated_Source\PSoC4/I2C_I2C.c ****     * Parameters:
 190:.\Generated_Source\PSoC4/I2C_I2C.c ****     *  None
 191:.\Generated_Source\PSoC4/I2C_I2C.c ****     *
 192:.\Generated_Source\PSoC4/I2C_I2C.c ****     * Return:
 193:.\Generated_Source\PSoC4/I2C_I2C.c ****     *  None
 194:.\Generated_Source\PSoC4/I2C_I2C.c ****     *
 195:.\Generated_Source\PSoC4/I2C_I2C.c ****     *******************************************************************************/
 196:.\Generated_Source\PSoC4/I2C_I2C.c ****     void I2C_I2CInit(void)
 197:.\Generated_Source\PSoC4/I2C_I2C.c ****     {
  26              		.loc 1 197 0
  27              		.cfi_startproc
  28 0000 10B5     		push	{r4, lr}
  29              		.cfi_def_cfa_offset 8
  30              		.cfi_offset 4, -8
  31              		.cfi_offset 14, -4
ARM GAS  C:\Users\744\AppData\Local\Temp\cc0Qv7Ro.s 			page 5


 198:.\Generated_Source\PSoC4/I2C_I2C.c ****     #if(I2C_CY_SCBIP_V0)
 199:.\Generated_Source\PSoC4/I2C_I2C.c ****         /* Adjust SDA filter settings. Ticket ID#150521 */
 200:.\Generated_Source\PSoC4/I2C_I2C.c ****         I2C_SET_I2C_CFG_SDA_FILT_TRIM(I2C_EC_AM_I2C_CFG_SDA_FILT_TRIM);
  32              		.loc 1 200 0
  33 0002 1D4A     		ldr	r2, .L2
  34 0004 1168     		ldr	r1, [r2]
  35 0006 0C23     		mov	r3, #12
  36 0008 0B43     		orr	r3, r1
  37 000a 1360     		str	r3, [r2]
 201:.\Generated_Source\PSoC4/I2C_I2C.c ****     #endif /* (I2C_CY_SCBIP_V0) */
 202:.\Generated_Source\PSoC4/I2C_I2C.c **** 
 203:.\Generated_Source\PSoC4/I2C_I2C.c ****         /* Adjust AF and DF filter settings. Ticket ID#176179 */
 204:.\Generated_Source\PSoC4/I2C_I2C.c ****         I2C_I2C_CFG_ANALOG_FITER_ENABLE_ADJ;
 205:.\Generated_Source\PSoC4/I2C_I2C.c **** 
 206:.\Generated_Source\PSoC4/I2C_I2C.c ****         /* Configure I2C interface */
 207:.\Generated_Source\PSoC4/I2C_I2C.c ****         I2C_CTRL_REG     = I2C_I2C_DEFAULT_CTRL;
  38              		.loc 1 207 0
  39 000c 0024     		mov	r4, #0
  40 000e 1B4B     		ldr	r3, .L2+4
  41 0010 1C60     		str	r4, [r3]
 208:.\Generated_Source\PSoC4/I2C_I2C.c ****         I2C_I2C_CTRL_REG = I2C_I2C_DEFAULT_I2C_CTRL;
  42              		.loc 1 208 0
  43 0012 1B4A     		ldr	r2, .L2+8
  44 0014 1B4B     		ldr	r3, .L2+12
  45 0016 1A60     		str	r2, [r3]
 209:.\Generated_Source\PSoC4/I2C_I2C.c **** 
 210:.\Generated_Source\PSoC4/I2C_I2C.c ****         /* Configure RX direction */
 211:.\Generated_Source\PSoC4/I2C_I2C.c ****         I2C_RX_CTRL_REG      = I2C_I2C_DEFAULT_RX_CTRL;
  46              		.loc 1 211 0
  47 0018 1B4B     		ldr	r3, .L2+16
  48 001a 1C4A     		ldr	r2, .L2+20
  49 001c 1360     		str	r3, [r2]
 212:.\Generated_Source\PSoC4/I2C_I2C.c ****         I2C_RX_FIFO_CTRL_REG = I2C_I2C_DEFAULT_RX_FIFO_CTRL;
  50              		.loc 1 212 0
  51 001e 1C4A     		ldr	r2, .L2+24
  52 0020 1460     		str	r4, [r2]
 213:.\Generated_Source\PSoC4/I2C_I2C.c **** 
 214:.\Generated_Source\PSoC4/I2C_I2C.c ****         /* Set default address and mask */
 215:.\Generated_Source\PSoC4/I2C_I2C.c ****         I2C_RX_MATCH_REG     = I2C_I2C_DEFAULT_RX_MATCH;
  53              		.loc 1 215 0
  54 0022 1C4A     		ldr	r2, .L2+28
  55 0024 1460     		str	r4, [r2]
 216:.\Generated_Source\PSoC4/I2C_I2C.c **** 
 217:.\Generated_Source\PSoC4/I2C_I2C.c ****         /* Configure TX direction */
 218:.\Generated_Source\PSoC4/I2C_I2C.c ****         I2C_TX_CTRL_REG      = I2C_I2C_DEFAULT_TX_CTRL;
  56              		.loc 1 218 0
  57 0026 1C4A     		ldr	r2, .L2+32
  58 0028 1360     		str	r3, [r2]
 219:.\Generated_Source\PSoC4/I2C_I2C.c ****         I2C_TX_FIFO_CTRL_REG = I2C_I2C_DEFAULT_TX_FIFO_CTRL;
  59              		.loc 1 219 0
  60 002a 1C4B     		ldr	r3, .L2+36
  61 002c 1C60     		str	r4, [r3]
 220:.\Generated_Source\PSoC4/I2C_I2C.c **** 
 221:.\Generated_Source\PSoC4/I2C_I2C.c ****         /* Configure interrupt with I2C handler but do not enable it */
 222:.\Generated_Source\PSoC4/I2C_I2C.c ****         CyIntDisable    (I2C_ISR_NUMBER);
  62              		.loc 1 222 0
  63 002e 0B20     		mov	r0, #11
ARM GAS  C:\Users\744\AppData\Local\Temp\cc0Qv7Ro.s 			page 6


  64 0030 FFF7FEFF 		bl	CyIntDisable
  65              	.LVL0:
 223:.\Generated_Source\PSoC4/I2C_I2C.c ****         CyIntSetPriority(I2C_ISR_NUMBER, I2C_ISR_PRIORITY);
  66              		.loc 1 223 0
  67 0034 0B20     		mov	r0, #11
  68 0036 0321     		mov	r1, #3
  69 0038 FFF7FEFF 		bl	CyIntSetPriority
  70              	.LVL1:
 224:.\Generated_Source\PSoC4/I2C_I2C.c ****     #if(!I2C_I2C_EXTERN_INTR_HANDLER)
 225:.\Generated_Source\PSoC4/I2C_I2C.c ****         (void) CyIntSetVector(I2C_ISR_NUMBER, &I2C_I2C_ISR);
  71              		.loc 1 225 0
  72 003c 0B20     		mov	r0, #11
  73 003e 1849     		ldr	r1, .L2+40
  74 0040 FFF7FEFF 		bl	CyIntSetVector
  75              	.LVL2:
 226:.\Generated_Source\PSoC4/I2C_I2C.c ****     #endif /* (I2C_I2C_EXTERN_INTR_HANDLER) */
 227:.\Generated_Source\PSoC4/I2C_I2C.c **** 
 228:.\Generated_Source\PSoC4/I2C_I2C.c ****         /* Configure interrupt sources */
 229:.\Generated_Source\PSoC4/I2C_I2C.c ****     #if(!I2C_CY_SCBIP_V1)
 230:.\Generated_Source\PSoC4/I2C_I2C.c ****         I2C_INTR_SPI_EC_MASK_REG = I2C_I2C_DEFAULT_INTR_SPI_EC_MASK;
  76              		.loc 1 230 0
  77 0044 174B     		ldr	r3, .L2+44
  78 0046 1C60     		str	r4, [r3]
 231:.\Generated_Source\PSoC4/I2C_I2C.c ****     #endif /* (!I2C_CY_SCBIP_V1) */
 232:.\Generated_Source\PSoC4/I2C_I2C.c **** 
 233:.\Generated_Source\PSoC4/I2C_I2C.c ****         I2C_INTR_I2C_EC_MASK_REG = I2C_I2C_DEFAULT_INTR_I2C_EC_MASK;
  79              		.loc 1 233 0
  80 0048 174B     		ldr	r3, .L2+48
  81 004a 1C60     		str	r4, [r3]
 234:.\Generated_Source\PSoC4/I2C_I2C.c ****         I2C_INTR_SLAVE_MASK_REG  = I2C_I2C_DEFAULT_INTR_SLAVE_MASK;
  82              		.loc 1 234 0
  83 004c 174B     		ldr	r3, .L2+52
  84 004e 1C60     		str	r4, [r3]
 235:.\Generated_Source\PSoC4/I2C_I2C.c ****         I2C_INTR_MASTER_MASK_REG = I2C_I2C_DEFAULT_INTR_MASTER_MASK;
  85              		.loc 1 235 0
  86 0050 1422     		mov	r2, #20
  87 0052 FF32     		add	r2, r2, #255
  88 0054 164B     		ldr	r3, .L2+56
  89 0056 1A60     		str	r2, [r3]
 236:.\Generated_Source\PSoC4/I2C_I2C.c ****         I2C_INTR_RX_MASK_REG     = I2C_I2C_DEFAULT_INTR_RX_MASK;
  90              		.loc 1 236 0
  91 0058 164B     		ldr	r3, .L2+60
  92 005a 1C60     		str	r4, [r3]
 237:.\Generated_Source\PSoC4/I2C_I2C.c ****         I2C_INTR_TX_MASK_REG     = I2C_I2C_DEFAULT_INTR_TX_MASK;
  93              		.loc 1 237 0
  94 005c 164B     		ldr	r3, .L2+64
  95 005e 1C60     		str	r4, [r3]
 238:.\Generated_Source\PSoC4/I2C_I2C.c **** 
 239:.\Generated_Source\PSoC4/I2C_I2C.c ****         /* Configure global variables */
 240:.\Generated_Source\PSoC4/I2C_I2C.c ****         I2C_state = I2C_I2C_FSM_IDLE;
  96              		.loc 1 240 0
  97 0060 043A     		sub	r2, r2, #4
  98 0062 FF3A     		sub	r2, r2, #255
  99 0064 154B     		ldr	r3, .L2+68
 100 0066 1A70     		strb	r2, [r3]
 241:.\Generated_Source\PSoC4/I2C_I2C.c **** 
 242:.\Generated_Source\PSoC4/I2C_I2C.c ****     #if(I2C_I2C_SLAVE)
ARM GAS  C:\Users\744\AppData\Local\Temp\cc0Qv7Ro.s 			page 7


 243:.\Generated_Source\PSoC4/I2C_I2C.c ****         /* Internal slave variable */
 244:.\Generated_Source\PSoC4/I2C_I2C.c ****         I2C_slStatus        = 0u;
 245:.\Generated_Source\PSoC4/I2C_I2C.c ****         I2C_slRdBufIndex    = 0u;
 246:.\Generated_Source\PSoC4/I2C_I2C.c ****         I2C_slWrBufIndex    = 0u;
 247:.\Generated_Source\PSoC4/I2C_I2C.c ****         I2C_slOverFlowCount = 0u;
 248:.\Generated_Source\PSoC4/I2C_I2C.c ****     #endif /* (I2C_I2C_SLAVE) */
 249:.\Generated_Source\PSoC4/I2C_I2C.c **** 
 250:.\Generated_Source\PSoC4/I2C_I2C.c ****     #if(I2C_I2C_MASTER)
 251:.\Generated_Source\PSoC4/I2C_I2C.c ****     /* Internal master variable */
 252:.\Generated_Source\PSoC4/I2C_I2C.c ****         I2C_mstrStatus     = 0u;
 101              		.loc 1 252 0
 102 0068 154B     		ldr	r3, .L2+72
 103 006a 1C80     		strh	r4, [r3]
 253:.\Generated_Source\PSoC4/I2C_I2C.c ****         I2C_mstrRdBufIndex = 0u;
 104              		.loc 1 253 0
 105 006c 154B     		ldr	r3, .L2+76
 106 006e 1C60     		str	r4, [r3]
 254:.\Generated_Source\PSoC4/I2C_I2C.c ****         I2C_mstrWrBufIndex = 0u;
 107              		.loc 1 254 0
 108 0070 154B     		ldr	r3, .L2+80
 109 0072 1C60     		str	r4, [r3]
 255:.\Generated_Source\PSoC4/I2C_I2C.c ****     #endif /* (I2C_I2C_MASTER) */
 256:.\Generated_Source\PSoC4/I2C_I2C.c ****     }
 110              		.loc 1 256 0
 111              		@ sp needed
 112 0074 10BD     		pop	{r4, pc}
 113              	.L3:
 114 0076 C046     		.align	2
 115              	.L2:
 116 0078 70000740 		.word	1074200688
 117 007c 00000740 		.word	1074200576
 118 0080 64080080 		.word	-2147481500
 119 0084 60000740 		.word	1074200672
 120 0088 07010080 		.word	-2147483385
 121 008c 00030740 		.word	1074201344
 122 0090 04030740 		.word	1074201348
 123 0094 10030740 		.word	1074201360
 124 0098 00020740 		.word	1074201088
 125 009c 04020740 		.word	1074201092
 126 00a0 00000000 		.word	I2C_I2C_ISR
 127 00a4 C80E0740 		.word	1074204360
 128 00a8 880E0740 		.word	1074204296
 129 00ac 480F0740 		.word	1074204488
 130 00b0 080F0740 		.word	1074204424
 131 00b4 C80F0740 		.word	1074204616
 132 00b8 880F0740 		.word	1074204552
 133 00bc 00000000 		.word	I2C_state
 134 00c0 00000000 		.word	I2C_mstrStatus
 135 00c4 00000000 		.word	I2C_mstrRdBufIndex
 136 00c8 00000000 		.word	I2C_mstrWrBufIndex
 137              		.cfi_endproc
 138              	.LFE0:
 139              		.size	I2C_I2CInit, .-I2C_I2CInit
 140              		.section	.text.I2C_I2CStop,"ax",%progbits
 141              		.align	2
 142              		.global	I2C_I2CStop
 143              		.code	16
ARM GAS  C:\Users\744\AppData\Local\Temp\cc0Qv7Ro.s 			page 8


 144              		.thumb_func
 145              		.type	I2C_I2CStop, %function
 146              	I2C_I2CStop:
 147              	.LFB1:
 257:.\Generated_Source\PSoC4/I2C_I2C.c **** #endif /* (I2C_SCB_MODE_UNCONFIG_CONST_CFG) */
 258:.\Generated_Source\PSoC4/I2C_I2C.c **** 
 259:.\Generated_Source\PSoC4/I2C_I2C.c **** 
 260:.\Generated_Source\PSoC4/I2C_I2C.c **** /*******************************************************************************
 261:.\Generated_Source\PSoC4/I2C_I2C.c **** * Function Name: I2C_I2CStop
 262:.\Generated_Source\PSoC4/I2C_I2C.c **** ********************************************************************************
 263:.\Generated_Source\PSoC4/I2C_I2C.c **** *
 264:.\Generated_Source\PSoC4/I2C_I2C.c **** * Summary:
 265:.\Generated_Source\PSoC4/I2C_I2C.c **** *  Resets the I2C FSM into the default state.
 266:.\Generated_Source\PSoC4/I2C_I2C.c **** *
 267:.\Generated_Source\PSoC4/I2C_I2C.c **** * Parameters:
 268:.\Generated_Source\PSoC4/I2C_I2C.c **** *  None
 269:.\Generated_Source\PSoC4/I2C_I2C.c **** *
 270:.\Generated_Source\PSoC4/I2C_I2C.c **** * Return:
 271:.\Generated_Source\PSoC4/I2C_I2C.c **** *  None
 272:.\Generated_Source\PSoC4/I2C_I2C.c **** *
 273:.\Generated_Source\PSoC4/I2C_I2C.c **** *******************************************************************************/
 274:.\Generated_Source\PSoC4/I2C_I2C.c **** void I2C_I2CStop(void)
 275:.\Generated_Source\PSoC4/I2C_I2C.c **** {
 148              		.loc 1 275 0
 149              		.cfi_startproc
 276:.\Generated_Source\PSoC4/I2C_I2C.c ****     I2C_state = I2C_I2C_FSM_IDLE;
 150              		.loc 1 276 0
 151 0000 1022     		mov	r2, #16
 152 0002 014B     		ldr	r3, .L5
 153 0004 1A70     		strb	r2, [r3]
 277:.\Generated_Source\PSoC4/I2C_I2C.c **** }
 154              		.loc 1 277 0
 155              		@ sp needed
 156 0006 7047     		bx	lr
 157              	.L6:
 158              		.align	2
 159              	.L5:
 160 0008 00000000 		.word	I2C_state
 161              		.cfi_endproc
 162              	.LFE1:
 163              		.size	I2C_I2CStop, .-I2C_I2CStop
 164              		.comm	I2C_state,1,1
 165              		.text
 166              	.Letext0:
 167              		.file 2 "Generated_Source\\PSoC4/cytypes.h"
 168              		.file 3 ".\\Generated_Source\\PSoC4\\I2C_I2C_PVT.h"
 169              		.file 4 "Generated_Source\\PSoC4/CyLib.h"
 170              		.section	.debug_info,"",%progbits
 171              	.Ldebug_info0:
 172 0000 A7010000 		.4byte	0x1a7
 173 0004 0400     		.2byte	0x4
 174 0006 00000000 		.4byte	.Ldebug_abbrev0
 175 000a 04       		.byte	0x4
 176 000b 01       		.uleb128 0x1
 177 000c FC000000 		.4byte	.LASF25
 178 0010 01       		.byte	0x1
 179 0011 1A020000 		.4byte	.LASF26
ARM GAS  C:\Users\744\AppData\Local\Temp\cc0Qv7Ro.s 			page 9


 180 0015 D8010000 		.4byte	.LASF27
 181 0019 00000000 		.4byte	.Ldebug_ranges0+0
 182 001d 00000000 		.4byte	0
 183 0021 00000000 		.4byte	.Ldebug_line0
 184 0025 02       		.uleb128 0x2
 185 0026 01       		.byte	0x1
 186 0027 06       		.byte	0x6
 187 0028 41000000 		.4byte	.LASF0
 188 002c 02       		.uleb128 0x2
 189 002d 01       		.byte	0x1
 190 002e 08       		.byte	0x8
 191 002f 4D000000 		.4byte	.LASF1
 192 0033 02       		.uleb128 0x2
 193 0034 02       		.byte	0x2
 194 0035 05       		.byte	0x5
 195 0036 86000000 		.4byte	.LASF2
 196 003a 02       		.uleb128 0x2
 197 003b 02       		.byte	0x2
 198 003c 07       		.byte	0x7
 199 003d 15000000 		.4byte	.LASF3
 200 0041 02       		.uleb128 0x2
 201 0042 04       		.byte	0x4
 202 0043 05       		.byte	0x5
 203 0044 B2010000 		.4byte	.LASF4
 204 0048 02       		.uleb128 0x2
 205 0049 04       		.byte	0x4
 206 004a 07       		.byte	0x7
 207 004b 5B000000 		.4byte	.LASF5
 208 004f 02       		.uleb128 0x2
 209 0050 08       		.byte	0x8
 210 0051 05       		.byte	0x5
 211 0052 E9000000 		.4byte	.LASF6
 212 0056 02       		.uleb128 0x2
 213 0057 08       		.byte	0x8
 214 0058 07       		.byte	0x7
 215 0059 AB000000 		.4byte	.LASF7
 216 005d 03       		.uleb128 0x3
 217 005e 04       		.byte	0x4
 218 005f 05       		.byte	0x5
 219 0060 696E7400 		.ascii	"int\000"
 220 0064 02       		.uleb128 0x2
 221 0065 04       		.byte	0x4
 222 0066 07       		.byte	0x7
 223 0067 9E000000 		.4byte	.LASF8
 224 006b 04       		.uleb128 0x4
 225 006c 6D000000 		.4byte	.LASF9
 226 0070 02       		.byte	0x2
 227 0071 3801     		.2byte	0x138
 228 0073 2C000000 		.4byte	0x2c
 229 0077 04       		.uleb128 0x4
 230 0078 90000000 		.4byte	.LASF10
 231 007c 02       		.byte	0x2
 232 007d 3901     		.2byte	0x139
 233 007f 3A000000 		.4byte	0x3a
 234 0083 04       		.uleb128 0x4
 235 0084 97000000 		.4byte	.LASF11
 236 0088 02       		.byte	0x2
ARM GAS  C:\Users\744\AppData\Local\Temp\cc0Qv7Ro.s 			page 10


 237 0089 3A01     		.2byte	0x13a
 238 008b 48000000 		.4byte	0x48
 239 008f 02       		.uleb128 0x2
 240 0090 04       		.byte	0x4
 241 0091 04       		.byte	0x4
 242 0092 3B000000 		.4byte	.LASF12
 243 0096 02       		.uleb128 0x2
 244 0097 08       		.byte	0x8
 245 0098 04       		.byte	0x4
 246 0099 73000000 		.4byte	.LASF13
 247 009d 02       		.uleb128 0x2
 248 009e 01       		.byte	0x1
 249 009f 08       		.byte	0x8
 250 00a0 F7000000 		.4byte	.LASF14
 251 00a4 05       		.uleb128 0x5
 252 00a5 6B000000 		.4byte	0x6b
 253 00a9 05       		.uleb128 0x5
 254 00aa 77000000 		.4byte	0x77
 255 00ae 04       		.uleb128 0x4
 256 00af 00000000 		.4byte	.LASF15
 257 00b3 02       		.byte	0x2
 258 00b4 E401     		.2byte	0x1e4
 259 00b6 BA000000 		.4byte	0xba
 260 00ba 05       		.uleb128 0x5
 261 00bb 83000000 		.4byte	0x83
 262 00bf 04       		.uleb128 0x4
 263 00c0 D3000000 		.4byte	.LASF16
 264 00c4 02       		.byte	0x2
 265 00c5 F401     		.2byte	0x1f4
 266 00c7 CB000000 		.4byte	0xcb
 267 00cb 06       		.uleb128 0x6
 268 00cc 04       		.byte	0x4
 269 00cd D1000000 		.4byte	0xd1
 270 00d1 07       		.uleb128 0x7
 271 00d2 02       		.uleb128 0x2
 272 00d3 04       		.byte	0x4
 273 00d4 07       		.byte	0x7
 274 00d5 E0000000 		.4byte	.LASF17
 275 00d9 08       		.uleb128 0x8
 276 00da 7A000000 		.4byte	.LASF28
 277 00de 01       		.byte	0x1
 278 00df C4       		.byte	0xc4
 279 00e0 00000000 		.4byte	.LFB0
 280 00e4 CC000000 		.4byte	.LFE0-.LFB0
 281 00e8 01       		.uleb128 0x1
 282 00e9 9C       		.byte	0x9c
 283 00ea 29010000 		.4byte	0x129
 284 00ee 09       		.uleb128 0x9
 285 00ef 34000000 		.4byte	.LVL0
 286 00f3 6D010000 		.4byte	0x16d
 287 00f7 01010000 		.4byte	0x101
 288 00fb 0A       		.uleb128 0xa
 289 00fc 01       		.uleb128 0x1
 290 00fd 50       		.byte	0x50
 291 00fe 01       		.uleb128 0x1
 292 00ff 3B       		.byte	0x3b
 293 0100 00       		.byte	0
ARM GAS  C:\Users\744\AppData\Local\Temp\cc0Qv7Ro.s 			page 11


 294 0101 09       		.uleb128 0x9
 295 0102 3C000000 		.4byte	.LVL1
 296 0106 7E010000 		.4byte	0x17e
 297 010a 19010000 		.4byte	0x119
 298 010e 0A       		.uleb128 0xa
 299 010f 01       		.uleb128 0x1
 300 0110 51       		.byte	0x51
 301 0111 01       		.uleb128 0x1
 302 0112 33       		.byte	0x33
 303 0113 0A       		.uleb128 0xa
 304 0114 01       		.uleb128 0x1
 305 0115 50       		.byte	0x50
 306 0116 01       		.uleb128 0x1
 307 0117 3B       		.byte	0x3b
 308 0118 00       		.byte	0
 309 0119 0B       		.uleb128 0xb
 310 011a 44000000 		.4byte	.LVL2
 311 011e 94010000 		.4byte	0x194
 312 0122 0A       		.uleb128 0xa
 313 0123 01       		.uleb128 0x1
 314 0124 50       		.byte	0x50
 315 0125 01       		.uleb128 0x1
 316 0126 3B       		.byte	0x3b
 317 0127 00       		.byte	0
 318 0128 00       		.byte	0
 319 0129 0C       		.uleb128 0xc
 320 012a 97010000 		.4byte	.LASF29
 321 012e 01       		.byte	0x1
 322 012f 1201     		.2byte	0x112
 323 0131 00000000 		.4byte	.LFB1
 324 0135 0C000000 		.4byte	.LFE1-.LFB1
 325 0139 01       		.uleb128 0x1
 326 013a 9C       		.byte	0x9c
 327 013b 0D       		.uleb128 0xd
 328 013c BB010000 		.4byte	.LASF18
 329 0140 01       		.byte	0x1
 330 0141 1A       		.byte	0x1a
 331 0142 A4000000 		.4byte	0xa4
 332 0146 05       		.uleb128 0x5
 333 0147 03       		.byte	0x3
 334 0148 00000000 		.4byte	I2C_state
 335 014c 0E       		.uleb128 0xe
 336 014d A3010000 		.4byte	.LASF19
 337 0151 03       		.byte	0x3
 338 0152 30       		.byte	0x30
 339 0153 A9000000 		.4byte	0xa9
 340 0157 0E       		.uleb128 0xe
 341 0158 28000000 		.4byte	.LASF20
 342 015c 03       		.byte	0x3
 343 015d 36       		.byte	0x36
 344 015e BA000000 		.4byte	0xba
 345 0162 0E       		.uleb128 0xe
 346 0163 C5010000 		.4byte	.LASF21
 347 0167 03       		.byte	0x3
 348 0168 3B       		.byte	0x3b
 349 0169 BA000000 		.4byte	0xba
 350 016d 0F       		.uleb128 0xf
ARM GAS  C:\Users\744\AppData\Local\Temp\cc0Qv7Ro.s 			page 12


 351 016e 8A010000 		.4byte	.LASF22
 352 0172 04       		.byte	0x4
 353 0173 51       		.byte	0x51
 354 0174 7E010000 		.4byte	0x17e
 355 0178 10       		.uleb128 0x10
 356 0179 6B000000 		.4byte	0x6b
 357 017d 00       		.byte	0
 358 017e 0F       		.uleb128 0xf
 359 017f C2000000 		.4byte	.LASF23
 360 0183 04       		.byte	0x4
 361 0184 4C       		.byte	0x4c
 362 0185 94010000 		.4byte	0x194
 363 0189 10       		.uleb128 0x10
 364 018a 6B000000 		.4byte	0x6b
 365 018e 10       		.uleb128 0x10
 366 018f 6B000000 		.4byte	0x6b
 367 0193 00       		.byte	0
 368 0194 11       		.uleb128 0x11
 369 0195 06000000 		.4byte	.LASF24
 370 0199 04       		.byte	0x4
 371 019a 49       		.byte	0x49
 372 019b BF000000 		.4byte	0xbf
 373 019f 10       		.uleb128 0x10
 374 01a0 6B000000 		.4byte	0x6b
 375 01a4 10       		.uleb128 0x10
 376 01a5 BF000000 		.4byte	0xbf
 377 01a9 00       		.byte	0
 378 01aa 00       		.byte	0
 379              		.section	.debug_abbrev,"",%progbits
 380              	.Ldebug_abbrev0:
 381 0000 01       		.uleb128 0x1
 382 0001 11       		.uleb128 0x11
 383 0002 01       		.byte	0x1
 384 0003 25       		.uleb128 0x25
 385 0004 0E       		.uleb128 0xe
 386 0005 13       		.uleb128 0x13
 387 0006 0B       		.uleb128 0xb
 388 0007 03       		.uleb128 0x3
 389 0008 0E       		.uleb128 0xe
 390 0009 1B       		.uleb128 0x1b
 391 000a 0E       		.uleb128 0xe
 392 000b 55       		.uleb128 0x55
 393 000c 17       		.uleb128 0x17
 394 000d 11       		.uleb128 0x11
 395 000e 01       		.uleb128 0x1
 396 000f 10       		.uleb128 0x10
 397 0010 17       		.uleb128 0x17
 398 0011 00       		.byte	0
 399 0012 00       		.byte	0
 400 0013 02       		.uleb128 0x2
 401 0014 24       		.uleb128 0x24
 402 0015 00       		.byte	0
 403 0016 0B       		.uleb128 0xb
 404 0017 0B       		.uleb128 0xb
 405 0018 3E       		.uleb128 0x3e
 406 0019 0B       		.uleb128 0xb
 407 001a 03       		.uleb128 0x3
ARM GAS  C:\Users\744\AppData\Local\Temp\cc0Qv7Ro.s 			page 13


 408 001b 0E       		.uleb128 0xe
 409 001c 00       		.byte	0
 410 001d 00       		.byte	0
 411 001e 03       		.uleb128 0x3
 412 001f 24       		.uleb128 0x24
 413 0020 00       		.byte	0
 414 0021 0B       		.uleb128 0xb
 415 0022 0B       		.uleb128 0xb
 416 0023 3E       		.uleb128 0x3e
 417 0024 0B       		.uleb128 0xb
 418 0025 03       		.uleb128 0x3
 419 0026 08       		.uleb128 0x8
 420 0027 00       		.byte	0
 421 0028 00       		.byte	0
 422 0029 04       		.uleb128 0x4
 423 002a 16       		.uleb128 0x16
 424 002b 00       		.byte	0
 425 002c 03       		.uleb128 0x3
 426 002d 0E       		.uleb128 0xe
 427 002e 3A       		.uleb128 0x3a
 428 002f 0B       		.uleb128 0xb
 429 0030 3B       		.uleb128 0x3b
 430 0031 05       		.uleb128 0x5
 431 0032 49       		.uleb128 0x49
 432 0033 13       		.uleb128 0x13
 433 0034 00       		.byte	0
 434 0035 00       		.byte	0
 435 0036 05       		.uleb128 0x5
 436 0037 35       		.uleb128 0x35
 437 0038 00       		.byte	0
 438 0039 49       		.uleb128 0x49
 439 003a 13       		.uleb128 0x13
 440 003b 00       		.byte	0
 441 003c 00       		.byte	0
 442 003d 06       		.uleb128 0x6
 443 003e 0F       		.uleb128 0xf
 444 003f 00       		.byte	0
 445 0040 0B       		.uleb128 0xb
 446 0041 0B       		.uleb128 0xb
 447 0042 49       		.uleb128 0x49
 448 0043 13       		.uleb128 0x13
 449 0044 00       		.byte	0
 450 0045 00       		.byte	0
 451 0046 07       		.uleb128 0x7
 452 0047 15       		.uleb128 0x15
 453 0048 00       		.byte	0
 454 0049 27       		.uleb128 0x27
 455 004a 19       		.uleb128 0x19
 456 004b 00       		.byte	0
 457 004c 00       		.byte	0
 458 004d 08       		.uleb128 0x8
 459 004e 2E       		.uleb128 0x2e
 460 004f 01       		.byte	0x1
 461 0050 3F       		.uleb128 0x3f
 462 0051 19       		.uleb128 0x19
 463 0052 03       		.uleb128 0x3
 464 0053 0E       		.uleb128 0xe
ARM GAS  C:\Users\744\AppData\Local\Temp\cc0Qv7Ro.s 			page 14


 465 0054 3A       		.uleb128 0x3a
 466 0055 0B       		.uleb128 0xb
 467 0056 3B       		.uleb128 0x3b
 468 0057 0B       		.uleb128 0xb
 469 0058 27       		.uleb128 0x27
 470 0059 19       		.uleb128 0x19
 471 005a 11       		.uleb128 0x11
 472 005b 01       		.uleb128 0x1
 473 005c 12       		.uleb128 0x12
 474 005d 06       		.uleb128 0x6
 475 005e 40       		.uleb128 0x40
 476 005f 18       		.uleb128 0x18
 477 0060 9742     		.uleb128 0x2117
 478 0062 19       		.uleb128 0x19
 479 0063 01       		.uleb128 0x1
 480 0064 13       		.uleb128 0x13
 481 0065 00       		.byte	0
 482 0066 00       		.byte	0
 483 0067 09       		.uleb128 0x9
 484 0068 898201   		.uleb128 0x4109
 485 006b 01       		.byte	0x1
 486 006c 11       		.uleb128 0x11
 487 006d 01       		.uleb128 0x1
 488 006e 31       		.uleb128 0x31
 489 006f 13       		.uleb128 0x13
 490 0070 01       		.uleb128 0x1
 491 0071 13       		.uleb128 0x13
 492 0072 00       		.byte	0
 493 0073 00       		.byte	0
 494 0074 0A       		.uleb128 0xa
 495 0075 8A8201   		.uleb128 0x410a
 496 0078 00       		.byte	0
 497 0079 02       		.uleb128 0x2
 498 007a 18       		.uleb128 0x18
 499 007b 9142     		.uleb128 0x2111
 500 007d 18       		.uleb128 0x18
 501 007e 00       		.byte	0
 502 007f 00       		.byte	0
 503 0080 0B       		.uleb128 0xb
 504 0081 898201   		.uleb128 0x4109
 505 0084 01       		.byte	0x1
 506 0085 11       		.uleb128 0x11
 507 0086 01       		.uleb128 0x1
 508 0087 31       		.uleb128 0x31
 509 0088 13       		.uleb128 0x13
 510 0089 00       		.byte	0
 511 008a 00       		.byte	0
 512 008b 0C       		.uleb128 0xc
 513 008c 2E       		.uleb128 0x2e
 514 008d 00       		.byte	0
 515 008e 3F       		.uleb128 0x3f
 516 008f 19       		.uleb128 0x19
 517 0090 03       		.uleb128 0x3
 518 0091 0E       		.uleb128 0xe
 519 0092 3A       		.uleb128 0x3a
 520 0093 0B       		.uleb128 0xb
 521 0094 3B       		.uleb128 0x3b
ARM GAS  C:\Users\744\AppData\Local\Temp\cc0Qv7Ro.s 			page 15


 522 0095 05       		.uleb128 0x5
 523 0096 27       		.uleb128 0x27
 524 0097 19       		.uleb128 0x19
 525 0098 11       		.uleb128 0x11
 526 0099 01       		.uleb128 0x1
 527 009a 12       		.uleb128 0x12
 528 009b 06       		.uleb128 0x6
 529 009c 40       		.uleb128 0x40
 530 009d 18       		.uleb128 0x18
 531 009e 9742     		.uleb128 0x2117
 532 00a0 19       		.uleb128 0x19
 533 00a1 00       		.byte	0
 534 00a2 00       		.byte	0
 535 00a3 0D       		.uleb128 0xd
 536 00a4 34       		.uleb128 0x34
 537 00a5 00       		.byte	0
 538 00a6 03       		.uleb128 0x3
 539 00a7 0E       		.uleb128 0xe
 540 00a8 3A       		.uleb128 0x3a
 541 00a9 0B       		.uleb128 0xb
 542 00aa 3B       		.uleb128 0x3b
 543 00ab 0B       		.uleb128 0xb
 544 00ac 49       		.uleb128 0x49
 545 00ad 13       		.uleb128 0x13
 546 00ae 3F       		.uleb128 0x3f
 547 00af 19       		.uleb128 0x19
 548 00b0 02       		.uleb128 0x2
 549 00b1 18       		.uleb128 0x18
 550 00b2 00       		.byte	0
 551 00b3 00       		.byte	0
 552 00b4 0E       		.uleb128 0xe
 553 00b5 34       		.uleb128 0x34
 554 00b6 00       		.byte	0
 555 00b7 03       		.uleb128 0x3
 556 00b8 0E       		.uleb128 0xe
 557 00b9 3A       		.uleb128 0x3a
 558 00ba 0B       		.uleb128 0xb
 559 00bb 3B       		.uleb128 0x3b
 560 00bc 0B       		.uleb128 0xb
 561 00bd 49       		.uleb128 0x49
 562 00be 13       		.uleb128 0x13
 563 00bf 3F       		.uleb128 0x3f
 564 00c0 19       		.uleb128 0x19
 565 00c1 3C       		.uleb128 0x3c
 566 00c2 19       		.uleb128 0x19
 567 00c3 00       		.byte	0
 568 00c4 00       		.byte	0
 569 00c5 0F       		.uleb128 0xf
 570 00c6 2E       		.uleb128 0x2e
 571 00c7 01       		.byte	0x1
 572 00c8 3F       		.uleb128 0x3f
 573 00c9 19       		.uleb128 0x19
 574 00ca 03       		.uleb128 0x3
 575 00cb 0E       		.uleb128 0xe
 576 00cc 3A       		.uleb128 0x3a
 577 00cd 0B       		.uleb128 0xb
 578 00ce 3B       		.uleb128 0x3b
ARM GAS  C:\Users\744\AppData\Local\Temp\cc0Qv7Ro.s 			page 16


 579 00cf 0B       		.uleb128 0xb
 580 00d0 27       		.uleb128 0x27
 581 00d1 19       		.uleb128 0x19
 582 00d2 3C       		.uleb128 0x3c
 583 00d3 19       		.uleb128 0x19
 584 00d4 01       		.uleb128 0x1
 585 00d5 13       		.uleb128 0x13
 586 00d6 00       		.byte	0
 587 00d7 00       		.byte	0
 588 00d8 10       		.uleb128 0x10
 589 00d9 05       		.uleb128 0x5
 590 00da 00       		.byte	0
 591 00db 49       		.uleb128 0x49
 592 00dc 13       		.uleb128 0x13
 593 00dd 00       		.byte	0
 594 00de 00       		.byte	0
 595 00df 11       		.uleb128 0x11
 596 00e0 2E       		.uleb128 0x2e
 597 00e1 01       		.byte	0x1
 598 00e2 3F       		.uleb128 0x3f
 599 00e3 19       		.uleb128 0x19
 600 00e4 03       		.uleb128 0x3
 601 00e5 0E       		.uleb128 0xe
 602 00e6 3A       		.uleb128 0x3a
 603 00e7 0B       		.uleb128 0xb
 604 00e8 3B       		.uleb128 0x3b
 605 00e9 0B       		.uleb128 0xb
 606 00ea 27       		.uleb128 0x27
 607 00eb 19       		.uleb128 0x19
 608 00ec 49       		.uleb128 0x49
 609 00ed 13       		.uleb128 0x13
 610 00ee 3C       		.uleb128 0x3c
 611 00ef 19       		.uleb128 0x19
 612 00f0 00       		.byte	0
 613 00f1 00       		.byte	0
 614 00f2 00       		.byte	0
 615              		.section	.debug_aranges,"",%progbits
 616 0000 24000000 		.4byte	0x24
 617 0004 0200     		.2byte	0x2
 618 0006 00000000 		.4byte	.Ldebug_info0
 619 000a 04       		.byte	0x4
 620 000b 00       		.byte	0
 621 000c 0000     		.2byte	0
 622 000e 0000     		.2byte	0
 623 0010 00000000 		.4byte	.LFB0
 624 0014 CC000000 		.4byte	.LFE0-.LFB0
 625 0018 00000000 		.4byte	.LFB1
 626 001c 0C000000 		.4byte	.LFE1-.LFB1
 627 0020 00000000 		.4byte	0
 628 0024 00000000 		.4byte	0
 629              		.section	.debug_ranges,"",%progbits
 630              	.Ldebug_ranges0:
 631 0000 00000000 		.4byte	.LFB0
 632 0004 CC000000 		.4byte	.LFE0
 633 0008 00000000 		.4byte	.LFB1
 634 000c 0C000000 		.4byte	.LFE1
 635 0010 00000000 		.4byte	0
ARM GAS  C:\Users\744\AppData\Local\Temp\cc0Qv7Ro.s 			page 17


 636 0014 00000000 		.4byte	0
 637              		.section	.debug_line,"",%progbits
 638              	.Ldebug_line0:
 639 0000 B9000000 		.section	.debug_str,"MS",%progbits,1
 639      02007900 
 639      00000201 
 639      FB0E0D00 
 639      01010101 
 640              	.LASF15:
 641 0000 72656733 		.ascii	"reg32\000"
 641      3200
 642              	.LASF24:
 643 0006 4379496E 		.ascii	"CyIntSetVector\000"
 643      74536574 
 643      56656374 
 643      6F7200
 644              	.LASF3:
 645 0015 73686F72 		.ascii	"short unsigned int\000"
 645      7420756E 
 645      7369676E 
 645      65642069 
 645      6E7400
 646              	.LASF20:
 647 0028 4932435F 		.ascii	"I2C_mstrRdBufIndex\000"
 647      6D737472 
 647      52644275 
 647      66496E64 
 647      657800
 648              	.LASF12:
 649 003b 666C6F61 		.ascii	"float\000"
 649      7400
 650              	.LASF0:
 651 0041 7369676E 		.ascii	"signed char\000"
 651      65642063 
 651      68617200 
 652              	.LASF1:
 653 004d 756E7369 		.ascii	"unsigned char\000"
 653      676E6564 
 653      20636861 
 653      7200
 654              	.LASF5:
 655 005b 6C6F6E67 		.ascii	"long unsigned int\000"
 655      20756E73 
 655      69676E65 
 655      6420696E 
 655      7400
 656              	.LASF9:
 657 006d 75696E74 		.ascii	"uint8\000"
 657      3800
 658              	.LASF13:
 659 0073 646F7562 		.ascii	"double\000"
 659      6C6500
 660              	.LASF28:
 661 007a 4932435F 		.ascii	"I2C_I2CInit\000"
 661      49324349 
 661      6E697400 
 662              	.LASF2:
ARM GAS  C:\Users\744\AppData\Local\Temp\cc0Qv7Ro.s 			page 18


 663 0086 73686F72 		.ascii	"short int\000"
 663      7420696E 
 663      7400
 664              	.LASF10:
 665 0090 75696E74 		.ascii	"uint16\000"
 665      313600
 666              	.LASF11:
 667 0097 75696E74 		.ascii	"uint32\000"
 667      333200
 668              	.LASF8:
 669 009e 756E7369 		.ascii	"unsigned int\000"
 669      676E6564 
 669      20696E74 
 669      00
 670              	.LASF7:
 671 00ab 6C6F6E67 		.ascii	"long long unsigned int\000"
 671      206C6F6E 
 671      6720756E 
 671      7369676E 
 671      65642069 
 672              	.LASF23:
 673 00c2 4379496E 		.ascii	"CyIntSetPriority\000"
 673      74536574 
 673      5072696F 
 673      72697479 
 673      00
 674              	.LASF16:
 675 00d3 63796973 		.ascii	"cyisraddress\000"
 675      72616464 
 675      72657373 
 675      00
 676              	.LASF17:
 677 00e0 73697A65 		.ascii	"sizetype\000"
 677      74797065 
 677      00
 678              	.LASF6:
 679 00e9 6C6F6E67 		.ascii	"long long int\000"
 679      206C6F6E 
 679      6720696E 
 679      7400
 680              	.LASF14:
 681 00f7 63686172 		.ascii	"char\000"
 681      00
 682              	.LASF25:
 683 00fc 474E5520 		.ascii	"GNU C 4.9.3 20150303 (release) [ARM/embedded-4_9-br"
 683      4320342E 
 683      392E3320 
 683      32303135 
 683      30333033 
 684 012f 616E6368 		.ascii	"anch revision 221220] -mcpu=cortex-m0 -mthumb -g -O"
 684      20726576 
 684      6973696F 
 684      6E203232 
 684      31323230 
 685 0162 67202D66 		.ascii	"g -ffunction-sections -ffat-lto-objects\000"
 685      66756E63 
 685      74696F6E 
ARM GAS  C:\Users\744\AppData\Local\Temp\cc0Qv7Ro.s 			page 19


 685      2D736563 
 685      74696F6E 
 686              	.LASF22:
 687 018a 4379496E 		.ascii	"CyIntDisable\000"
 687      74446973 
 687      61626C65 
 687      00
 688              	.LASF29:
 689 0197 4932435F 		.ascii	"I2C_I2CStop\000"
 689      49324353 
 689      746F7000 
 690              	.LASF19:
 691 01a3 4932435F 		.ascii	"I2C_mstrStatus\000"
 691      6D737472 
 691      53746174 
 691      757300
 692              	.LASF4:
 693 01b2 6C6F6E67 		.ascii	"long int\000"
 693      20696E74 
 693      00
 694              	.LASF18:
 695 01bb 4932435F 		.ascii	"I2C_state\000"
 695      73746174 
 695      6500
 696              	.LASF21:
 697 01c5 4932435F 		.ascii	"I2C_mstrWrBufIndex\000"
 697      6D737472 
 697      57724275 
 697      66496E64 
 697      657800
 698              	.LASF27:
 699 01d8 453A5C37 		.ascii	"E:\\744\\Education\\Git\\PSoC4_Projects\\Diploma_sk"
 699      34345C45 
 699      64756361 
 699      74696F6E 
 699      5C476974 
 700 0206 65746368 		.ascii	"etch\\Password.cydsn\000"
 700      5C506173 
 700      73776F72 
 700      642E6379 
 700      64736E00 
 701              	.LASF26:
 702 021a 2E5C4765 		.ascii	".\\Generated_Source\\PSoC4\\I2C_I2C.c\000"
 702      6E657261 
 702      7465645F 
 702      536F7572 
 702      63655C50 
 703              		.ident	"GCC: (GNU Tools for ARM Embedded Processors) 4.9.3 20150303 (release) [ARM/embedded-4_9-br
