Archive member included because of file (symbol)

.\CortexM0\ARM_GCC_493\Debug\Password.a(cyfitter_cfg.o)
                              .\CortexM0\ARM_GCC_493\Debug\Cm0Start.o (cyfitter_cfg)
.\CortexM0\ARM_GCC_493\Debug\Password.a(LCD.o)
                              .\CortexM0\ARM_GCC_493\Debug\main.o (LCD_PrintString)
.\CortexM0\ARM_GCC_493\Debug\Password.a(KBD_ROWPins.o)
                              .\CortexM0\ARM_GCC_493\Debug\Keyboard.o (KBD_ROWPins_Write)
.\CortexM0\ARM_GCC_493\Debug\Password.a(Debounce_Timer.o)
                              .\CortexM0\ARM_GCC_493\Debug\Keyboard.o (Debounce_Timer_ReadStatusRegister)
.\CortexM0\ARM_GCC_493\Debug\Password.a(Debounce_Int.o)
                              .\CortexM0\ARM_GCC_493\Debug\Keyboard.o (Debounce_Int_StartEx)
.\CortexM0\ARM_GCC_493\Debug\Password.a(KBD_COLPins.o)
                              .\CortexM0\ARM_GCC_493\Debug\Keyboard.o (KBD_COLPins_Write)
.\CortexM0\ARM_GCC_493\Debug\Password.a(CyBootAsmGnu.o)
                              .\CortexM0\ARM_GCC_493\Debug\Password.a(Debounce_Timer.o) (CyEnterCriticalSection)
.\CortexM0\ARM_GCC_493\Debug\Password.a(CyLib.o)
                              .\CortexM0\ARM_GCC_493\Debug\Password.a(cyfitter_cfg.o) (CyIntEnable)
.\CortexM0\ARM_GCC_493\Debug\Password.a(cyutils.o)
                              .\CortexM0\ARM_GCC_493\Debug\Password.a(Debounce_Timer.o) (CySetReg24)
.\CortexM0\ARM_GCC_493\Debug\Password.a(CyLFClk.o)
                              .\CortexM0\ARM_GCC_493\Debug\Password.a(cyfitter_cfg.o) (CySysWdtIsr)
.\CortexM0\ARM_GCC_493\Debug\Password.a(PIR_4.o)
                              .\CortexM0\ARM_GCC_493\Debug\main.o (PIR_4_Read)
.\CortexM0\ARM_GCC_493\Debug\Password.a(LED_RED.o)
                              .\CortexM0\ARM_GCC_493\Debug\main.o (LED_RED_Write)
.\CortexM0\ARM_GCC_493\Debug\Password.a(LED_GREEN.o)
                              .\CortexM0\ARM_GCC_493\Debug\main.o (LED_GREEN_Write)
c:/program files (x86)/cypress/psoc creator/3.3/psoc creator/import/gnu/arm/4.9.3/bin/../lib/gcc/arm-none-eabi/4.9.3/armv6-m\libgcc.a(_udivsi3.o)
                              .\CortexM0\ARM_GCC_493\Debug\Password.a(LCD.o) (__aeabi_uidiv)
c:/program files (x86)/cypress/psoc creator/3.3/psoc creator/import/gnu/arm/4.9.3/bin/../lib/gcc/arm-none-eabi/4.9.3/armv6-m\libgcc.a(_dvmd_tls.o)
                              c:/program files (x86)/cypress/psoc creator/3.3/psoc creator/import/gnu/arm/4.9.3/bin/../lib/gcc/arm-none-eabi/4.9.3/armv6-m\libgcc.a(_udivsi3.o) (__aeabi_idiv0)
c:/program files (x86)/cypress/psoc creator/3.3/psoc creator/import/gnu/arm/4.9.3/bin/../lib/gcc/arm-none-eabi/4.9.3/../../../../arm-none-eabi/lib/armv6-m\libg_nano.a(lib_a-errno.o)
                              .\CortexM0\ARM_GCC_493\Debug\Cm0Start.o (__errno)
c:/program files (x86)/cypress/psoc creator/3.3/psoc creator/import/gnu/arm/4.9.3/bin/../lib/gcc/arm-none-eabi/4.9.3/../../../../arm-none-eabi/lib/armv6-m\libg_nano.a(lib_a-exit.o)
                              c:/program files (x86)/cypress/psoc creator/3.3/psoc creator/import/gnu/arm/4.9.3/bin/../lib/gcc/arm-none-eabi/4.9.3/../../../../arm-none-eabi/lib/armv6-m/crt0.o (exit)
c:/program files (x86)/cypress/psoc creator/3.3/psoc creator/import/gnu/arm/4.9.3/bin/../lib/gcc/arm-none-eabi/4.9.3/../../../../arm-none-eabi/lib/armv6-m\libg_nano.a(lib_a-impure.o)
                              c:/program files (x86)/cypress/psoc creator/3.3/psoc creator/import/gnu/arm/4.9.3/bin/../lib/gcc/arm-none-eabi/4.9.3/../../../../arm-none-eabi/lib/armv6-m\libg_nano.a(lib_a-exit.o) (_global_impure_ptr)
c:/program files (x86)/cypress/psoc creator/3.3/psoc creator/import/gnu/arm/4.9.3/bin/../lib/gcc/arm-none-eabi/4.9.3/../../../../arm-none-eabi/lib/armv6-m\libg_nano.a(lib_a-init.o)
                              c:/program files (x86)/cypress/psoc creator/3.3/psoc creator/import/gnu/arm/4.9.3/bin/../lib/gcc/arm-none-eabi/4.9.3/../../../../arm-none-eabi/lib/armv6-m/crt0.o (__libc_init_array)
c:/program files (x86)/cypress/psoc creator/3.3/psoc creator/import/gnu/arm/4.9.3/bin/../lib/gcc/arm-none-eabi/4.9.3/../../../../arm-none-eabi/lib/armv6-m\libg_nano.a(lib_a-memset.o)
                              c:/program files (x86)/cypress/psoc creator/3.3/psoc creator/import/gnu/arm/4.9.3/bin/../lib/gcc/arm-none-eabi/4.9.3/../../../../arm-none-eabi/lib/armv6-m/crt0.o (memset)
c:/program files (x86)/cypress/psoc creator/3.3/psoc creator/import/gnu/arm/4.9.3/bin/../lib/gcc/arm-none-eabi/4.9.3/../../../../arm-none-eabi/lib/armv6-m\libg_nano.a(lib_a-strcmp.o)
                              .\CortexM0\ARM_GCC_493\Debug\main.o (strcmp)
c:/program files (x86)/cypress/psoc creator/3.3/psoc creator/import/gnu/arm/4.9.3/bin/../lib/gcc/arm-none-eabi/4.9.3/../../../../arm-none-eabi/lib/armv6-m\libg_nano.a(lib_a-strlen.o)
                              .\CortexM0\ARM_GCC_493\Debug\main.o (strlen)

Allocating common symbols
Common symbol       size              file

KBD_Buffer          0xa               .\CortexM0\ARM_GCC_493\Debug\Keyboard.o
Key                 0x1               .\CortexM0\ARM_GCC_493\Debug\main.o
pin                 0x5               .\CortexM0\ARM_GCC_493\Debug\main.o

Discarded input sections

 .text          0x00000000        0x0 c:/program files (x86)/cypress/psoc creator/3.3/psoc creator/import/gnu/arm/4.9.3/bin/../lib/gcc/arm-none-eabi/4.9.3/armv6-m/crti.o
 .data          0x00000000        0x0 c:/program files (x86)/cypress/psoc creator/3.3/psoc creator/import/gnu/arm/4.9.3/bin/../lib/gcc/arm-none-eabi/4.9.3/armv6-m/crti.o
 .bss           0x00000000        0x0 c:/program files (x86)/cypress/psoc creator/3.3/psoc creator/import/gnu/arm/4.9.3/bin/../lib/gcc/arm-none-eabi/4.9.3/armv6-m/crti.o
 .data          0x00000000        0x4 c:/program files (x86)/cypress/psoc creator/3.3/psoc creator/import/gnu/arm/4.9.3/bin/../lib/gcc/arm-none-eabi/4.9.3/armv6-m/crtbegin.o
 .text          0x00000000       0x78 c:/program files (x86)/cypress/psoc creator/3.3/psoc creator/import/gnu/arm/4.9.3/bin/../lib/gcc/arm-none-eabi/4.9.3/../../../../arm-none-eabi/lib/armv6-m/crt0.o
 .data          0x00000000        0x0 c:/program files (x86)/cypress/psoc creator/3.3/psoc creator/import/gnu/arm/4.9.3/bin/../lib/gcc/arm-none-eabi/4.9.3/../../../../arm-none-eabi/lib/armv6-m/crt0.o
 .bss           0x00000000        0x0 c:/program files (x86)/cypress/psoc creator/3.3/psoc creator/import/gnu/arm/4.9.3/bin/../lib/gcc/arm-none-eabi/4.9.3/../../../../arm-none-eabi/lib/armv6-m/crt0.o
 .ARM.extab     0x00000000        0x0 c:/program files (x86)/cypress/psoc creator/3.3/psoc creator/import/gnu/arm/4.9.3/bin/../lib/gcc/arm-none-eabi/4.9.3/../../../../arm-none-eabi/lib/armv6-m/crt0.o
 .ARM.exidx     0x00000000        0x8 c:/program files (x86)/cypress/psoc creator/3.3/psoc creator/import/gnu/arm/4.9.3/bin/../lib/gcc/arm-none-eabi/4.9.3/../../../../arm-none-eabi/lib/armv6-m/crt0.o
 .text          0x00000000        0x0 .\CortexM0\ARM_GCC_493\Debug\main.o
 .text          0x00000000        0x0 .\CortexM0\ARM_GCC_493\Debug\Keyboard.o
 .data          0x00000000        0x0 .\CortexM0\ARM_GCC_493\Debug\Keyboard.o
 .text          0x00000000        0x0 .\CortexM0\ARM_GCC_493\Debug\cymetadata.o
 .data          0x00000000        0x0 .\CortexM0\ARM_GCC_493\Debug\cymetadata.o
 .bss           0x00000000        0x0 .\CortexM0\ARM_GCC_493\Debug\cymetadata.o
 .text          0x00000000        0x0 .\CortexM0\ARM_GCC_493\Debug\Cm0Start.o
 .data          0x00000000        0x4 .\CortexM0\ARM_GCC_493\Debug\Cm0Start.o
 .bss           0x00000000        0x0 .\CortexM0\ARM_GCC_493\Debug\Cm0Start.o
 .text._exit    0x00000000        0xc .\CortexM0\ARM_GCC_493\Debug\Cm0Start.o
 .text._sbrk    0x00000000       0x30 .\CortexM0\ARM_GCC_493\Debug\Cm0Start.o
 .text          0x00000000        0x0 .\CortexM0\ARM_GCC_493\Debug\Password.a(cyfitter_cfg.o)
 .data          0x00000000        0x0 .\CortexM0\ARM_GCC_493\Debug\Password.a(cyfitter_cfg.o)
 .bss           0x00000000        0x0 .\CortexM0\ARM_GCC_493\Debug\Password.a(cyfitter_cfg.o)
 .text          0x00000000        0x0 .\CortexM0\ARM_GCC_493\Debug\Password.a(LCD.o)
 .data          0x00000000        0x0 .\CortexM0\ARM_GCC_493\Debug\Password.a(LCD.o)
 .text.LCD_Stop
                0x00000000       0x14 .\CortexM0\ARM_GCC_493\Debug\Password.a(LCD.o)
 .text.LCD_PrintInt8
                0x00000000       0x20 .\CortexM0\ARM_GCC_493\Debug\Password.a(LCD.o)
 .text.LCD_PrintInt16
                0x00000000       0x14 .\CortexM0\ARM_GCC_493\Debug\Password.a(LCD.o)
 .text.LCD_PrintInt32
                0x00000000       0x1c .\CortexM0\ARM_GCC_493\Debug\Password.a(LCD.o)
 .text.LCD_PrintU32Number
                0x00000000       0x48 .\CortexM0\ARM_GCC_493\Debug\Password.a(LCD.o)
 .rodata        0x00000000       0x10 .\CortexM0\ARM_GCC_493\Debug\Password.a(LCD.o)
 .text          0x00000000        0x0 .\CortexM0\ARM_GCC_493\Debug\Password.a(KBD_ROWPins.o)
 .data          0x00000000        0x0 .\CortexM0\ARM_GCC_493\Debug\Password.a(KBD_ROWPins.o)
 .bss           0x00000000        0x0 .\CortexM0\ARM_GCC_493\Debug\Password.a(KBD_ROWPins.o)
 .text.KBD_ROWPins_SetDriveMode
                0x00000000       0x48 .\CortexM0\ARM_GCC_493\Debug\Password.a(KBD_ROWPins.o)
 .text.KBD_ROWPins_ReadDataReg
                0x00000000       0x10 .\CortexM0\ARM_GCC_493\Debug\Password.a(KBD_ROWPins.o)
 .text.KBD_ROWPins_SetInterruptMode
                0x00000000       0x14 .\CortexM0\ARM_GCC_493\Debug\Password.a(KBD_ROWPins.o)
 .text.KBD_ROWPins_ClearInterrupt
                0x00000000       0x14 .\CortexM0\ARM_GCC_493\Debug\Password.a(KBD_ROWPins.o)
 .text          0x00000000        0x0 .\CortexM0\ARM_GCC_493\Debug\Password.a(Debounce_Timer.o)
 .data          0x00000000        0x0 .\CortexM0\ARM_GCC_493\Debug\Password.a(Debounce_Timer.o)
 .text.Debounce_Timer_Stop
                0x00000000       0x10 .\CortexM0\ARM_GCC_493\Debug\Password.a(Debounce_Timer.o)
 .text.Debounce_Timer_SoftwareCapture
                0x00000000        0xc .\CortexM0\ARM_GCC_493\Debug\Password.a(Debounce_Timer.o)
 .text.Debounce_Timer_ReadControlRegister
                0x00000000        0xc .\CortexM0\ARM_GCC_493\Debug\Password.a(Debounce_Timer.o)
 .text.Debounce_Timer_WriteControlRegister
                0x00000000        0xc .\CortexM0\ARM_GCC_493\Debug\Password.a(Debounce_Timer.o)
 .text.Debounce_Timer_ReadPeriod
                0x00000000       0x10 .\CortexM0\ARM_GCC_493\Debug\Password.a(Debounce_Timer.o)
 .text.Debounce_Timer_ReadCounter
                0x00000000       0x18 .\CortexM0\ARM_GCC_493\Debug\Password.a(Debounce_Timer.o)
 .text          0x00000000        0x0 .\CortexM0\ARM_GCC_493\Debug\Password.a(Debounce_Int.o)
 .data          0x00000000        0x0 .\CortexM0\ARM_GCC_493\Debug\Password.a(Debounce_Int.o)
 .bss           0x00000000        0x0 .\CortexM0\ARM_GCC_493\Debug\Password.a(Debounce_Int.o)
 .text.Debounce_Int_Interrupt
                0x00000000        0x4 .\CortexM0\ARM_GCC_493\Debug\Password.a(Debounce_Int.o)
 .text.Debounce_Int_GetVector
                0x00000000        0xc .\CortexM0\ARM_GCC_493\Debug\Password.a(Debounce_Int.o)
 .text.Debounce_Int_GetPriority
                0x00000000       0x10 .\CortexM0\ARM_GCC_493\Debug\Password.a(Debounce_Int.o)
 .text.Debounce_Int_GetState
                0x00000000       0x10 .\CortexM0\ARM_GCC_493\Debug\Password.a(Debounce_Int.o)
 .text.Debounce_Int_Start
                0x00000000       0x1c .\CortexM0\ARM_GCC_493\Debug\Password.a(Debounce_Int.o)
 .text.Debounce_Int_Stop
                0x00000000       0x14 .\CortexM0\ARM_GCC_493\Debug\Password.a(Debounce_Int.o)
 .text.Debounce_Int_SetPending
                0x00000000        0xc .\CortexM0\ARM_GCC_493\Debug\Password.a(Debounce_Int.o)
 .text.Debounce_Int_ClearPending
                0x00000000        0xc .\CortexM0\ARM_GCC_493\Debug\Password.a(Debounce_Int.o)
 .text          0x00000000        0x0 .\CortexM0\ARM_GCC_493\Debug\Password.a(KBD_COLPins.o)
 .data          0x00000000        0x0 .\CortexM0\ARM_GCC_493\Debug\Password.a(KBD_COLPins.o)
 .bss           0x00000000        0x0 .\CortexM0\ARM_GCC_493\Debug\Password.a(KBD_COLPins.o)
 .text.KBD_COLPins_SetDriveMode
                0x00000000       0x34 .\CortexM0\ARM_GCC_493\Debug\Password.a(KBD_COLPins.o)
 .text.KBD_COLPins_ReadDataReg
                0x00000000       0x10 .\CortexM0\ARM_GCC_493\Debug\Password.a(KBD_COLPins.o)
 .text.KBD_COLPins_SetInterruptMode
                0x00000000       0x14 .\CortexM0\ARM_GCC_493\Debug\Password.a(KBD_COLPins.o)
 .text.KBD_COLPins_ClearInterrupt
                0x00000000       0x14 .\CortexM0\ARM_GCC_493\Debug\Password.a(KBD_COLPins.o)
 .data          0x00000000        0x0 .\CortexM0\ARM_GCC_493\Debug\Password.a(CyBootAsmGnu.o)
 .bss           0x00000000        0x0 .\CortexM0\ARM_GCC_493\Debug\Password.a(CyBootAsmGnu.o)
 .text          0x00000000        0x0 .\CortexM0\ARM_GCC_493\Debug\Password.a(CyLib.o)
 .bss           0x00000000       0x18 .\CortexM0\ARM_GCC_493\Debug\Password.a(CyLib.o)
 .text.CySysClkImoStart
                0x00000000       0x14 .\CortexM0\ARM_GCC_493\Debug\Password.a(CyLib.o)
 .text.CySysClkImoStop
                0x00000000       0x10 .\CortexM0\ARM_GCC_493\Debug\Password.a(CyLib.o)
 .text.CySysClkWriteHfclkDirect
                0x00000000       0x20 .\CortexM0\ARM_GCC_493\Debug\Password.a(CyLib.o)
 .text.CySysClkGetSysclkSource
                0x00000000       0x1c .\CortexM0\ARM_GCC_493\Debug\Password.a(CyLib.o)
 .text.CySysClkWriteSysclkDiv
                0x00000000       0x28 .\CortexM0\ARM_GCC_493\Debug\Password.a(CyLib.o)
 .text.CySysLvdDisable
                0x00000000       0x20 .\CortexM0\ARM_GCC_493\Debug\Password.a(CyLib.o)
 .text.CySysLvdGetInterruptSource
                0x00000000       0x10 .\CortexM0\ARM_GCC_493\Debug\Password.a(CyLib.o)
 .text.CySysLvdClearInterrupt
                0x00000000        0xc .\CortexM0\ARM_GCC_493\Debug\Password.a(CyLib.o)
 .text.CySysGetResetReason
                0x00000000       0x14 .\CortexM0\ARM_GCC_493\Debug\Password.a(CyLib.o)
 .text.CyDisableInts
                0x00000000       0x10 .\CortexM0\ARM_GCC_493\Debug\Password.a(CyLib.o)
 .text.CyEnableInts
                0x00000000        0xc .\CortexM0\ARM_GCC_493\Debug\Password.a(CyLib.o)
 .text.CyIntGetState
                0x00000000       0x18 .\CortexM0\ARM_GCC_493\Debug\Password.a(CyLib.o)
 .text.CyIntDisable
                0x00000000       0x14 .\CortexM0\ARM_GCC_493\Debug\Password.a(CyLib.o)
 .text.CyIntSetPending
                0x00000000       0x14 .\CortexM0\ARM_GCC_493\Debug\Password.a(CyLib.o)
 .text.CyIntClearPending
                0x00000000       0x14 .\CortexM0\ARM_GCC_493\Debug\Password.a(CyLib.o)
 .text.CyIntSetSysVector
                0x00000000       0x20 .\CortexM0\ARM_GCC_493\Debug\Password.a(CyLib.o)
 .text.CyIntGetSysVector
                0x00000000       0x1c .\CortexM0\ARM_GCC_493\Debug\Password.a(CyLib.o)
 .text.CyIntGetVector
                0x00000000       0x20 .\CortexM0\ARM_GCC_493\Debug\Password.a(CyLib.o)
 .text.CyIntSetPriority
                0x00000000       0x4c .\CortexM0\ARM_GCC_493\Debug\Password.a(CyLib.o)
 .text.CyIntGetPriority
                0x00000000       0x2c .\CortexM0\ARM_GCC_493\Debug\Password.a(CyLib.o)
 .text.CySoftwareReset
                0x00000000       0x18 .\CortexM0\ARM_GCC_493\Debug\Password.a(CyLib.o)
 .text.CySysLvdEnable
                0x00000000       0x44 .\CortexM0\ARM_GCC_493\Debug\Password.a(CyLib.o)
 .text.CyDelayFreq
                0x00000000       0x4c .\CortexM0\ARM_GCC_493\Debug\Password.a(CyLib.o)
 .text.CySysTickStop
                0x00000000       0x10 .\CortexM0\ARM_GCC_493\Debug\Password.a(CyLib.o)
 .text.CySysTickEnableInterrupt
                0x00000000       0x10 .\CortexM0\ARM_GCC_493\Debug\Password.a(CyLib.o)
 .text.CySysTickEnable
                0x00000000       0x18 .\CortexM0\ARM_GCC_493\Debug\Password.a(CyLib.o)
 .text.CySysTickDisableInterrupt
                0x00000000       0x10 .\CortexM0\ARM_GCC_493\Debug\Password.a(CyLib.o)
 .text.CySysTickSetReload
                0x00000000       0x10 .\CortexM0\ARM_GCC_493\Debug\Password.a(CyLib.o)
 .text.CySysTickGetReload
                0x00000000       0x10 .\CortexM0\ARM_GCC_493\Debug\Password.a(CyLib.o)
 .text.CySysTickGetValue
                0x00000000       0x10 .\CortexM0\ARM_GCC_493\Debug\Password.a(CyLib.o)
 .text.CySysTickGetCountFlag
                0x00000000       0x10 .\CortexM0\ARM_GCC_493\Debug\Password.a(CyLib.o)
 .text.CySysTickServiceCallbacks
                0x00000000       0x28 .\CortexM0\ARM_GCC_493\Debug\Password.a(CyLib.o)
 .text.CySysTickClear
                0x00000000        0xc .\CortexM0\ARM_GCC_493\Debug\Password.a(CyLib.o)
 .text.CySysTickInit
                0x00000000       0x44 .\CortexM0\ARM_GCC_493\Debug\Password.a(CyLib.o)
 .text.CySysTickStart
                0x00000000       0x20 .\CortexM0\ARM_GCC_493\Debug\Password.a(CyLib.o)
 .text.CySysTickSetCallback
                0x00000000       0x10 .\CortexM0\ARM_GCC_493\Debug\Password.a(CyLib.o)
 .text.CySysTickGetCallback
                0x00000000        0xc .\CortexM0\ARM_GCC_493\Debug\Password.a(CyLib.o)
 .text.CyGetUniqueId
                0x00000000       0x70 .\CortexM0\ARM_GCC_493\Debug\Password.a(CyLib.o)
 .text          0x00000000        0x0 .\CortexM0\ARM_GCC_493\Debug\Password.a(cyutils.o)
 .data          0x00000000        0x0 .\CortexM0\ARM_GCC_493\Debug\Password.a(cyutils.o)
 .bss           0x00000000        0x0 .\CortexM0\ARM_GCC_493\Debug\Password.a(cyutils.o)
 .text          0x00000000        0x0 .\CortexM0\ARM_GCC_493\Debug\Password.a(CyLFClk.o)
 .text.CySysClkIloEnabled
                0x00000000       0x14 .\CortexM0\ARM_GCC_493\Debug\Password.a(CyLFClk.o)
 .text.CySysClkIloStart
                0x00000000       0x14 .\CortexM0\ARM_GCC_493\Debug\Password.a(CyLFClk.o)
 .text.CySysWdtGetEnabledStatus
                0x00000000       0x24 .\CortexM0\ARM_GCC_493\Debug\Password.a(CyLFClk.o)
 .text.CySysWdtSetMode
                0x00000000       0x38 .\CortexM0\ARM_GCC_493\Debug\Password.a(CyLFClk.o)
 .text.CySysClkLfclkPosedgeRestore
                0x00000000       0x2c .\CortexM0\ARM_GCC_493\Debug\Password.a(CyLFClk.o)
 .text.CySysWdtGetMode
                0x00000000       0x14 .\CortexM0\ARM_GCC_493\Debug\Password.a(CyLFClk.o)
 .text.CySysWdtSetClearOnMatch
                0x00000000       0x38 .\CortexM0\ARM_GCC_493\Debug\Password.a(CyLFClk.o)
 .text.CySysWdtGetClearOnMatch
                0x00000000       0x24 .\CortexM0\ARM_GCC_493\Debug\Password.a(CyLFClk.o)
 .text.CySysWdtEnable
                0x00000000       0x40 .\CortexM0\ARM_GCC_493\Debug\Password.a(CyLFClk.o)
 .text.CySysWdtDisable
                0x00000000       0x44 .\CortexM0\ARM_GCC_493\Debug\Password.a(CyLFClk.o)
 .text.CySysWdtSetCascade
                0x00000000       0x34 .\CortexM0\ARM_GCC_493\Debug\Password.a(CyLFClk.o)
 .text.CySysWdtGetCascade
                0x00000000       0x14 .\CortexM0\ARM_GCC_493\Debug\Password.a(CyLFClk.o)
 .text.CySysWdtSetMatch
                0x00000000       0x3c .\CortexM0\ARM_GCC_493\Debug\Password.a(CyLFClk.o)
 .text.CySysWdtSetToggleBit
                0x00000000       0x2c .\CortexM0\ARM_GCC_493\Debug\Password.a(CyLFClk.o)
 .text.CySysWdtGetToggleBit
                0x00000000       0x10 .\CortexM0\ARM_GCC_493\Debug\Password.a(CyLFClk.o)
 .text.CySysWdtGetMatch
                0x00000000       0x20 .\CortexM0\ARM_GCC_493\Debug\Password.a(CyLFClk.o)
 .text.CySysWdtGetCount
                0x00000000       0x3c .\CortexM0\ARM_GCC_493\Debug\Password.a(CyLFClk.o)
 .text.CySysClkLfclkPosedgeCatch
                0x00000000       0x74 .\CortexM0\ARM_GCC_493\Debug\Password.a(CyLFClk.o)
 .text.CySysClkIloStop
                0x00000000       0x38 .\CortexM0\ARM_GCC_493\Debug\Password.a(CyLFClk.o)
 .text.CySysWdtGetInterruptSource
                0x00000000       0x14 .\CortexM0\ARM_GCC_493\Debug\Password.a(CyLFClk.o)
 .text.CySysWdtResetCounters
                0x00000000       0x20 .\CortexM0\ARM_GCC_493\Debug\Password.a(CyLFClk.o)
 .text.CySysWdtSetInterruptCallback
                0x00000000       0x20 .\CortexM0\ARM_GCC_493\Debug\Password.a(CyLFClk.o)
 .text.CySysWdtGetInterruptCallback
                0x00000000       0x20 .\CortexM0\ARM_GCC_493\Debug\Password.a(CyLFClk.o)
 .text.CySysWdtEnableCounterIsr
                0x00000000       0x34 .\CortexM0\ARM_GCC_493\Debug\Password.a(CyLFClk.o)
 .text.CySysWdtDisableCounterIsr
                0x00000000       0x28 .\CortexM0\ARM_GCC_493\Debug\Password.a(CyLFClk.o)
 .text.CySysTimerDelayUntilMatch
                0x00000000       0x6c .\CortexM0\ARM_GCC_493\Debug\Password.a(CyLFClk.o)
 .text.CySysTimerDelay
                0x00000000       0x3c .\CortexM0\ARM_GCC_493\Debug\Password.a(CyLFClk.o)
 .text.CySysWatchdogFeed
                0x00000000       0x60 .\CortexM0\ARM_GCC_493\Debug\Password.a(CyLFClk.o)
 .rodata        0x00000000        0xc .\CortexM0\ARM_GCC_493\Debug\Password.a(CyLFClk.o)
 .text          0x00000000        0x0 .\CortexM0\ARM_GCC_493\Debug\Password.a(PIR_4.o)
 .data          0x00000000        0x0 .\CortexM0\ARM_GCC_493\Debug\Password.a(PIR_4.o)
 .bss           0x00000000        0x0 .\CortexM0\ARM_GCC_493\Debug\Password.a(PIR_4.o)
 .text.PIR_4_SetDriveMode
                0x00000000       0x18 .\CortexM0\ARM_GCC_493\Debug\Password.a(PIR_4.o)
 .text.PIR_4_Write
                0x00000000       0x18 .\CortexM0\ARM_GCC_493\Debug\Password.a(PIR_4.o)
 .text.PIR_4_ReadDataReg
                0x00000000       0x10 .\CortexM0\ARM_GCC_493\Debug\Password.a(PIR_4.o)
 .text.PIR_4_SetInterruptMode
                0x00000000       0x14 .\CortexM0\ARM_GCC_493\Debug\Password.a(PIR_4.o)
 .text.PIR_4_ClearInterrupt
                0x00000000       0x14 .\CortexM0\ARM_GCC_493\Debug\Password.a(PIR_4.o)
 .text          0x00000000        0x0 .\CortexM0\ARM_GCC_493\Debug\Password.a(LED_RED.o)
 .data          0x00000000        0x0 .\CortexM0\ARM_GCC_493\Debug\Password.a(LED_RED.o)
 .bss           0x00000000        0x0 .\CortexM0\ARM_GCC_493\Debug\Password.a(LED_RED.o)
 .text.LED_RED_SetDriveMode
                0x00000000       0x18 .\CortexM0\ARM_GCC_493\Debug\Password.a(LED_RED.o)
 .text.LED_RED_Read
                0x00000000       0x10 .\CortexM0\ARM_GCC_493\Debug\Password.a(LED_RED.o)
 .text.LED_RED_ReadDataReg
                0x00000000       0x10 .\CortexM0\ARM_GCC_493\Debug\Password.a(LED_RED.o)
 .text.LED_RED_SetInterruptMode
                0x00000000       0x14 .\CortexM0\ARM_GCC_493\Debug\Password.a(LED_RED.o)
 .text.LED_RED_ClearInterrupt
                0x00000000       0x14 .\CortexM0\ARM_GCC_493\Debug\Password.a(LED_RED.o)
 .text          0x00000000        0x0 .\CortexM0\ARM_GCC_493\Debug\Password.a(LED_GREEN.o)
 .data          0x00000000        0x0 .\CortexM0\ARM_GCC_493\Debug\Password.a(LED_GREEN.o)
 .bss           0x00000000        0x0 .\CortexM0\ARM_GCC_493\Debug\Password.a(LED_GREEN.o)
 .text.LED_GREEN_SetDriveMode
                0x00000000       0x18 .\CortexM0\ARM_GCC_493\Debug\Password.a(LED_GREEN.o)
 .text.LED_GREEN_Read
                0x00000000       0x10 .\CortexM0\ARM_GCC_493\Debug\Password.a(LED_GREEN.o)
 .text.LED_GREEN_ReadDataReg
                0x00000000       0x10 .\CortexM0\ARM_GCC_493\Debug\Password.a(LED_GREEN.o)
 .text.LED_GREEN_SetInterruptMode
                0x00000000       0x14 .\CortexM0\ARM_GCC_493\Debug\Password.a(LED_GREEN.o)
 .text.LED_GREEN_ClearInterrupt
                0x00000000       0x14 .\CortexM0\ARM_GCC_493\Debug\Password.a(LED_GREEN.o)
 .text          0x00000000      0x120 c:/program files (x86)/cypress/psoc creator/3.3/psoc creator/import/gnu/arm/4.9.3/bin/../lib/gcc/arm-none-eabi/4.9.3/armv6-m\libgcc.a(_udivsi3.o)
 .data          0x00000000        0x0 c:/program files (x86)/cypress/psoc creator/3.3/psoc creator/import/gnu/arm/4.9.3/bin/../lib/gcc/arm-none-eabi/4.9.3/armv6-m\libgcc.a(_udivsi3.o)
 .bss           0x00000000        0x0 c:/program files (x86)/cypress/psoc creator/3.3/psoc creator/import/gnu/arm/4.9.3/bin/../lib/gcc/arm-none-eabi/4.9.3/armv6-m\libgcc.a(_udivsi3.o)
 .text          0x00000000        0x4 c:/program files (x86)/cypress/psoc creator/3.3/psoc creator/import/gnu/arm/4.9.3/bin/../lib/gcc/arm-none-eabi/4.9.3/armv6-m\libgcc.a(_dvmd_tls.o)
 .data          0x00000000        0x0 c:/program files (x86)/cypress/psoc creator/3.3/psoc creator/import/gnu/arm/4.9.3/bin/../lib/gcc/arm-none-eabi/4.9.3/armv6-m\libgcc.a(_dvmd_tls.o)
 .bss           0x00000000        0x0 c:/program files (x86)/cypress/psoc creator/3.3/psoc creator/import/gnu/arm/4.9.3/bin/../lib/gcc/arm-none-eabi/4.9.3/armv6-m\libgcc.a(_dvmd_tls.o)
 .text          0x00000000        0x0 c:/program files (x86)/cypress/psoc creator/3.3/psoc creator/import/gnu/arm/4.9.3/bin/../lib/gcc/arm-none-eabi/4.9.3/../../../../arm-none-eabi/lib/armv6-m\libg_nano.a(lib_a-errno.o)
 .data          0x00000000        0x0 c:/program files (x86)/cypress/psoc creator/3.3/psoc creator/import/gnu/arm/4.9.3/bin/../lib/gcc/arm-none-eabi/4.9.3/../../../../arm-none-eabi/lib/armv6-m\libg_nano.a(lib_a-errno.o)
 .bss           0x00000000        0x0 c:/program files (x86)/cypress/psoc creator/3.3/psoc creator/import/gnu/arm/4.9.3/bin/../lib/gcc/arm-none-eabi/4.9.3/../../../../arm-none-eabi/lib/armv6-m\libg_nano.a(lib_a-errno.o)
 .text.__errno  0x00000000        0xc c:/program files (x86)/cypress/psoc creator/3.3/psoc creator/import/gnu/arm/4.9.3/bin/../lib/gcc/arm-none-eabi/4.9.3/../../../../arm-none-eabi/lib/armv6-m\libg_nano.a(lib_a-errno.o)
 .text          0x00000000        0x0 c:/program files (x86)/cypress/psoc creator/3.3/psoc creator/import/gnu/arm/4.9.3/bin/../lib/gcc/arm-none-eabi/4.9.3/../../../../arm-none-eabi/lib/armv6-m\libg_nano.a(lib_a-exit.o)
 .data          0x00000000        0x0 c:/program files (x86)/cypress/psoc creator/3.3/psoc creator/import/gnu/arm/4.9.3/bin/../lib/gcc/arm-none-eabi/4.9.3/../../../../arm-none-eabi/lib/armv6-m\libg_nano.a(lib_a-exit.o)
 .bss           0x00000000        0x0 c:/program files (x86)/cypress/psoc creator/3.3/psoc creator/import/gnu/arm/4.9.3/bin/../lib/gcc/arm-none-eabi/4.9.3/../../../../arm-none-eabi/lib/armv6-m\libg_nano.a(lib_a-exit.o)
 .text.exit     0x00000000       0x2c c:/program files (x86)/cypress/psoc creator/3.3/psoc creator/import/gnu/arm/4.9.3/bin/../lib/gcc/arm-none-eabi/4.9.3/../../../../arm-none-eabi/lib/armv6-m\libg_nano.a(lib_a-exit.o)
 .text          0x00000000        0x0 c:/program files (x86)/cypress/psoc creator/3.3/psoc creator/import/gnu/arm/4.9.3/bin/../lib/gcc/arm-none-eabi/4.9.3/../../../../arm-none-eabi/lib/armv6-m\libg_nano.a(lib_a-impure.o)
 .data          0x00000000        0x0 c:/program files (x86)/cypress/psoc creator/3.3/psoc creator/import/gnu/arm/4.9.3/bin/../lib/gcc/arm-none-eabi/4.9.3/../../../../arm-none-eabi/lib/armv6-m\libg_nano.a(lib_a-impure.o)
 .bss           0x00000000        0x0 c:/program files (x86)/cypress/psoc creator/3.3/psoc creator/import/gnu/arm/4.9.3/bin/../lib/gcc/arm-none-eabi/4.9.3/../../../../arm-none-eabi/lib/armv6-m\libg_nano.a(lib_a-impure.o)
 .data.impure_data
                0x00000000       0x60 c:/program files (x86)/cypress/psoc creator/3.3/psoc creator/import/gnu/arm/4.9.3/bin/../lib/gcc/arm-none-eabi/4.9.3/../../../../arm-none-eabi/lib/armv6-m\libg_nano.a(lib_a-impure.o)
 .data._impure_ptr
                0x00000000        0x4 c:/program files (x86)/cypress/psoc creator/3.3/psoc creator/import/gnu/arm/4.9.3/bin/../lib/gcc/arm-none-eabi/4.9.3/../../../../arm-none-eabi/lib/armv6-m\libg_nano.a(lib_a-impure.o)
 .rodata.str1.1
                0x00000000        0x2 c:/program files (x86)/cypress/psoc creator/3.3/psoc creator/import/gnu/arm/4.9.3/bin/../lib/gcc/arm-none-eabi/4.9.3/../../../../arm-none-eabi/lib/armv6-m\libg_nano.a(lib_a-impure.o)
 .rodata._global_impure_ptr
                0x00000000        0x4 c:/program files (x86)/cypress/psoc creator/3.3/psoc creator/import/gnu/arm/4.9.3/bin/../lib/gcc/arm-none-eabi/4.9.3/../../../../arm-none-eabi/lib/armv6-m\libg_nano.a(lib_a-impure.o)
 .text          0x00000000        0x0 c:/program files (x86)/cypress/psoc creator/3.3/psoc creator/import/gnu/arm/4.9.3/bin/../lib/gcc/arm-none-eabi/4.9.3/../../../../arm-none-eabi/lib/armv6-m\libg_nano.a(lib_a-init.o)
 .data          0x00000000        0x0 c:/program files (x86)/cypress/psoc creator/3.3/psoc creator/import/gnu/arm/4.9.3/bin/../lib/gcc/arm-none-eabi/4.9.3/../../../../arm-none-eabi/lib/armv6-m\libg_nano.a(lib_a-init.o)
 .bss           0x00000000        0x0 c:/program files (x86)/cypress/psoc creator/3.3/psoc creator/import/gnu/arm/4.9.3/bin/../lib/gcc/arm-none-eabi/4.9.3/../../../../arm-none-eabi/lib/armv6-m\libg_nano.a(lib_a-init.o)
 .text          0x00000000        0x0 c:/program files (x86)/cypress/psoc creator/3.3/psoc creator/import/gnu/arm/4.9.3/bin/../lib/gcc/arm-none-eabi/4.9.3/../../../../arm-none-eabi/lib/armv6-m\libg_nano.a(lib_a-memset.o)
 .data          0x00000000        0x0 c:/program files (x86)/cypress/psoc creator/3.3/psoc creator/import/gnu/arm/4.9.3/bin/../lib/gcc/arm-none-eabi/4.9.3/../../../../arm-none-eabi/lib/armv6-m\libg_nano.a(lib_a-memset.o)
 .bss           0x00000000        0x0 c:/program files (x86)/cypress/psoc creator/3.3/psoc creator/import/gnu/arm/4.9.3/bin/../lib/gcc/arm-none-eabi/4.9.3/../../../../arm-none-eabi/lib/armv6-m\libg_nano.a(lib_a-memset.o)
 .data          0x00000000        0x0 c:/program files (x86)/cypress/psoc creator/3.3/psoc creator/import/gnu/arm/4.9.3/bin/../lib/gcc/arm-none-eabi/4.9.3/../../../../arm-none-eabi/lib/armv6-m\libg_nano.a(lib_a-strcmp.o)
 .bss           0x00000000        0x0 c:/program files (x86)/cypress/psoc creator/3.3/psoc creator/import/gnu/arm/4.9.3/bin/../lib/gcc/arm-none-eabi/4.9.3/../../../../arm-none-eabi/lib/armv6-m\libg_nano.a(lib_a-strcmp.o)
 .text          0x00000000        0x0 c:/program files (x86)/cypress/psoc creator/3.3/psoc creator/import/gnu/arm/4.9.3/bin/../lib/gcc/arm-none-eabi/4.9.3/../../../../arm-none-eabi/lib/armv6-m\libg_nano.a(lib_a-strlen.o)
 .data          0x00000000        0x0 c:/program files (x86)/cypress/psoc creator/3.3/psoc creator/import/gnu/arm/4.9.3/bin/../lib/gcc/arm-none-eabi/4.9.3/../../../../arm-none-eabi/lib/armv6-m\libg_nano.a(lib_a-strlen.o)
 .bss           0x00000000        0x0 c:/program files (x86)/cypress/psoc creator/3.3/psoc creator/import/gnu/arm/4.9.3/bin/../lib/gcc/arm-none-eabi/4.9.3/../../../../arm-none-eabi/lib/armv6-m\libg_nano.a(lib_a-strlen.o)
 .text          0x00000000        0x0 c:/program files (x86)/cypress/psoc creator/3.3/psoc creator/import/gnu/arm/4.9.3/bin/../lib/gcc/arm-none-eabi/4.9.3/armv6-m/crtend.o
 .data          0x00000000        0x0 c:/program files (x86)/cypress/psoc creator/3.3/psoc creator/import/gnu/arm/4.9.3/bin/../lib/gcc/arm-none-eabi/4.9.3/armv6-m/crtend.o
 .bss           0x00000000        0x0 c:/program files (x86)/cypress/psoc creator/3.3/psoc creator/import/gnu/arm/4.9.3/bin/../lib/gcc/arm-none-eabi/4.9.3/armv6-m/crtend.o
 .text          0x00000000        0x0 c:/program files (x86)/cypress/psoc creator/3.3/psoc creator/import/gnu/arm/4.9.3/bin/../lib/gcc/arm-none-eabi/4.9.3/armv6-m/crtn.o
 .data          0x00000000        0x0 c:/program files (x86)/cypress/psoc creator/3.3/psoc creator/import/gnu/arm/4.9.3/bin/../lib/gcc/arm-none-eabi/4.9.3/armv6-m/crtn.o
 .bss           0x00000000        0x0 c:/program files (x86)/cypress/psoc creator/3.3/psoc creator/import/gnu/arm/4.9.3/bin/../lib/gcc/arm-none-eabi/4.9.3/armv6-m/crtn.o

Memory Configuration

Name             Origin             Length             Attributes
rom              0x00000000         0x00008000         xr
ram              0x20000000         0x00001000         xrw
*default*        0x00000000         0xffffffff

Linker script and memory map

LOAD c:/program files (x86)/cypress/psoc creator/3.3/psoc creator/import/gnu/arm/4.9.3/bin/../lib/gcc/arm-none-eabi/4.9.3/armv6-m/crti.o
LOAD c:/program files (x86)/cypress/psoc creator/3.3/psoc creator/import/gnu/arm/4.9.3/bin/../lib/gcc/arm-none-eabi/4.9.3/armv6-m/crtbegin.o
LOAD c:/program files (x86)/cypress/psoc creator/3.3/psoc creator/import/gnu/arm/4.9.3/bin/../lib/gcc/arm-none-eabi/4.9.3/../../../../arm-none-eabi/lib/armv6-m/crt0.o
START GROUP
LOAD .\CortexM0\ARM_GCC_493\Debug\main.o
LOAD .\CortexM0\ARM_GCC_493\Debug\Keyboard.o
LOAD .\CortexM0\ARM_GCC_493\Debug\cymetadata.o
LOAD .\CortexM0\ARM_GCC_493\Debug\Cm0Start.o
LOAD .\CortexM0\ARM_GCC_493\Debug\Password.a
LOAD C:\Program Files (x86)\Cypress\PSoC Creator\3.3\PSoC Creator\psoc\content\cycomponentlibrary\CyComponentLibrary.cylib\CortexM0\ARM_GCC_493\Debug\CyComponentLibrary.a
END GROUP
START GROUP
LOAD c:/program files (x86)/cypress/psoc creator/3.3/psoc creator/import/gnu/arm/4.9.3/bin/../lib/gcc/arm-none-eabi/4.9.3/armv6-m\libgcc.a
LOAD c:/program files (x86)/cypress/psoc creator/3.3/psoc creator/import/gnu/arm/4.9.3/bin/../lib/gcc/arm-none-eabi/4.9.3/../../../../arm-none-eabi/lib/armv6-m\libg_nano.a
LOAD c:/program files (x86)/cypress/psoc creator/3.3/psoc creator/import/gnu/arm/4.9.3/bin/../lib/gcc/arm-none-eabi/4.9.3/../../../../arm-none-eabi/lib/armv6-m\libc_nano.a
END GROUP
START GROUP
LOAD c:/program files (x86)/cypress/psoc creator/3.3/psoc creator/import/gnu/arm/4.9.3/bin/../lib/gcc/arm-none-eabi/4.9.3/armv6-m\libgcc.a
LOAD c:/program files (x86)/cypress/psoc creator/3.3/psoc creator/import/gnu/arm/4.9.3/bin/../lib/gcc/arm-none-eabi/4.9.3/../../../../arm-none-eabi/lib/armv6-m\libc_nano.a
END GROUP
LOAD c:/program files (x86)/cypress/psoc creator/3.3/psoc creator/import/gnu/arm/4.9.3/bin/../lib/gcc/arm-none-eabi/4.9.3/armv6-m/crtend.o
LOAD c:/program files (x86)/cypress/psoc creator/3.3/psoc creator/import/gnu/arm/4.9.3/bin/../lib/gcc/arm-none-eabi/4.9.3/armv6-m/crtn.o
START GROUP
LOAD c:/program files (x86)/cypress/psoc creator/3.3/psoc creator/import/gnu/arm/4.9.3/bin/../lib/gcc/arm-none-eabi/4.9.3/armv6-m\libgcc.a
LOAD c:/program files (x86)/cypress/psoc creator/3.3/psoc creator/import/gnu/arm/4.9.3/bin/../lib/gcc/arm-none-eabi/4.9.3/../../../../arm-none-eabi/lib/armv6-m\libc.a
LOAD c:/program files (x86)/cypress/psoc creator/3.3/psoc creator/import/gnu/arm/4.9.3/bin/../lib/gcc/arm-none-eabi/4.9.3/../../../../arm-none-eabi/lib/armv6-m\libnosys.a
END GROUP
                0x00000000                CY_APPL_ORIGIN = 0x0
                0x00000080                CY_FLASH_ROW_SIZE = 0x80
                0x00000001                CY_APPL_NUM = 0x1
                0x00000001                CY_APPL_MAX = 0x1
                0x00000040                CY_METADATA_SIZE = 0x40
                0x00000000                CY_APPL_LOADABLE = 0x0
                0x00000000                CY_CHECKSUM_EXCLUDE_SIZE = ALIGN (0x0, CY_FLASH_ROW_SIZE)
                0x00000000                CY_APP_FOR_STACK_AND_COPIER = 0x0
                0x20000160                PROVIDE (__cy_heap_start, _end)
                0x00000001                PROVIDE (__cy_region_num, ((__cy_regions_end - __cy_regions) / 0x10))
                0x20001000                PROVIDE (__cy_stack, (ORIGIN (ram) + 0x1000))
                0x20000c00                PROVIDE (__cy_heap_end, (__cy_stack - 0x400))

.cybootloader   0x00000000        0x0
 *(.cybootloader)
                0x00000000                appl1_start = CY_APPL_ORIGIN?CY_APPL_ORIGIN:ALIGN (CY_FLASH_ROW_SIZE)
                0x00003f80                appl2_start = (appl1_start + ALIGN ((((0x8000 - appl1_start) - (0x2 * CY_FLASH_ROW_SIZE)) / 0x2), CY_FLASH_ROW_SIZE))
                0x00000000                appl_start = (CY_APPL_NUM == 0x1)?appl1_start:appl2_start
                0x00000001                cy_project_type_bootloader = (appl_start == 0x0)?0x1:0x0
                0x00000000                cy_project_type_app_for_stack_and_copier = (CY_APP_FOR_STACK_AND_COPIER == 0x1)?0x1:0x0

.text           0x00000000      0xe9e
 CREATE_OBJECT_SYMBOLS
                0x00000000                PROVIDE (__cy_interrupt_vector, RomVectors)
 *(.romvectors)
 .romvectors    0x00000000       0x10 .\CortexM0\ARM_GCC_493\Debug\Cm0Start.o
                0x00000000                RomVectors
                0x00000001                ASSERT ((. != __cy_interrupt_vector), No interrupt vector)
                0x00000001                ASSERT (CY_APPL_ORIGIN?(SIZEOF (.cybootloader) <= CY_APPL_ORIGIN):0x1, Wrong image location)
                0x00000010                PROVIDE (__cy_reset, Reset)
 *(.text.Reset)
 .text.Reset    0x00000010        0x8 .\CortexM0\ARM_GCC_493\Debug\Cm0Start.o
                0x00000010                Reset
                0x00000001                ASSERT ((. != __cy_reset), No reset code)
 *(.psocinit)
 .psocinit      0x00000018      0x184 .\CortexM0\ARM_GCC_493\Debug\Password.a(cyfitter_cfg.o)
                0x00000074                cyfitter_cfg
                0x0000019c                . = MAX (., 0x100)
 *(.text .text.* .gnu.linkonce.t.*)
 .text          0x0000019c       0x60 c:/program files (x86)/cypress/psoc creator/3.3/psoc creator/import/gnu/arm/4.9.3/bin/../lib/gcc/arm-none-eabi/4.9.3/armv6-m/crtbegin.o
 .text.input_pin
                0x000001fc       0x20 .\CortexM0\ARM_GCC_493\Debug\main.o
                0x000001fc                input_pin
 .text.discard  0x0000021c       0x2c .\CortexM0\ARM_GCC_493\Debug\main.o
                0x0000021c                discard
 .text.accept   0x00000248       0x98 .\CortexM0\ARM_GCC_493\Debug\main.o
                0x00000248                accept
 .text.alarm    0x000002e0       0x80 .\CortexM0\ARM_GCC_493\Debug\main.o
                0x000002e0                alarm
 .text.main     0x00000360       0xc0 .\CortexM0\ARM_GCC_493\Debug\main.o
                0x00000360                main
 .text.Keyboard_Init
                0x00000420       0x14 .\CortexM0\ARM_GCC_493\Debug\Keyboard.o
                0x00000420                Keyboard_Init
 .text.Put_KBD_Char
                0x00000434       0x2c .\CortexM0\ARM_GCC_493\Debug\Keyboard.o
                0x00000434                Put_KBD_Char
 .text.KBD_Char_Ready
                0x00000460       0x14 .\CortexM0\ARM_GCC_493\Debug\Keyboard.o
                0x00000460                KBD_Char_Ready
 .text.Get_KBD_Char
                0x00000474       0x2c .\CortexM0\ARM_GCC_493\Debug\Keyboard.o
                0x00000474                Get_KBD_Char
 .text.LowestBitPosition
                0x000004a0       0x1c .\CortexM0\ARM_GCC_493\Debug\Keyboard.o
                0x000004a0                LowestBitPosition
 .text.ReadMatrix
                0x000004bc       0x54 .\CortexM0\ARM_GCC_493\Debug\Keyboard.o
                0x000004bc                ReadMatrix
 .text.Key_Debounce
                0x00000510       0xac .\CortexM0\ARM_GCC_493\Debug\Keyboard.o
                0x00000510                Key_Debounce
 .text.IntDefaultHandler
                0x000005bc        0x4 .\CortexM0\ARM_GCC_493\Debug\Cm0Start.o
                0x000005bc                IntDefaultHandler
 .text.Start_c  0x000005c0       0x48 .\CortexM0\ARM_GCC_493\Debug\Cm0Start.o
                0x000005c0                Start_c
 .text.initialize_psoc
                0x00000608       0x48 .\CortexM0\ARM_GCC_493\Debug\Cm0Start.o
                0x00000608                initialize_psoc
 .text.cfg_write_bytes32
                0x00000650       0x34 .\CortexM0\ARM_GCC_493\Debug\Password.a(cyfitter_cfg.o)
 .text.CYMEMZERO
                0x00000684        0xc .\CortexM0\ARM_GCC_493\Debug\Password.a(cyfitter_cfg.o)
 .text.LCD_WrCntrlNib
                0x00000690       0x34 .\CortexM0\ARM_GCC_493\Debug\Password.a(LCD.o)
 .text.LCD_WrDatNib
                0x000006c4       0x44 .\CortexM0\ARM_GCC_493\Debug\Password.a(LCD.o)
 .text.LCD_IsReady
                0x00000708       0xb4 .\CortexM0\ARM_GCC_493\Debug\Password.a(LCD.o)
                0x00000708                LCD_IsReady
 .text.LCD_WriteData
                0x000007bc       0x18 .\CortexM0\ARM_GCC_493\Debug\Password.a(LCD.o)
                0x000007bc                LCD_WriteData
 .text.LCD_PrintString
                0x000007d4       0x1c .\CortexM0\ARM_GCC_493\Debug\Password.a(LCD.o)
                0x000007d4                LCD_PrintString
 .text.LCD_PutChar
                0x000007f0        0x8 .\CortexM0\ARM_GCC_493\Debug\Password.a(LCD.o)
                0x000007f0                LCD_PutChar
 .text.LCD_WriteControl
                0x000007f8       0x18 .\CortexM0\ARM_GCC_493\Debug\Password.a(LCD.o)
                0x000007f8                LCD_WriteControl
 .text.LCD_Init
                0x00000810       0x6c .\CortexM0\ARM_GCC_493\Debug\Password.a(LCD.o)
                0x00000810                LCD_Init
 .text.LCD_Enable
                0x0000087c       0x14 .\CortexM0\ARM_GCC_493\Debug\Password.a(LCD.o)
                0x0000087c                LCD_Enable
 .text.LCD_Start
                0x00000890       0x20 .\CortexM0\ARM_GCC_493\Debug\Password.a(LCD.o)
                0x00000890                LCD_Start
 .text.LCD_Position
                0x000008b0       0x3c .\CortexM0\ARM_GCC_493\Debug\Password.a(LCD.o)
                0x000008b0                LCD_Position
 .text.KBD_ROWPins_Write
                0x000008ec       0x18 .\CortexM0\ARM_GCC_493\Debug\Password.a(KBD_ROWPins.o)
                0x000008ec                KBD_ROWPins_Write
 .text.KBD_ROWPins_Read
                0x00000904       0x10 .\CortexM0\ARM_GCC_493\Debug\Password.a(KBD_ROWPins.o)
                0x00000904                KBD_ROWPins_Read
 .text.Debounce_Timer_Enable
                0x00000914       0x10 .\CortexM0\ARM_GCC_493\Debug\Password.a(Debounce_Timer.o)
                0x00000914                Debounce_Timer_Enable
 .text.Debounce_Timer_SetInterruptMode
                0x00000924        0xc .\CortexM0\ARM_GCC_493\Debug\Password.a(Debounce_Timer.o)
                0x00000924                Debounce_Timer_SetInterruptMode
 .text.Debounce_Timer_ReadStatusRegister
                0x00000930        0xc .\CortexM0\ARM_GCC_493\Debug\Password.a(Debounce_Timer.o)
                0x00000930                Debounce_Timer_ReadStatusRegister
 .text.Debounce_Timer_WritePeriod
                0x0000093c       0x10 .\CortexM0\ARM_GCC_493\Debug\Password.a(Debounce_Timer.o)
                0x0000093c                Debounce_Timer_WritePeriod
 .text.Debounce_Timer_ReadCapture
                0x0000094c       0x10 .\CortexM0\ARM_GCC_493\Debug\Password.a(Debounce_Timer.o)
                0x0000094c                Debounce_Timer_ReadCapture
 .text.Debounce_Timer_WriteCounter
                0x0000095c       0x10 .\CortexM0\ARM_GCC_493\Debug\Password.a(Debounce_Timer.o)
                0x0000095c                Debounce_Timer_WriteCounter
 .text.Debounce_Timer_ClearFIFO
                0x0000096c       0x14 .\CortexM0\ARM_GCC_493\Debug\Password.a(Debounce_Timer.o)
                0x0000096c                Debounce_Timer_ClearFIFO
 .text.Debounce_Timer_Init
                0x00000980       0x38 .\CortexM0\ARM_GCC_493\Debug\Password.a(Debounce_Timer.o)
                0x00000980                Debounce_Timer_Init
 .text.Debounce_Timer_Start
                0x000009b8       0x20 .\CortexM0\ARM_GCC_493\Debug\Password.a(Debounce_Timer.o)
                0x000009b8                Debounce_Timer_Start
 .text.Debounce_Int_SetVector
                0x000009d8        0xc .\CortexM0\ARM_GCC_493\Debug\Password.a(Debounce_Int.o)
                0x000009d8                Debounce_Int_SetVector
 .text.Debounce_Int_SetPriority
                0x000009e4       0x20 .\CortexM0\ARM_GCC_493\Debug\Password.a(Debounce_Int.o)
                0x000009e4                Debounce_Int_SetPriority
 .text.Debounce_Int_Enable
                0x00000a04        0xc .\CortexM0\ARM_GCC_493\Debug\Password.a(Debounce_Int.o)
                0x00000a04                Debounce_Int_Enable
 .text.Debounce_Int_Disable
                0x00000a10        0xc .\CortexM0\ARM_GCC_493\Debug\Password.a(Debounce_Int.o)
                0x00000a10                Debounce_Int_Disable
 .text.Debounce_Int_StartEx
                0x00000a1c       0x1c .\CortexM0\ARM_GCC_493\Debug\Password.a(Debounce_Int.o)
                0x00000a1c                Debounce_Int_StartEx
 .text.KBD_COLPins_Write
                0x00000a38       0x18 .\CortexM0\ARM_GCC_493\Debug\Password.a(KBD_COLPins.o)
                0x00000a38                KBD_COLPins_Write
 .text.KBD_COLPins_Read
                0x00000a50       0x10 .\CortexM0\ARM_GCC_493\Debug\Password.a(KBD_COLPins.o)
                0x00000a50                KBD_COLPins_Read
 .text          0x00000a60       0x28 .\CortexM0\ARM_GCC_493\Debug\Password.a(CyBootAsmGnu.o)
                0x00000a60                CyDelayCycles
                0x00000a74                CyEnterCriticalSection
                0x00000a7c                CyExitCriticalSection
 .text.CyIntEnable
                0x00000a88       0x14 .\CortexM0\ARM_GCC_493\Debug\Password.a(CyLib.o)
                0x00000a88                CyIntEnable
 .text.CyHalt   0x00000a9c        0x4 .\CortexM0\ARM_GCC_493\Debug\Password.a(CyLib.o)
                0x00000a9c                CyHalt
 .text.CyIntSetVector
                0x00000aa0       0x24 .\CortexM0\ARM_GCC_493\Debug\Password.a(CyLib.o)
                0x00000aa0                CyIntSetVector
 .text.CyDelay  0x00000ac4       0x30 .\CortexM0\ARM_GCC_493\Debug\Password.a(CyLib.o)
                0x00000ac4                CyDelay
 .text.CyDelayUs
                0x00000af4       0x14 .\CortexM0\ARM_GCC_493\Debug\Password.a(CyLib.o)
                0x00000af4                CyDelayUs
 .text.CySysClkWriteImoFreq
                0x00000b08      0x164 .\CortexM0\ARM_GCC_493\Debug\Password.a(CyLib.o)
                0x00000b08                CySysClkWriteImoFreq
 .text.CySetReg24
                0x00000c6c       0x14 .\CortexM0\ARM_GCC_493\Debug\Password.a(cyutils.o)
                0x00000c6c                CySetReg24
 .text.CyGetReg24
                0x00000c80       0x10 .\CortexM0\ARM_GCC_493\Debug\Password.a(cyutils.o)
                0x00000c80                CyGetReg24
 .text.CySysWdtLocked
                0x00000c90       0x14 .\CortexM0\ARM_GCC_493\Debug\Password.a(CyLFClk.o)
 .text.CySysWdtLock
                0x00000ca4       0x1c .\CortexM0\ARM_GCC_493\Debug\Password.a(CyLFClk.o)
                0x00000ca4                CySysWdtLock
 .text.CySysWdtUnlock
                0x00000cc0       0x30 .\CortexM0\ARM_GCC_493\Debug\Password.a(CyLFClk.o)
                0x00000cc0                CySysWdtUnlock
 .text.CySysWdtClearInterrupt
                0x00000cf0       0x4c .\CortexM0\ARM_GCC_493\Debug\Password.a(CyLFClk.o)
                0x00000cf0                CySysWdtClearInterrupt
 .text.CySysWdtIsr
                0x00000d3c       0xa4 .\CortexM0\ARM_GCC_493\Debug\Password.a(CyLFClk.o)
                0x00000d3c                CySysWdtIsr
 .text.PIR_4_Read
                0x00000de0       0x10 .\CortexM0\ARM_GCC_493\Debug\Password.a(PIR_4.o)
                0x00000de0                PIR_4_Read
 .text.LED_RED_Write
                0x00000df0       0x18 .\CortexM0\ARM_GCC_493\Debug\Password.a(LED_RED.o)
                0x00000df0                LED_RED_Write
 .text.LED_GREEN_Write
                0x00000e08       0x18 .\CortexM0\ARM_GCC_493\Debug\Password.a(LED_GREEN.o)
                0x00000e08                LED_GREEN_Write
 .text.__libc_init_array
                0x00000e20       0x4c c:/program files (x86)/cypress/psoc creator/3.3/psoc creator/import/gnu/arm/4.9.3/bin/../lib/gcc/arm-none-eabi/4.9.3/../../../../arm-none-eabi/lib/armv6-m\libg_nano.a(lib_a-init.o)
                0x00000e20                __libc_init_array
 .text.memset   0x00000e6c       0x10 c:/program files (x86)/cypress/psoc creator/3.3/psoc creator/import/gnu/arm/4.9.3/bin/../lib/gcc/arm-none-eabi/4.9.3/../../../../arm-none-eabi/lib/armv6-m\libg_nano.a(lib_a-memset.o)
                0x00000e6c                memset
 .text          0x00000e7c       0x14 c:/program files (x86)/cypress/psoc creator/3.3/psoc creator/import/gnu/arm/4.9.3/bin/../lib/gcc/arm-none-eabi/4.9.3/../../../../arm-none-eabi/lib/armv6-m\libg_nano.a(lib_a-strcmp.o)
                0x00000e7c                strcmp
 .text.strlen   0x00000e90        0xe c:/program files (x86)/cypress/psoc creator/3.3/psoc creator/import/gnu/arm/4.9.3/bin/../lib/gcc/arm-none-eabi/4.9.3/../../../../arm-none-eabi/lib/armv6-m\libg_nano.a(lib_a-strlen.o)
                0x00000e90                strlen
 *(.plt)
 *(.gnu.warning)
 *(.glue_7t)
 .glue_7t       0x00000000        0x0 linker stubs
 *(.glue_7)
 .glue_7        0x00000000        0x0 linker stubs
 *(.vfp11_veneer)
 .vfp11_veneer  0x00000000        0x0 linker stubs
 *(.bootloader)
 *(.ARM.extab* .gnu.linkonce.armextab.*)
 *(.gcc_except_table)

.v4_bx          0x00000ea0        0x0
 .v4_bx         0x00000000        0x0 linker stubs

.iplt           0x00000ea0        0x0
 .iplt          0x00000000        0x0 c:/program files (x86)/cypress/psoc creator/3.3/psoc creator/import/gnu/arm/4.9.3/bin/../lib/gcc/arm-none-eabi/4.9.3/armv6-m/crtbegin.o

.eh_frame_hdr
 *(.eh_frame_hdr)

.eh_frame       0x00000ea0       0x2c
 *(.eh_frame)
 .eh_frame      0x00000ea0        0x0 c:/program files (x86)/cypress/psoc creator/3.3/psoc creator/import/gnu/arm/4.9.3/bin/../lib/gcc/arm-none-eabi/4.9.3/armv6-m/crtbegin.o
 .eh_frame      0x00000ea0       0x28 c:/program files (x86)/cypress/psoc creator/3.3/psoc creator/import/gnu/arm/4.9.3/bin/../lib/gcc/arm-none-eabi/4.9.3/../../../../arm-none-eabi/lib/armv6-m\libg_nano.a(lib_a-strcmp.o)
 .eh_frame      0x00000ec8        0x4 c:/program files (x86)/cypress/psoc creator/3.3/psoc creator/import/gnu/arm/4.9.3/bin/../lib/gcc/arm-none-eabi/4.9.3/armv6-m/crtend.o
                0x00000ecc                PROVIDE (__exidx_start, .)

.ARM.exidx
 *(.ARM.exidx* .gnu.linkonce.armexidx.*)
                0x00000ecc                __exidx_end = .

.rodata         0x00000ecc      0x224
 *(.rodata .rodata.* .gnu.linkonce.r.*)
 .rodata        0x00000ecc       0x5c .\CortexM0\ARM_GCC_493\Debug\main.o
 .rodata.str1.4
                0x00000f28       0x4c .\CortexM0\ARM_GCC_493\Debug\main.o
 .rodata        0x00000f74       0x10 .\CortexM0\ARM_GCC_493\Debug\Keyboard.o
                0x00000f74                TranslateTable
 .rodata        0x00000f84      0x104 .\CortexM0\ARM_GCC_493\Debug\Password.a(cyfitter_cfg.o)
 .rodata        0x00001088       0x30 .\CortexM0\ARM_GCC_493\Debug\Password.a(CyLib.o)
                0x00001088                cyImoFreqMhz2Reg
                0x000010b8                . = ALIGN (0x4)
 *(.init)
 .init          0x000010b8        0x4 c:/program files (x86)/cypress/psoc creator/3.3/psoc creator/import/gnu/arm/4.9.3/bin/../lib/gcc/arm-none-eabi/4.9.3/armv6-m/crti.o
                0x000010b8                _init
 .init          0x000010bc        0x8 c:/program files (x86)/cypress/psoc creator/3.3/psoc creator/import/gnu/arm/4.9.3/bin/../lib/gcc/arm-none-eabi/4.9.3/armv6-m/crtn.o
                0x000010c4                . = ALIGN (0x4)
                0x000010c4                __preinit_array_start = .
 *(.preinit_array)
                0x000010c4                __preinit_array_end = .
                0x000010c4                . = ALIGN (0x4)
                0x000010c4                __init_array_start = .
 *(SORT(.init_array.*))
 *(.init_array)
 .init_array    0x000010c4        0x4 c:/program files (x86)/cypress/psoc creator/3.3/psoc creator/import/gnu/arm/4.9.3/bin/../lib/gcc/arm-none-eabi/4.9.3/armv6-m/crtbegin.o
 .init_array    0x000010c8        0x4 .\CortexM0\ARM_GCC_493\Debug\Cm0Start.o
                0x000010cc                __init_array_end = .
                0x000010cc                . = ALIGN (0x4)
 *(.fini)
 .fini          0x000010cc        0x4 c:/program files (x86)/cypress/psoc creator/3.3/psoc creator/import/gnu/arm/4.9.3/bin/../lib/gcc/arm-none-eabi/4.9.3/armv6-m/crti.o
                0x000010cc                _fini
 .fini          0x000010d0        0x8 c:/program files (x86)/cypress/psoc creator/3.3/psoc creator/import/gnu/arm/4.9.3/bin/../lib/gcc/arm-none-eabi/4.9.3/armv6-m/crtn.o
                0x000010d8                . = ALIGN (0x4)
                0x000010d8                __fini_array_start = .
 *(.fini_array)
 .fini_array    0x000010d8        0x4 c:/program files (x86)/cypress/psoc creator/3.3/psoc creator/import/gnu/arm/4.9.3/bin/../lib/gcc/arm-none-eabi/4.9.3/armv6-m/crtbegin.o
 *(SORT(.fini_array.*))
                0x000010dc                __fini_array_end = .
                0x000010dc                . = ALIGN (0x4)
 *crtbegin.o(.ctors)
 *(EXCLUDE_FILE(*crtend.o) .ctors)
 *(SORT(.ctors.*))
 *crtend.o(.ctors)
                0x000010dc                . = ALIGN (0x4)
 *crtbegin.o(.dtors)
 *(EXCLUDE_FILE(*crtend.o) .dtors)
 *(SORT(.dtors.*))
 *crtend.o(.dtors)
                0x000010dc                . = ALIGN (0x4)
                0x000010dc                __cy_regions = .
                0x000010dc        0x4 LONG 0x10f0 __cy_region_init_ram
                0x000010e0        0x4 LONG 0x200000c8 __cy_region_start_data
                0x000010e4        0x4 LONG 0x28 __cy_region_init_size_ram
                0x000010e8        0x4 LONG 0x70 __cy_region_zero_size_ram
                0x000010ec                __cy_regions_end = .
                0x000010f0                . = ALIGN (0x8)
 *fill*         0x000010ec        0x4 
                0x000010f0                _etext = .

.cy_checksum_exclude
                0x000010f0        0x0
 *(.cy_checksum_exclude)

.ramvectors     0x20000000       0xc0
                0x20000000                __cy_region_start_ram = .
 *(.ramvectors)
 .ramvectors    0x20000000       0xc0 .\CortexM0\ARM_GCC_493\Debug\Cm0Start.o
                0x20000000                CyRamVectors

.noinit         0x200000c0        0x4
 *(.noinit)
 .noinit        0x200000c0        0x4 .\CortexM0\ARM_GCC_493\Debug\Cm0Start.o

.data           0x200000c8       0x28 load address 0x000010f0
                0x200000c8                __cy_region_start_data = .
 *(.jcr)
 .jcr           0x200000c8        0x0 c:/program files (x86)/cypress/psoc creator/3.3/psoc creator/import/gnu/arm/4.9.3/bin/../lib/gcc/arm-none-eabi/4.9.3/armv6-m/crtbegin.o
 .jcr           0x200000c8        0x4 c:/program files (x86)/cypress/psoc creator/3.3/psoc creator/import/gnu/arm/4.9.3/bin/../lib/gcc/arm-none-eabi/4.9.3/armv6-m/crtend.o
 *(.got.plt)
 *(.got)
 *(.shdata)
 *(.data .data.* .gnu.linkonce.d.*)
 .data          0x200000cc        0xc .\CortexM0\ARM_GCC_493\Debug\main.o
                0x200000cc                security_active
                0x200000d0                check
                0x200000d4                motion
 .data          0x200000d8       0x10 .\CortexM0\ARM_GCC_493\Debug\Password.a(CyLib.o)
                0x200000d8                cydelay32kMs
                0x200000dc                cydelayFreqKhz
                0x200000e0                cydelayFreqMhz
                0x200000e4                cydelayFreqHz
 .data          0x200000e8        0x4 .\CortexM0\ARM_GCC_493\Debug\Password.a(CyLFClk.o)
                0x200000f0                . = ALIGN (0x8)
 *fill*         0x200000ec        0x4 
 *(.ram)
                0x200000f0                _edata = .

.igot.plt       0x200000f0        0x0 load address 0x00001118
 .igot.plt      0x00000000        0x0 c:/program files (x86)/cypress/psoc creator/3.3/psoc creator/import/gnu/arm/4.9.3/bin/../lib/gcc/arm-none-eabi/4.9.3/armv6-m/crtbegin.o

.bss            0x200000f0       0x70 load address 0x00001118
                0x200000f0                PROVIDE (__bss_start__, .)
 *(.shbss)
 *(.bss .bss.* .gnu.linkonce.b.*)
 .bss           0x200000f0       0x1c c:/program files (x86)/cypress/psoc creator/3.3/psoc creator/import/gnu/arm/4.9.3/bin/../lib/gcc/arm-none-eabi/4.9.3/armv6-m/crtbegin.o
 .bss           0x2000010c        0x2 .\CortexM0\ARM_GCC_493\Debug\main.o
                0x2000010c                i
                0x2000010d                password
 *fill*         0x2000010e        0x2 
 .bss           0x20000110       0x14 .\CortexM0\ARM_GCC_493\Debug\Keyboard.o
                0x20000110                KBD_WriteIndex
                0x20000111                KBD_ReadIndex
                0x2000011e                Debounced_Key
 .bss           0x20000124        0x2 .\CortexM0\ARM_GCC_493\Debug\Password.a(LCD.o)
                0x20000124                LCD_enableState
                0x20000125                LCD_initVar
 .bss           0x20000126        0x1 .\CortexM0\ARM_GCC_493\Debug\Password.a(Debounce_Timer.o)
                0x20000126                Debounce_Timer_initVar
 *fill*         0x20000127        0x1 
 .bss           0x20000128       0x1c .\CortexM0\ARM_GCC_493\Debug\Password.a(CyLFClk.o)
 *(COMMON)
 COMMON         0x20000144        0x9 .\CortexM0\ARM_GCC_493\Debug\main.o
                0x20000144                Key
                0x20000148                pin
 *fill*         0x2000014d        0x3 
 COMMON         0x20000150        0xa .\CortexM0\ARM_GCC_493\Debug\Keyboard.o
                0x20000150                KBD_Buffer
                0x20000160                . = ALIGN (0x8)
 *fill*         0x2000015a        0x6 
 *(.ram.b)
                0x20000160                _end = .
                0x20000160                __end = .
                0x20000160                PROVIDE (end, .)
                0x20000160                PROVIDE (__bss_end__, .)
                0x000010f0                __cy_region_init_ram = LOADADDR (.data)
                0x00000028                __cy_region_init_size_ram = (_edata - ADDR (.data))
                0x00000070                __cy_region_zero_size_ram = (_end - _edata)

.heap           0x20000160       0x80 load address 0x00001118
                0x20000160                . = _end
                0x200001e0                . = (. + 0x80)
 *fill*         0x20000160       0x80 
                0x200001e0                __cy_heap_limit = .

.stack          0x20000c00      0x400
                0x20000c00                __cy_stack_limit = .
                0x20001000                . = (. + 0x400)
 *fill*         0x20000c00      0x400 
                0x00000001                ASSERT ((__cy_stack_limit >= __cy_heap_limit), region RAM overflowed with stack)
                0x00000000                cy_checksum_exclude_size = (CY_APPL_LOADABLE == 0x1)?SIZEOF (.cy_checksum_exclude):0x0
                0x00000001                ASSERT ((cy_checksum_exclude_size <= CY_CHECKSUM_EXCLUDE_SIZE), CY_BOOT: Section .cy_checksum_exclude size exceedes specified limit.)
                0x00007fc0                cyloadermeta_start = (cy_project_type_bootloader || cy_project_type_app_for_stack_and_copier)?(0x8000 - CY_METADATA_SIZE):0xf0000000

.cyloadermeta
 *(.cyloadermeta)
                0x00007fc0                cyloadablemeta_start = cy_project_type_app_for_stack_and_copier?((0x8000 - CY_FLASH_ROW_SIZE) - CY_METADATA_SIZE):((0x8000 - (CY_FLASH_ROW_SIZE * (CY_APPL_NUM - 0x1))) - CY_METADATA_SIZE)

.cyloadablemeta
 *(.cyloadablemeta)

.cyflashprotect
                0x90400000       0x20
 *(.cyflashprotect)
 .cyflashprotect
                0x90400000       0x20 .\CortexM0\ARM_GCC_493\Debug\cymetadata.o
                0x90400000                cy_meta_flashprotect

.cymeta         0x90500000        0xc
 *(.cymeta)
 .cymeta        0x90500000        0xc .\CortexM0\ARM_GCC_493\Debug\cymetadata.o
                0x90500000                cy_metadata

.cychipprotect  0x90600000        0x4
 *(.cychipprotect)
 .cychipprotect
                0x90600000        0x4 .\CortexM0\ARM_GCC_493\Debug\cymetadata.o
                0x90600000                cy_meta_chipprotect

.rel.dyn        0x00001118        0x0 load address 0x90600004
 .rel.iplt      0x00000000        0x0 c:/program files (x86)/cypress/psoc creator/3.3/psoc creator/import/gnu/arm/4.9.3/bin/../lib/gcc/arm-none-eabi/4.9.3/armv6-m/crtbegin.o

.stab
 *(.stab)

.stabstr
 *(.stabstr)

.debug
 *(.debug)

.line
 *(.line)

.debug_srcinfo
 *(.debug_srcinfo)

.debug_sfnames
 *(.debug_sfnames)

.debug_aranges  0x00000000      0x718
 *(.debug_aranges)
 .debug_aranges
                0x00000000       0x40 .\CortexM0\ARM_GCC_493\Debug\main.o
 .debug_aranges
                0x00000040       0x50 .\CortexM0\ARM_GCC_493\Debug\Keyboard.o
 .debug_aranges
                0x00000090       0x18 .\CortexM0\ARM_GCC_493\Debug\cymetadata.o
 .debug_aranges
                0x000000a8       0x48 .\CortexM0\ARM_GCC_493\Debug\Cm0Start.o
 .debug_aranges
                0x000000f0       0x38 .\CortexM0\ARM_GCC_493\Debug\Password.a(cyfitter_cfg.o)
 .debug_aranges
                0x00000128       0x98 .\CortexM0\ARM_GCC_493\Debug\Password.a(LCD.o)
 .debug_aranges
                0x000001c0       0x48 .\CortexM0\ARM_GCC_493\Debug\Password.a(KBD_ROWPins.o)
 .debug_aranges
                0x00000208       0x90 .\CortexM0\ARM_GCC_493\Debug\Password.a(Debounce_Timer.o)
 .debug_aranges
                0x00000298       0x80 .\CortexM0\ARM_GCC_493\Debug\Password.a(Debounce_Int.o)
 .debug_aranges
                0x00000318       0x48 .\CortexM0\ARM_GCC_493\Debug\Password.a(KBD_COLPins.o)
 .debug_aranges
                0x00000360       0x20 .\CortexM0\ARM_GCC_493\Debug\Password.a(CyBootAsmGnu.o)
 .debug_aranges
                0x00000380      0x178 .\CortexM0\ARM_GCC_493\Debug\Password.a(CyLib.o)
 .debug_aranges
                0x000004f8       0x28 .\CortexM0\ARM_GCC_493\Debug\Password.a(cyutils.o)
 .debug_aranges
                0x00000520      0x120 .\CortexM0\ARM_GCC_493\Debug\Password.a(CyLFClk.o)
 .debug_aranges
                0x00000640       0x48 .\CortexM0\ARM_GCC_493\Debug\Password.a(PIR_4.o)
 .debug_aranges
                0x00000688       0x48 .\CortexM0\ARM_GCC_493\Debug\Password.a(LED_RED.o)
 .debug_aranges
                0x000006d0       0x48 .\CortexM0\ARM_GCC_493\Debug\Password.a(LED_GREEN.o)

.debug_pubnames
 *(.debug_pubnames)

.debug_info     0x00000000     0x417a
 *(.debug_info .gnu.linkonce.wi.*)
 .debug_info    0x00000000      0x6ad .\CortexM0\ARM_GCC_493\Debug\main.o
 .debug_info    0x000006ad      0x3d9 .\CortexM0\ARM_GCC_493\Debug\Keyboard.o
 .debug_info    0x00000a86       0xfe .\CortexM0\ARM_GCC_493\Debug\cymetadata.o
 .debug_info    0x00000b84      0x38e .\CortexM0\ARM_GCC_493\Debug\Cm0Start.o
 .debug_info    0x00000f12      0x3bd .\CortexM0\ARM_GCC_493\Debug\Password.a(cyfitter_cfg.o)
 .debug_info    0x000012cf      0x722 .\CortexM0\ARM_GCC_493\Debug\Password.a(LCD.o)
 .debug_info    0x000019f1      0x19d .\CortexM0\ARM_GCC_493\Debug\Password.a(KBD_ROWPins.o)
 .debug_info    0x00001b8e      0x3a7 .\CortexM0\ARM_GCC_493\Debug\Password.a(Debounce_Timer.o)
 .debug_info    0x00001f35      0x300 .\CortexM0\ARM_GCC_493\Debug\Password.a(Debounce_Int.o)
 .debug_info    0x00002235      0x19d .\CortexM0\ARM_GCC_493\Debug\Password.a(KBD_COLPins.o)
 .debug_info    0x000023d2       0x92 .\CortexM0\ARM_GCC_493\Debug\Password.a(CyBootAsmGnu.o)
 .debug_info    0x00002464      0xad1 .\CortexM0\ARM_GCC_493\Debug\Password.a(CyLib.o)
 .debug_info    0x00002f35      0x14b .\CortexM0\ARM_GCC_493\Debug\Password.a(cyutils.o)
 .debug_info    0x00003080      0xc23 .\CortexM0\ARM_GCC_493\Debug\Password.a(CyLFClk.o)
 .debug_info    0x00003ca3      0x19d .\CortexM0\ARM_GCC_493\Debug\Password.a(PIR_4.o)
 .debug_info    0x00003e40      0x19d .\CortexM0\ARM_GCC_493\Debug\Password.a(LED_RED.o)
 .debug_info    0x00003fdd      0x19d .\CortexM0\ARM_GCC_493\Debug\Password.a(LED_GREEN.o)

.debug_abbrev   0x00000000     0x14c6
 *(.debug_abbrev)
 .debug_abbrev  0x00000000      0x17f .\CortexM0\ARM_GCC_493\Debug\main.o
 .debug_abbrev  0x0000017f      0x16a .\CortexM0\ARM_GCC_493\Debug\Keyboard.o
 .debug_abbrev  0x000002e9       0x5d .\CortexM0\ARM_GCC_493\Debug\cymetadata.o
 .debug_abbrev  0x00000346      0x1d5 .\CortexM0\ARM_GCC_493\Debug\Cm0Start.o
 .debug_abbrev  0x0000051b      0x1d5 .\CortexM0\ARM_GCC_493\Debug\Password.a(cyfitter_cfg.o)
 .debug_abbrev  0x000006f0      0x18b .\CortexM0\ARM_GCC_493\Debug\Password.a(LCD.o)
 .debug_abbrev  0x0000087b       0xc8 .\CortexM0\ARM_GCC_493\Debug\Password.a(KBD_ROWPins.o)
 .debug_abbrev  0x00000943      0x1a8 .\CortexM0\ARM_GCC_493\Debug\Password.a(Debounce_Timer.o)
 .debug_abbrev  0x00000aeb      0x1b4 .\CortexM0\ARM_GCC_493\Debug\Password.a(Debounce_Int.o)
 .debug_abbrev  0x00000c9f       0xc8 .\CortexM0\ARM_GCC_493\Debug\Password.a(KBD_COLPins.o)
 .debug_abbrev  0x00000d67       0x14 .\CortexM0\ARM_GCC_493\Debug\Password.a(CyBootAsmGnu.o)
 .debug_abbrev  0x00000d7b      0x20d .\CortexM0\ARM_GCC_493\Debug\Password.a(CyLib.o)
 .debug_abbrev  0x00000f88       0xc0 .\CortexM0\ARM_GCC_493\Debug\Password.a(cyutils.o)
 .debug_abbrev  0x00001048      0x226 .\CortexM0\ARM_GCC_493\Debug\Password.a(CyLFClk.o)
 .debug_abbrev  0x0000126e       0xc8 .\CortexM0\ARM_GCC_493\Debug\Password.a(PIR_4.o)
 .debug_abbrev  0x00001336       0xc8 .\CortexM0\ARM_GCC_493\Debug\Password.a(LED_RED.o)
 .debug_abbrev  0x000013fe       0xc8 .\CortexM0\ARM_GCC_493\Debug\Password.a(LED_GREEN.o)

.debug_line     0x00000000     0x1978
 *(.debug_line)
 .debug_line    0x00000000      0x22b .\CortexM0\ARM_GCC_493\Debug\main.o
 .debug_line    0x0000022b      0x178 .\CortexM0\ARM_GCC_493\Debug\Keyboard.o
 .debug_line    0x000003a3       0x53 .\CortexM0\ARM_GCC_493\Debug\cymetadata.o
 .debug_line    0x000003f6      0x248 .\CortexM0\ARM_GCC_493\Debug\Cm0Start.o
 .debug_line    0x0000063e      0x166 .\CortexM0\ARM_GCC_493\Debug\Password.a(cyfitter_cfg.o)
 .debug_line    0x000007a4      0x1e8 .\CortexM0\ARM_GCC_493\Debug\Password.a(LCD.o)
 .debug_line    0x0000098c       0xc8 .\CortexM0\ARM_GCC_493\Debug\Password.a(KBD_ROWPins.o)
 .debug_line    0x00000a54      0x184 .\CortexM0\ARM_GCC_493\Debug\Password.a(Debounce_Timer.o)
 .debug_line    0x00000bd8      0x16d .\CortexM0\ARM_GCC_493\Debug\Password.a(Debounce_Int.o)
 .debug_line    0x00000d45       0xc7 .\CortexM0\ARM_GCC_493\Debug\Password.a(KBD_COLPins.o)
 .debug_line    0x00000e0c       0x69 .\CortexM0\ARM_GCC_493\Debug\Password.a(CyBootAsmGnu.o)
 .debug_line    0x00000e75      0x44b .\CortexM0\ARM_GCC_493\Debug\Password.a(CyLib.o)
 .debug_line    0x000012c0       0x77 .\CortexM0\ARM_GCC_493\Debug\Password.a(cyutils.o)
 .debug_line    0x00001337      0x3fe .\CortexM0\ARM_GCC_493\Debug\Password.a(CyLFClk.o)
 .debug_line    0x00001735       0xbf .\CortexM0\ARM_GCC_493\Debug\Password.a(PIR_4.o)
 .debug_line    0x000017f4       0xc1 .\CortexM0\ARM_GCC_493\Debug\Password.a(LED_RED.o)
 .debug_line    0x000018b5       0xc3 .\CortexM0\ARM_GCC_493\Debug\Password.a(LED_GREEN.o)

.debug_frame    0x00000000     0x115c
 *(.debug_frame)
 .debug_frame   0x00000000       0x9c .\CortexM0\ARM_GCC_493\Debug\main.o
 .debug_frame   0x0000009c       0xb8 .\CortexM0\ARM_GCC_493\Debug\Keyboard.o
 .debug_frame   0x00000154       0xb0 .\CortexM0\ARM_GCC_493\Debug\Cm0Start.o
 .debug_frame   0x00000204       0x8c .\CortexM0\ARM_GCC_493\Debug\Password.a(cyfitter_cfg.o)
 .debug_frame   0x00000290      0x1f0 .\CortexM0\ARM_GCC_493\Debug\Password.a(LCD.o)
 .debug_frame   0x00000480       0x70 .\CortexM0\ARM_GCC_493\Debug\Password.a(KBD_ROWPins.o)
 .debug_frame   0x000004f0      0x160 .\CortexM0\ARM_GCC_493\Debug\Password.a(Debounce_Timer.o)
 .debug_frame   0x00000650      0x110 .\CortexM0\ARM_GCC_493\Debug\Password.a(Debounce_Int.o)
 .debug_frame   0x00000760       0x70 .\CortexM0\ARM_GCC_493\Debug\Password.a(KBD_COLPins.o)
 .debug_frame   0x000007d0      0x3d0 .\CortexM0\ARM_GCC_493\Debug\Password.a(CyLib.o)
 .debug_frame   0x00000ba0       0x30 .\CortexM0\ARM_GCC_493\Debug\Password.a(cyutils.o)
 .debug_frame   0x00000bd0      0x368 .\CortexM0\ARM_GCC_493\Debug\Password.a(CyLFClk.o)
 .debug_frame   0x00000f38       0x70 .\CortexM0\ARM_GCC_493\Debug\Password.a(PIR_4.o)
 .debug_frame   0x00000fa8       0x70 .\CortexM0\ARM_GCC_493\Debug\Password.a(LED_RED.o)
 .debug_frame   0x00001018       0x70 .\CortexM0\ARM_GCC_493\Debug\Password.a(LED_GREEN.o)
 .debug_frame   0x00001088       0x20 c:/program files (x86)/cypress/psoc creator/3.3/psoc creator/import/gnu/arm/4.9.3/bin/../lib/gcc/arm-none-eabi/4.9.3/armv6-m\libgcc.a(_udivsi3.o)
 .debug_frame   0x000010a8       0x20 c:/program files (x86)/cypress/psoc creator/3.3/psoc creator/import/gnu/arm/4.9.3/bin/../lib/gcc/arm-none-eabi/4.9.3/../../../../arm-none-eabi/lib/armv6-m\libg_nano.a(lib_a-errno.o)
 .debug_frame   0x000010c8       0x28 c:/program files (x86)/cypress/psoc creator/3.3/psoc creator/import/gnu/arm/4.9.3/bin/../lib/gcc/arm-none-eabi/4.9.3/../../../../arm-none-eabi/lib/armv6-m\libg_nano.a(lib_a-exit.o)
 .debug_frame   0x000010f0       0x2c c:/program files (x86)/cypress/psoc creator/3.3/psoc creator/import/gnu/arm/4.9.3/bin/../lib/gcc/arm-none-eabi/4.9.3/../../../../arm-none-eabi/lib/armv6-m\libg_nano.a(lib_a-init.o)
 .debug_frame   0x0000111c       0x20 c:/program files (x86)/cypress/psoc creator/3.3/psoc creator/import/gnu/arm/4.9.3/bin/../lib/gcc/arm-none-eabi/4.9.3/../../../../arm-none-eabi/lib/armv6-m\libg_nano.a(lib_a-memset.o)
 .debug_frame   0x0000113c       0x20 c:/program files (x86)/cypress/psoc creator/3.3/psoc creator/import/gnu/arm/4.9.3/bin/../lib/gcc/arm-none-eabi/4.9.3/../../../../arm-none-eabi/lib/armv6-m\libg_nano.a(lib_a-strlen.o)

.debug_str      0x00000000     0x16ef
 *(.debug_str)
 .debug_str     0x00000000      0x23f .\CortexM0\ARM_GCC_493\Debug\main.o
                                0x278 (size before relaxing)
 .debug_str     0x0000023f      0x17c .\CortexM0\ARM_GCC_493\Debug\Keyboard.o
                                0x318 (size before relaxing)
 .debug_str     0x000003bb       0x5b .\CortexM0\ARM_GCC_493\Debug\cymetadata.o
                                0x1d0 (size before relaxing)
 .debug_str     0x00000416      0x156 .\CortexM0\ARM_GCC_493\Debug\Cm0Start.o
                                0x2f7 (size before relaxing)
 .debug_str     0x0000056c       0xf5 .\CortexM0\ARM_GCC_493\Debug\Password.a(cyfitter_cfg.o)
                                0x2c8 (size before relaxing)
 .debug_str     0x00000661      0x149 .\CortexM0\ARM_GCC_493\Debug\Password.a(LCD.o)
                                0x322 (size before relaxing)
 .debug_str     0x000007aa       0xb9 .\CortexM0\ARM_GCC_493\Debug\Password.a(KBD_ROWPins.o)
                                0x262 (size before relaxing)
 .debug_str     0x00000863      0x22b .\CortexM0\ARM_GCC_493\Debug\Password.a(Debounce_Timer.o)
                                0x3e9 (size before relaxing)
 .debug_str     0x00000a8e      0x14d .\CortexM0\ARM_GCC_493\Debug\Password.a(Debounce_Int.o)
                                0x342 (size before relaxing)
 .debug_str     0x00000bdb       0x90 .\CortexM0\ARM_GCC_493\Debug\Password.a(KBD_COLPins.o)
                                0x262 (size before relaxing)
 .debug_str     0x00000c6b      0x447 .\CortexM0\ARM_GCC_493\Debug\Password.a(CyLib.o)
                                0x68b (size before relaxing)
 .debug_str     0x000010b2       0x30 .\CortexM0\ARM_GCC_493\Debug\Password.a(cyutils.o)
                                0x1bf (size before relaxing)
 .debug_str     0x000010e2      0x471 .\CortexM0\ARM_GCC_493\Debug\Password.a(CyLFClk.o)
                                0x655 (size before relaxing)
 .debug_str     0x00001553       0x7e .\CortexM0\ARM_GCC_493\Debug\Password.a(PIR_4.o)
                                0x238 (size before relaxing)
 .debug_str     0x000015d1       0x89 .\CortexM0\ARM_GCC_493\Debug\Password.a(LED_RED.o)
                                0x246 (size before relaxing)
 .debug_str     0x0000165a       0x95 .\CortexM0\ARM_GCC_493\Debug\Password.a(LED_GREEN.o)
                                0x254 (size before relaxing)

.debug_loc      0x00000000     0x19f9
 *(.debug_loc)
 .debug_loc     0x00000000       0x9a .\CortexM0\ARM_GCC_493\Debug\main.o
 .debug_loc     0x0000009a       0xfa .\CortexM0\ARM_GCC_493\Debug\Keyboard.o
 .debug_loc     0x00000194      0x14f .\CortexM0\ARM_GCC_493\Debug\Cm0Start.o
 .debug_loc     0x000002e3      0x118 .\CortexM0\ARM_GCC_493\Debug\Password.a(cyfitter_cfg.o)
 .debug_loc     0x000003fb      0x3e3 .\CortexM0\ARM_GCC_493\Debug\Password.a(LCD.o)
 .debug_loc     0x000007de       0xa2 .\CortexM0\ARM_GCC_493\Debug\Password.a(KBD_ROWPins.o)
 .debug_loc     0x00000880       0x6b .\CortexM0\ARM_GCC_493\Debug\Password.a(Debounce_Timer.o)
 .debug_loc     0x000008eb       0x82 .\CortexM0\ARM_GCC_493\Debug\Password.a(Debounce_Int.o)
 .debug_loc     0x0000096d       0xa2 .\CortexM0\ARM_GCC_493\Debug\Password.a(KBD_COLPins.o)
 .debug_loc     0x00000a0f      0x5b5 .\CortexM0\ARM_GCC_493\Debug\Password.a(CyLib.o)
 .debug_loc     0x00000fc4       0x70 .\CortexM0\ARM_GCC_493\Debug\Password.a(cyutils.o)
 .debug_loc     0x00001034      0x7df .\CortexM0\ARM_GCC_493\Debug\Password.a(CyLFClk.o)
 .debug_loc     0x00001813       0xa2 .\CortexM0\ARM_GCC_493\Debug\Password.a(PIR_4.o)
 .debug_loc     0x000018b5       0xa2 .\CortexM0\ARM_GCC_493\Debug\Password.a(LED_RED.o)
 .debug_loc     0x00001957       0xa2 .\CortexM0\ARM_GCC_493\Debug\Password.a(LED_GREEN.o)

.debug_macinfo
 *(.debug_macinfo)

.debug_ranges   0x00000000      0x5f0
 *(.debug_ranges)
 .debug_ranges  0x00000000       0x30 .\CortexM0\ARM_GCC_493\Debug\main.o
 .debug_ranges  0x00000030       0x40 .\CortexM0\ARM_GCC_493\Debug\Keyboard.o
 .debug_ranges  0x00000070       0x38 .\CortexM0\ARM_GCC_493\Debug\Cm0Start.o
 .debug_ranges  0x000000a8       0x28 .\CortexM0\ARM_GCC_493\Debug\Password.a(cyfitter_cfg.o)
 .debug_ranges  0x000000d0       0x88 .\CortexM0\ARM_GCC_493\Debug\Password.a(LCD.o)
 .debug_ranges  0x00000158       0x38 .\CortexM0\ARM_GCC_493\Debug\Password.a(KBD_ROWPins.o)
 .debug_ranges  0x00000190       0x80 .\CortexM0\ARM_GCC_493\Debug\Password.a(Debounce_Timer.o)
 .debug_ranges  0x00000210       0x70 .\CortexM0\ARM_GCC_493\Debug\Password.a(Debounce_Int.o)
 .debug_ranges  0x00000280       0x38 .\CortexM0\ARM_GCC_493\Debug\Password.a(KBD_COLPins.o)
 .debug_ranges  0x000002b8      0x168 .\CortexM0\ARM_GCC_493\Debug\Password.a(CyLib.o)
 .debug_ranges  0x00000420       0x18 .\CortexM0\ARM_GCC_493\Debug\Password.a(cyutils.o)
 .debug_ranges  0x00000438      0x110 .\CortexM0\ARM_GCC_493\Debug\Password.a(CyLFClk.o)
 .debug_ranges  0x00000548       0x38 .\CortexM0\ARM_GCC_493\Debug\Password.a(PIR_4.o)
 .debug_ranges  0x00000580       0x38 .\CortexM0\ARM_GCC_493\Debug\Password.a(LED_RED.o)
 .debug_ranges  0x000005b8       0x38 .\CortexM0\ARM_GCC_493\Debug\Password.a(LED_GREEN.o)

.comment        0x00000000       0x70
 .comment       0x00000000       0x70 .\CortexM0\ARM_GCC_493\Debug\main.o
                                 0x71 (size before relaxing)
 .comment       0x00000000       0x71 .\CortexM0\ARM_GCC_493\Debug\Keyboard.o
 .comment       0x00000000       0x71 .\CortexM0\ARM_GCC_493\Debug\cymetadata.o
 .comment       0x00000000       0x71 .\CortexM0\ARM_GCC_493\Debug\Cm0Start.o
 .comment       0x00000000       0x71 .\CortexM0\ARM_GCC_493\Debug\Password.a(cyfitter_cfg.o)
 .comment       0x00000000       0x71 .\CortexM0\ARM_GCC_493\Debug\Password.a(LCD.o)
 .comment       0x00000000       0x71 .\CortexM0\ARM_GCC_493\Debug\Password.a(KBD_ROWPins.o)
 .comment       0x00000000       0x71 .\CortexM0\ARM_GCC_493\Debug\Password.a(Debounce_Timer.o)
 .comment       0x00000000       0x71 .\CortexM0\ARM_GCC_493\Debug\Password.a(Debounce_Int.o)
 .comment       0x00000000       0x71 .\CortexM0\ARM_GCC_493\Debug\Password.a(KBD_COLPins.o)
 .comment       0x00000000       0x71 .\CortexM0\ARM_GCC_493\Debug\Password.a(CyLib.o)
 .comment       0x00000000       0x71 .\CortexM0\ARM_GCC_493\Debug\Password.a(cyutils.o)
 .comment       0x00000000       0x71 .\CortexM0\ARM_GCC_493\Debug\Password.a(CyLFClk.o)
 .comment       0x00000000       0x71 .\CortexM0\ARM_GCC_493\Debug\Password.a(PIR_4.o)
 .comment       0x00000000       0x71 .\CortexM0\ARM_GCC_493\Debug\Password.a(LED_RED.o)
 .comment       0x00000000       0x71 .\CortexM0\ARM_GCC_493\Debug\Password.a(LED_GREEN.o)

.debug_weaknames
 *(.debug_weaknames)

.debug_funcnames
 *(.debug_funcnames)

.debug_typenames
 *(.debug_typenames)

.debug_varnames
 *(.debug_varnames)

.note.gnu.arm.ident
 *(.note.gnu.arm.ident)

.ARM.attributes
                0x00000000       0x28
 *(.ARM.attributes)
 .ARM.attributes
                0x00000000       0x1e c:/program files (x86)/cypress/psoc creator/3.3/psoc creator/import/gnu/arm/4.9.3/bin/../lib/gcc/arm-none-eabi/4.9.3/armv6-m/crti.o
 .ARM.attributes
                0x0000001e       0x2c c:/program files (x86)/cypress/psoc creator/3.3/psoc creator/import/gnu/arm/4.9.3/bin/../lib/gcc/arm-none-eabi/4.9.3/armv6-m/crtbegin.o
 .ARM.attributes
                0x0000004a       0x1b c:/program files (x86)/cypress/psoc creator/3.3/psoc creator/import/gnu/arm/4.9.3/bin/../lib/gcc/arm-none-eabi/4.9.3/../../../../arm-none-eabi/lib/armv6-m/crt0.o
 .ARM.attributes
                0x00000065       0x31 .\CortexM0\ARM_GCC_493\Debug\main.o
 .ARM.attributes
                0x00000096       0x31 .\CortexM0\ARM_GCC_493\Debug\Keyboard.o
 .ARM.attributes
                0x000000c7       0x31 .\CortexM0\ARM_GCC_493\Debug\cymetadata.o
 .ARM.attributes
                0x000000f8       0x31 .\CortexM0\ARM_GCC_493\Debug\Cm0Start.o
 .ARM.attributes
                0x00000129       0x31 .\CortexM0\ARM_GCC_493\Debug\Password.a(cyfitter_cfg.o)
 .ARM.attributes
                0x0000015a       0x31 .\CortexM0\ARM_GCC_493\Debug\Password.a(LCD.o)
 .ARM.attributes
                0x0000018b       0x31 .\CortexM0\ARM_GCC_493\Debug\Password.a(KBD_ROWPins.o)
 .ARM.attributes
                0x000001bc       0x31 .\CortexM0\ARM_GCC_493\Debug\Password.a(Debounce_Timer.o)
 .ARM.attributes
                0x000001ed       0x31 .\CortexM0\ARM_GCC_493\Debug\Password.a(Debounce_Int.o)
 .ARM.attributes
                0x0000021e       0x31 .\CortexM0\ARM_GCC_493\Debug\Password.a(KBD_COLPins.o)
 .ARM.attributes
                0x0000024f       0x21 .\CortexM0\ARM_GCC_493\Debug\Password.a(CyBootAsmGnu.o)
 .ARM.attributes
                0x00000270       0x31 .\CortexM0\ARM_GCC_493\Debug\Password.a(CyLib.o)
 .ARM.attributes
                0x000002a1       0x31 .\CortexM0\ARM_GCC_493\Debug\Password.a(cyutils.o)
 .ARM.attributes
                0x000002d2       0x31 .\CortexM0\ARM_GCC_493\Debug\Password.a(CyLFClk.o)
 .ARM.attributes
                0x00000303       0x31 .\CortexM0\ARM_GCC_493\Debug\Password.a(PIR_4.o)
 .ARM.attributes
                0x00000334       0x31 .\CortexM0\ARM_GCC_493\Debug\Password.a(LED_RED.o)
 .ARM.attributes
                0x00000365       0x31 .\CortexM0\ARM_GCC_493\Debug\Password.a(LED_GREEN.o)
 .ARM.attributes
                0x00000396       0x1e c:/program files (x86)/cypress/psoc creator/3.3/psoc creator/import/gnu/arm/4.9.3/bin/../lib/gcc/arm-none-eabi/4.9.3/armv6-m\libgcc.a(_udivsi3.o)
 .ARM.attributes
                0x000003b4       0x1e c:/program files (x86)/cypress/psoc creator/3.3/psoc creator/import/gnu/arm/4.9.3/bin/../lib/gcc/arm-none-eabi/4.9.3/armv6-m\libgcc.a(_dvmd_tls.o)
 .ARM.attributes
                0x000003d2       0x2c c:/program files (x86)/cypress/psoc creator/3.3/psoc creator/import/gnu/arm/4.9.3/bin/../lib/gcc/arm-none-eabi/4.9.3/../../../../arm-none-eabi/lib/armv6-m\libg_nano.a(lib_a-errno.o)
 .ARM.attributes
                0x000003fe       0x2c c:/program files (x86)/cypress/psoc creator/3.3/psoc creator/import/gnu/arm/4.9.3/bin/../lib/gcc/arm-none-eabi/4.9.3/../../../../arm-none-eabi/lib/armv6-m\libg_nano.a(lib_a-exit.o)
 .ARM.attributes
                0x0000042a       0x2c c:/program files (x86)/cypress/psoc creator/3.3/psoc creator/import/gnu/arm/4.9.3/bin/../lib/gcc/arm-none-eabi/4.9.3/../../../../arm-none-eabi/lib/armv6-m\libg_nano.a(lib_a-impure.o)
 .ARM.attributes
                0x00000456       0x2c c:/program files (x86)/cypress/psoc creator/3.3/psoc creator/import/gnu/arm/4.9.3/bin/../lib/gcc/arm-none-eabi/4.9.3/../../../../arm-none-eabi/lib/armv6-m\libg_nano.a(lib_a-init.o)
 .ARM.attributes
                0x00000482       0x2c c:/program files (x86)/cypress/psoc creator/3.3/psoc creator/import/gnu/arm/4.9.3/bin/../lib/gcc/arm-none-eabi/4.9.3/../../../../arm-none-eabi/lib/armv6-m\libg_nano.a(lib_a-memset.o)
 .ARM.attributes
                0x000004ae       0x1c c:/program files (x86)/cypress/psoc creator/3.3/psoc creator/import/gnu/arm/4.9.3/bin/../lib/gcc/arm-none-eabi/4.9.3/../../../../arm-none-eabi/lib/armv6-m\libg_nano.a(lib_a-strcmp.o)
 .ARM.attributes
                0x000004ca       0x2c c:/program files (x86)/cypress/psoc creator/3.3/psoc creator/import/gnu/arm/4.9.3/bin/../lib/gcc/arm-none-eabi/4.9.3/../../../../arm-none-eabi/lib/armv6-m\libg_nano.a(lib_a-strlen.o)
 .ARM.attributes
                0x000004f6       0x2c c:/program files (x86)/cypress/psoc creator/3.3/psoc creator/import/gnu/arm/4.9.3/bin/../lib/gcc/arm-none-eabi/4.9.3/armv6-m/crtend.o
 .ARM.attributes
                0x00000522       0x1e c:/program files (x86)/cypress/psoc creator/3.3/psoc creator/import/gnu/arm/4.9.3/bin/../lib/gcc/arm-none-eabi/4.9.3/armv6-m/crtn.o

/DISCARD/
 *(.note.GNU-stack)
OUTPUT(.\CortexM0\ARM_GCC_493\Debug\Password.elf elf32-littlearm)
